--------- beginning of main
11-09 15:10:37.952  3601  3841 D WifiStateMachine:  MtkL2ConnectedState { when=-3ms what=131155 arg1=68 target=com.android.internal.util.StateMachine$SmHandler } 68 0, mShouldDeferDisableWifi = false, mState = MONITORING
11-09 15:10:38.721  6364  6456 I GoLog   : Nov 09 07:10:38.720 - 665m37s DEBUG chained: persist.go:201 Saved proxy stats to /data/user/0/org.getlantern.lantern/files/.lantern/proxystats.csv
11-09 15:10:39.074   411   444 I libPerfService: 23: cpu_ctrl set freq: -1 -1 -1 -1
11-09 15:10:40.950  6364  6518 I GoLog   : Nov 09 07:10:40.950 - 665m39s DEBUG chained: overhead.go:22 App Traffic: 113 MB  Wire Traffic: 116 MB  Overhead: 2.78%
11-09 15:10:40.952 30914 30914 I ADB_SERVICES: g_pending_list length=2
11-09 15:10:40.952 30914 30914 I ADB_SERVICES: +read_data=1618731 local_socket_list_len=31
11-09 15:10:40.965  3601  3841 D WifiStateMachine:  MtkL2ConnectedState { when=-4ms what=131155 arg1=68 target=com.android.internal.util.StateMachine$SmHandler } 68 0, mShouldDeferDisableWifi = false, mState = MONITORING
11-09 15:10:41.338  6364  6456 I GoLog   : Nov 09 07:10:41.337 - 665m40s DEBUG balancer: balancer.go:594 ----------- Dialer Stats (11h5m39.976499843s) ----------- [op=client_started root_op=client_started startup_time=0.61844823]
11-09 15:10:41.339  6364  6456 I GoLog   : Nov 09 07:10:41.339 - 665m40s DEBUG balancer: balancer.go:602 fp-dosgp1-20181002-127-lampshade       at    209.97.175.221:443 (t)  P:  4  R:  0  A: 2337( 1792)  S: 1957( 1411)  CS:   2  F:  380(  381)  CF:   0  R: 0.936  L: 9473ms  B:   3.33Mbps  T:  4.1 MB/ 108 MB  P:   0(  0kb)/  0(  0kb) [op=client_started root_op=client_started startup_time=0.61844823]
11-09 15:10:41.342  6364  6456 I GoLog   : Nov 09 07:10:41.341 - 665m40s DEBUG balancer: balancer.go:626 ----------- End Dialer Stats ----------- [op=client_started root_op=client_started startup_time=0.61844823]
--------- beginning of system
11-09 15:10:43.202  3601  3806 V AlarmManager: Checking for alarms... rtc=1541747443201, elapsed=150396479
11-09 15:10:43.202  3601  3806 V AlarmManager: Triggering alarm #0: Alarm{1919e51 type 2 when 150396479 android}
11-09 15:10:43.206  3601  3806 D DataShapingService: [openLteDataUpLinkGate] isForce: false
11-09 15:10:43.207  3601  3806 D DataShapingService: Alarm manager openLteDataUpLinkGate: false
11-09 15:10:43.207  3601  3806 I DataShapingService: openLteGateSuccess = false
11-09 15:10:43.208  3601  3806 V AlarmManager: sending alarm Alarm{1919e51 type 2 when 150396479 android}
11-09 15:10:43.209  3601  3806 D AlarmManager: wakeup alarm = Alarm{1919e51 type 2 when 150396479 android}; listener package = WifiConnectivityManager Schedule Periodic Scan Timer
11-09 15:10:43.212  3601  3841 D WifiConnectivityManager: periodicScanTimerHandler
11-09 15:10:43.214  3601  3841 D WifiConnectivityManager: No full band scan due to ongoing traffic
11-09 15:10:43.216  3601  3841 D WifiConnectivityManager: schedulePeriodicScanTimer, intervalMs: 80000
11-09 15:10:43.217  3601  3846 D WifiScanningService: addSingleScanRequest: ClientInfo[uid=1000,android.os.Messenger@34ce205],Id=304,WorkSource{1010}, ScanSettings {  band:0 period:0 reportEvents:3 numBssidsPerScan:0 maxScansToCache:0 channels:[ 2412  ]  hiddenNetworks:[ "CMT-5G"  ]  } 
11-09 15:10:43.404  3150  3150 D wifi2agps: scan result, found 5 APs
11-09 15:10:43.405  3150  3150 D agps    : [WIFI2AGPS] wifi2agps_scanned
11-09 15:10:43.407  3315  3327 I [BIP]   :  [BIP NL] event newlink match dev 0, interface index 28
11-09 15:10:43.407  3315  3327 I [BIP]   :  [BIP NL] the link status of interface(index:0) changes to 1
11-09 15:10:43.408  3317  3328 D VoLTE IMSM: send CTRL_CMD_GET_SCAN (module/mdagent/volte_imsm_93/src/wireless.c:582)
11-09 15:10:43.408  3601  3834 D NetdConnector: RCV <- {600 Iface linkstate wlan0 up}
11-09 15:10:43.414  3601 14870 D WificondControl: Scan result ready event
11-09 15:10:43.420  3601  3841 D WifiStateMachine:  MtkL2ConnectedState { when=-5ms what=147461 target=com.android.internal.util.StateMachine$SmHandler } 0 0, mShouldDeferDisableWifi = false, mState = MONITORING
11-09 15:10:43.426  3601  3846 D WifiScanningService: singleScanResults: ClientInfo[uid=1000,android.os.Messenger@34ce205],Id=304,results=5
11-09 15:10:43.428  3601  3841 D WifiScanner: removing listener for single scan
11-09 15:10:43.428  3601  3846 D WifiScanningService: singleScanResults: ClientInfo[uid=1000,android.os.Messenger@34ce205],Id=1,results=5
11-09 15:10:43.431  3601  3841 D WifiConnectivityManager: AllSingleScanListener onResults: start network selection
11-09 15:10:43.433  3601  3841 D WifiNetworkSelector: Current connected network: "WIN" , ID: 5
11-09 15:10:43.434  3601  3841 D WifiNetworkSelector: Current connected network already sufficient. Skip network selection.
11-09 15:10:43.524 30914 23054 I ADB_SERVICES: post waitpid (pid=23053) status=0001
11-09 15:10:43.691 30914 23212 I ADB_SERVICES: post waitpid (pid=23211) status=0000
11-09 15:10:43.793 30914 23216 I ADB_SERVICES: post waitpid (pid=23214) status=0000
11-09 15:10:43.976  3601  3841 D WifiStateMachine:  MtkL2ConnectedState { when=-1ms what=131155 arg1=68 target=com.android.internal.util.StateMachine$SmHandler } 68 0, mShouldDeferDisableWifi = false, mState = MONITORING
11-09 15:10:44.230  3142  3142 I thermal_repeater: [recvMdThermalInfo] ret=33, strLen=127,  2, 32767, -127, 101, 32767, 3745
11-09 15:10:45.153  3922  3982 D PluginManagerMIE: new version check
11-09 15:10:46.988  3601  3841 D WifiStateMachine:  MtkL2ConnectedState { when=-3ms what=131155 arg1=68 target=com.android.internal.util.StateMachine$SmHandler } 68 0, mShouldDeferDisableWifi = false, mState = MONITORING
11-09 15:10:48.236  4620  4956 I ParallaxUI: BeautifiedGyro.mSwitchToSmoothAnimationModeRunnable.run(){
11-09 15:10:48.237  3138  3138 I Gyroscope: enable: handle:3, en:0
11-09 15:10:48.239  3138  3138 I Gyroscope: write bias: [-0.000993, 0.005045, 0.008403]
11-09 15:10:48.240  3138  3138 I Gyroscope: write temp cali: [0, 0, 0, 9925, -50445, -84033]
11-09 15:10:48.253  3601  3825 D InputReader: PERF: dispatchTouches ACTION_POINTER_DOWN:68477919, ID:0, Index:-1728739400
11-09 15:10:48.263  3601  3861 V PlayerBase: baseStart() piid=15
11-09 15:10:48.263  3601  3861 V AudioService.PlaybackActivityMonitor: playerEvent(piid=15, event=2)
11-09 15:10:48.264  3114  3274 V AudioPolicyIntefaceImpl: getOutput()
11-09 15:10:48.264  3114  3274 D APM::AudioPolicyEngine: persist.sys.headset_mode was not set, get the SDM value.
11-09 15:10:48.264  3114  3274 D APM::AudioPolicyEngine: persist.sys.headset_mode was not set, get the SDM value.
11-09 15:10:48.264  3114  3274 V AudioPolicyIntefaceImpl: getOutput()
11-09 15:10:48.265  3114  3274 D APM::AudioPolicyEngine: persist.sys.headset_mode was not set, get the SDM value.
11-09 15:10:48.265  3114  3274 D APM::AudioPolicyEngine: persist.sys.headset_mode was not set, get the SDM value.
11-09 15:10:48.266  3601  3861 D AudioTrack: setVolume(): left = 0.501187, right = 0.501187
11-09 15:10:48.266  3601  3861 D AudioTrack: start(): 0x979b0680, mState = 1
11-09 15:10:48.266  3114  3274 V AudioPolicyIntefaceImpl: startOutput()
11-09 15:10:48.266  3114  3274 D APM_AudioPolicyManager: startOutput() output 13, stream 1, session 169
11-09 15:10:48.266  3114  3274 V APM::AudioOutputDescriptor: changeRefCount() stream 1, count 1
11-09 15:10:48.266  3114  3274 D APM::AudioPolicyEngine: persist.sys.headset_mode was not set, get the SDM value.
11-09 15:10:48.269  3114  3274 I chatty  : uid=1041(audioserver) Binder:3114_2 identical 36 lines
11-09 15:10:48.269  3114  3274 D APM::AudioPolicyEngine: persist.sys.headset_mode was not set, get the SDM value.
11-09 15:10:48.269  3114  3274 D AudioPolicyManagerCustomImpl: setOutputDevice() mIoHandle 13 mId 3 device 0002(0002)(1101c7f) delayMs 0 force 0 size 2
11-09 15:10:48.269  3114  3274 D APM::AudioPolicyEngine: persist.sys.headset_mode was not set, get the SDM value.
11-09 15:10:48.271  3114  3274 I chatty  : uid=1041(audioserver) Binder:3114_2 identical 36 lines
11-09 15:10:48.271  3114  3274 D APM::AudioPolicyEngine: persist.sys.headset_mode was not set, get the SDM value.
11-09 15:10:48.272  3601  3861 D AudioTrack: AudioTrackThread::resume
11-09 15:10:48.274   393  6313 D AudioALSAStreamManager: +syncSharedOutDevice(), routingSharedOutDevice: 2
11-09 15:10:48.274   393  6313 D AudioALSAStreamManager: setMasterVolume(), volume = 1.000000
11-09 15:10:48.274   393  6313 D AudioMTKGainController: setNormalVolume(), mSceneIndex = 0, stream 1, devices 0x2, index 3, mode 0x0
11-09 15:10:48.274   393  6313 D AudioMTKGainController: setSpeakerGain(), gain = 7, spkAnaType = 3, spkLMixerName = Lineout_PGAL_GAIN, spkRMixerName = Lineout_PGAR_GAIN
11-09 15:10:48.274   393  6313 D AudioALSAStreamOut: open(), flags 6
11-09 15:10:48.275   393  6313 D AudioALSAStreamManager: createPlaybackHandler(), mAudioMode = 0, output_devices = 0x2
11-09 15:10:48.275   393  6313 D AudioCustParam: getNumMicSupport(), dualMicFlag 1, numMicString 1
11-09 15:10:48.275   393  6313 W AudioCustParam: getNumMicSupport(), numMic 1 < 2, confict with dualMicFlag, set numMic == 2
11-09 15:10:48.275   393  6313 D AudioCustParam: QueryFeatureSupportInfo(), feature support bit 0x1a097c57 
11-09 15:10:48.275   393  6313 D AudioSpeechEnhanceInfo: IsAPDMNRTuningEnable(), 0
11-09 15:10:48.275   393  6313 D AudioALSAPlaybackHandlerNormal: AudioALSAPlaybackHandlerNormal()
11-09 15:10:48.275   393  6313 D AudioALSAPlaybackHandlerNormal: +setFilterMng() mAudioFilterManagerHandler [0xaed0e280]
11-09 15:10:48.275   393  6313 D AudioALSAPlaybackHandlerNormal: +open(), flag 6, mDevice = 0x2
11-09 15:10:48.275   393  6313 D AudioALSADeviceParser: compare pcm success = 7, stringpair = I2S0DL1_PLayback
11-09 15:10:48.275   393  6313 D         : -AssignDRAM() retval 0
11-09 15:10:48.275   393  6313 D AudioALSAPlaybackHandlerBase: transferAudioFormatToPcmFormat(), audio_format(0x4) => pcm_format(0x1)
11-09 15:10:48.276   393  6313 D AudioALSAPlaybackHandlerNormal: open(), mConfig: channels = 2, rate = 48000, period_size = 256, period_count = 2, format = 1 avail_min = 256
11-09 15:10:48.276   393  6313 D AudioALSADriverUtility: GetPropertyValue key = af.resouce.extdac_support value = 0
11-09 15:10:48.276   393  6313 D AudioALSAPlaybackHandlerNormal: SetLowJitterMode(), bypass low jitter mode, bEnable = 1, device = 0x2, SampleRate = 48000
11-09 15:10:48.276   393  6313 D AudioALSAPlaybackHandlerBase: openPcmDriverWithFlag(), pcm device = 7 flag = 0x8 mPcm = 0xaed04960
11-09 15:10:48.276   393  6313 D AudioALSAPlaybackHandlerBase: CreateAurisysLibManager, voip: 0, mAurisysScenario: 1
11-09 15:10:48.277   393  6313 D aurisys_utility: lib, working fs: 48000, fmt: 0x3, frame = 0, b_interleave = 1, num_ul_ref_buf_array = 0, num_dl_ref_buf_array = 0
11-09 15:10:48.277   393  6313 D aurisys_utility: dl in[type:2], ch: 2, ch_mask: 0x0, buf fs: 48000, read data fs: 48000, fmt: 0x3; dl out[type:3], ch: 2, ch_mask: 0x0, buf fs: 48000, read data fs: 48000, fmt: 0x3
11-09 15:10:48.277   393  6313 D aurisys_lib_manager: new_aurisys_lib_manager() done, manager 0xae405f80, num_uplink_library_hanlder 0, num_downlink_library_hanlder 1
11-09 15:10:48.277   393  6313 D aurisys_utility: input dev: 0x0, fmt = 0x3, fs: 48000, max fs: 48000, ch: 2, max ch: 2, ch maks: 0x3, hw_info_mask: 0x0; output dev: 0x2, fmt = 0x3, fs: 48000, max fs: 48000, ch: 2, max ch: 2, ch maks: 0x3, hw_info_mask: 0x0; task_scene: 2, audio_mode: 0, output_flags: 0x6, input_source: 0, input_flags: 0x0, enhancement_feature_mask: 0x0
11-09 15:10:48.278   393  6313 D aurisys_lib_handler: aurisys_arsi_create_handler(), lib_name mtk_bessound, 0xae69f340, memory_size 69460, arsi_handler 0xae47dc00, retval 0
11-09 15:10:48.278   393  6313 D aurisys_lib_manager: DL Lib, lib_name mtk_bessound, 0xae69f340, sample_rate: 48000 => 48000, num_channels: 2 => 2, audio_format: 0x3 => 0x3, interleave: 1 => 1, frame: 0 => 0
11-09 15:10:48.279   393  6313 D aurisys_lib_manager: DL out, sample_rate: 48000 => 48000, num_channels: 2 => 2, audio_format: 0x3 => 0x4, interleave: 1 => 1, frame: 0 => 0
11-09 15:10:48.279   393  6313 D AudioALSAHardwareResourceManager: +startOutputDevice(), new_devices = 0x2, mOutputDevices = 0x0, mStartOutputDevicesCount = 0 SampleRate = 48000
11-09 15:10:48.280   393  6313 D AudioALSADriverUtility: GetPropertyValue key = af.resouce.extdac_support value = 0
11-09 15:10:48.280   393  6313 D AudioALSADeviceConfigManager: ApplyDeviceTurnonSequenceByName() DeviceName = speaker_output descriptor->DeviceStatusCounte = 0
11-09 15:10:48.281   393  6313 D AudioALSADeviceConfigManager: ApplyDeviceTurnonSequenceByName() DeviceName = ext_speaker_output descriptor->DeviceStatusCounte = 0
11-09 15:10:48.291   416   416 I DisplayDevice: [Built-in Screen (type:0)] fps:0.078493,dur:12740.01,max:12740.01,min:12740.01
11-09 15:10:48.293   393  6313 D AudioVoiceUIDL: [GetSRCInputParameter] mOutputSampleRate 16000,  mInputSampleRate 48000, mInChannel 2, mOutChannel, 0 format 4
11-09 15:10:48.293   393  6313 D AudioVoiceUIDL: [GetSRCInputParameter] create SRC handle fail
11-09 15:10:48.293   393  6313 D AudioALSAPlaybackHandlerNormal: -open()
11-09 15:10:48.294   393  6313 E AudioALSAPlaybackHandlerBase: -getHardwareBufferInfo(), pcm_get_htimestamp fail, ret = -1, pcm_get_error = 
11-09 15:10:48.298  3138  3138 I Gyroscope: batch: handle:3, flag:0,samplingPeriodNs:8000000 maxBatchReportLatencyNs:0
11-09 15:10:48.299  3138  3138 I Gyroscope: enable: handle:3, en:1
11-09 15:10:48.345  3601  3825 D InputReader: PERF: dispatchTouches ACTION_POINTER_UP:68478011, ID:0, Index:-1728736008
11-09 15:10:48.347  3922  3922 I NavigationBar: minitest onRecentsClick
11-09 15:10:48.355  4620  4956 I ParallaxUI: } BeautifiedGyro.mSwitchToSmoothAnimationModeRunnable.run()
11-09 15:10:48.358  3601  4619 I ActivityManager: START u0 {flg=0x10804000 cmp=com.android.systemui/.recents.RecentsActivity} from uid 10057
11-09 15:10:48.359   411   445 I vendor.mediatek.hardware.power@1.1-impl: PowerHint hint:8, data:1
11-09 15:10:48.360   411   444 I libPerfService: 8: cpu_ctrl set freq: 2001000 -1 1500000 -1
11-09 15:10:48.363  4620  4620 D Launcher: onPause, this = com.tct.launcher.Launcher@e2f1403
11-09 15:10:48.365  3601  4619 V WindowManager: Set focused app to: AppWindowToken{65c892 token=Token{13fce1d ActivityRecord{5cd96f4 u0 com.android.systemui/.recents.RecentsActivity t1243}}} old focus=AppWindowToken{ddd86e7 token=Token{710bf1b ActivityRecord{a03d52a u0 com.tct.launcher/.Launcher t1240}}} moveFocusNow=true
11-09 15:10:48.365  3601  4619 V WindowManager: findFocusedWindow: Reached focused app=AppWindowToken{65c892 token=Token{13fce1d ActivityRecord{5cd96f4 u0 com.android.systemui/.recents.RecentsActivity t1243}}}
11-09 15:10:48.366  3601  4619 V WindowManager: Changing focus from Window{b97bec4 u0 com.tct.launcher/com.tct.launcher.Launcher} to null Callers=com.android.server.wm.WindowManagerService.setFocusedApp:2772 com.android.server.am.ActivityManagerService.setResumedActivityUncheckLocked:3306 com.android.server.am.ActivityStack.setResumedActivityLocked:2284 com.android.server.am.ActivityStack.resumeTopActivityInnerLocked:2599 
11-09 15:10:48.366  3601  4619 D WindowManager: Input focus has changed to null
11-09 15:10:48.367  4620  4956 I ParallaxUI: BeautifiedGyro.onSensorChanged(): jank detected, duration: 133 ms
11-09 15:10:48.368   411   445 I vendor.mediatek.hardware.power@1.1-impl: notifyAppState pack:com.android.systemui, act:com.android.systemui.recents.RecentsActivity, pid:3922, state:1
11-09 15:10:48.369   411   444 I libPerfService: [perfNotifyAppState] foreground:com.android.systemui, pid:3922
11-09 15:10:48.372  3601  4619 V SettingsProvider: name : tct_nav_top_pkg_info appId : 1000
11-09 15:10:48.384  3601  4619 D AppsLockHelperWrapper: clearAllAuthedActivity()
11-09 15:10:48.386  3601  3697 I TctPhoneWindowManager: task moved to top : com.android.systemui
11-09 15:10:48.386  3601  3697 D TctPhoneWindowManager: package : com.android.systemui, fullScreenFlag : 4
11-09 15:10:48.386  3601  3697 I WindowManager: Focus moving from Window{b97bec4 u0 com.tct.launcher/com.tct.launcher.Launcher} to null
11-09 15:10:48.392  4620  4956 I ParallaxUI: BeautifiedGyro.unfreeze()
11-09 15:10:48.392  4620  4956 I ParallaxUI: BeautifiedGyro.stop()
11-09 15:10:48.392  3138  3797 I Gyroscope: enable: handle:3, en:0
11-09 15:10:48.393  3138  3797 I Gyroscope: write bias: [-0.000993, 0.005045, 0.008403]
11-09 15:10:48.393  3138  3797 I Gyroscope: write temp cali: [0, 0, 0, 9925, -50445, -84033]
11-09 15:10:48.397  3601  3695 D AutofillManagerService: Close system dialogs
11-09 15:10:48.397  3922  3922 V PhoneWindow: DecorView setVisiblity: visibility = 0, Parent = ViewRoot{6bd2695 com.android.systemui/com.android.systemui.recents.RecentsActivity,ident = 4}, this = DecorView@f6fcb9e[RecentsActivity]
11-09 15:10:48.398  4620  4620 V PhoneWindow: DecorView setVisiblity: visibility = 4, Parent = ViewRoot{e076230 com.tct.launcher/com.tct.launcher.Launcher,ident = 0}, this = DecorView@8d9c3e2[Launcher]
11-09 15:10:48.406  3601  3881 I WindowManager: Relayout Window{25f74bc u0 com.android.systemui/com.android.systemui.recents.RecentsActivity}: oldVis=4 newVis=0 focusMayChange = true
11-09 15:10:48.408  3601  3881 V WindowManager: Changing focus from null to Window{25f74bc u0 com.android.systemui/com.android.systemui.recents.RecentsActivity} Callers=com.android.server.wm.WindowManagerService.relayoutWindow:2200 com.android.server.wm.Session.relayout:239 android.view.IWindowSession$Stub.onTransact:286 com.android.server.wm.Session.onTransact:163 
11-09 15:10:48.408  3601  3881 D WindowManager: Input focus has changed to Window{25f74bc u0 com.android.systemui/com.android.systemui.recents.RecentsActivity}
11-09 15:10:48.411  3601  3697 I WindowManager: Focus moving from null to Window{25f74bc u0 com.android.systemui/com.android.systemui.recents.RecentsActivity}
11-09 15:10:48.418  3922  3922 D NavigationBar: updateNavByTopPkgInfo str=0;0;0, bHomeActivity=true, homeActivity=false, bNotSupportFullScreen=false, notSupportFullScreen=false, mStatusBar.mState=0, bNeedUpdate=true
11-09 15:10:48.419  3922  3922 D zhibin  : updateNavBarPinStatus : Fixedpin=true
11-09 15:10:48.422  3922  3922 D NavigationBar: setSystemUiVisibility nbMode=-1, mNavigationBarMode=4, bNavigationbarTranslucent=true, bMustUpdateNav=true,bNavigationbarTranslucent=true
11-09 15:10:48.423  3922  3922 D NavigationBar: checkNavBarModes bNavigationbarTranslucent=true, mStatusBar.getBarState()=0, bHomeActivity=false, bNotSupportFullScreen=false, bFixedpin=true, mTintColor=0xfff3f3f3, mDockedStackExists=false, mNavigationIconHints=0
11-09 15:10:48.426  3601  3881 V SettingsProvider: name : nav_bar_disabled_flags appId : 10057
11-09 15:10:48.428  3601  3881 V SettingsProvider: Package name : com.android.systemui privateFlags : 4200
11-09 15:10:48.430  3601  3927 D AudioTrack: setVolume(): left = 0.000000, right = 0.000000
11-09 15:10:48.430  3601  3927 D AudioTrack: stop(): 0x979b0680, mState = 0
11-09 15:10:48.430  3922  3922 D StatusBar/NavBarView: setDisabledFlags mDisabledFlags=0
11-09 15:10:48.431  3601  3927 D AudioTrack: AudioTrackThread::pause
11-09 15:10:48.431  3601  3927 D AudioTrack: audiotrack 0x979b0680 stop done
11-09 15:10:48.431  3601  4611 V ActivityManager: callerApp:com.google.android.gms
11-09 15:10:48.432  3601  4611 V ActivityManager: bringUpServiceLocked - 2
11-09 15:10:48.432  3601  3881 V SettingsProvider: name : tct_nav_bkg_is_colourful appId : 10057
11-09 15:10:48.434  3601  3881 V SettingsProvider: Package name : com.android.systemui privateFlags : 4200
11-09 15:10:48.436  3922  3922 D NavigationBar: checkNavBarModes : mNavigationBarMode=7,mNavBarBkgIsColourful=true
11-09 15:10:48.441 14144 14144 I GoogleInputMethod: onFinishInput() : Dummy InputConnection bound
11-09 15:10:48.441 14144 14144 I GoogleInputMethod: onStartInput() : Dummy InputConnection bound
11-09 15:10:48.464  3601 14870 D AppsLockHelperWrapper: shouldShowAppsLockSnapshot packageName-com.tct.weather
11-09 15:10:48.464  3601 14870 D AppsLockHelperWrapper: task.affinity-com.tct.weather
11-09 15:10:48.464  3601 14870 D AppsLockHelperWrapper: activityName-com.tct.weather.ui.activity.LocateActivity
11-09 15:10:48.464   411   445 I vendor.mediatek.hardware.power@1.1-impl: PowerHint hint:8, data:0
11-09 15:10:48.472  3601  4619 D IdleScreen: activityIdleScreen: android.app.ContextImpl@9092957 mNotifyNeeded: false idleIntent: Intent { flg=0x10804000 cmp=com.android.systemui/.recents.RecentsActivity }
11-09 15:10:48.503 14017 20811 E NetworkScheduler: Invalid component specified.
11-09 15:10:48.525  3114  3278 V AudioPolicyIntefaceImpl: stopOutput()
11-09 15:10:48.525  3114  3278 V AudioPolicyService: AudioCommandThread() adding stop output 13
11-09 15:10:48.525  3114  3266 V AudioPolicyService: AudioCommandThread() processing stop output 13
11-09 15:10:48.525  3114  3266 V AudioPolicyIntefaceImpl: doStopOutput from tid 3266
11-09 15:10:48.526  3114  3266 D APM_AudioPolicyManager: stopOutput() output 13, stream 1, session 169
11-09 15:10:48.526  3114  3266 V APM::AudioOutputDescriptor: changeRefCount() stream 1, count 0
11-09 15:10:48.526  3114  3266 D APM::AudioPolicyEngine: persist.sys.headset_mode was not set, get the SDM value.
11-09 15:10:48.531  3114  3266 I chatty  : uid=1041(audioserver) ApmOutput identical 94 lines
11-09 15:10:48.531  3114  3266 D APM::AudioPolicyEngine: persist.sys.headset_mode was not set, get the SDM value.
11-09 15:10:48.640  3113  3130 D AAL     : 11-09 03:10:48.499 BL= 329,ESS= 256, 11-09 03:10:48.561 BL= 330,ESS= 256, 11-09 03:10:48.577 BL= 331,ESS= 256, 11-09 03:10:48.608 BL= 332,ESS= 256, 11-09 03:10:48.640 BL= 333,ESS= 256, 
11-09 15:10:48.844  3113  3130 D AAL     : 11-09 03:10:48.671 BL= 334,ESS= 256, 11-09 03:10:48.718 BL= 335,ESS= 256, 11-09 03:10:48.750 BL= 336,ESS= 256, 
11-09 15:10:48.906  3113  3130 D AAL     : 11-09 03:10:48.891 BL= 335,ESS= 256, 
11-09 15:10:48.920  3922  3922 D NavigationBar: updateNavByTopPkgInfo.postDelayed.run
11-09 15:10:48.921  3922  3922 D NavigationBar: checkNavBarModes bNavigationbarTranslucent=true, mStatusBar.getBarState()=0, bHomeActivity=false, bNotSupportFullScreen=false, bFixedpin=true, mTintColor=0xfff3f3f3, mDockedStackExists=false, mNavigationIconHints=0
11-09 15:10:48.922  3922  3922 D NavigationBar: checkNavBarModes : mNavigationBarMode=7,mNavBarBkgIsColourful=true
11-09 15:10:49.006  3601  3825 D InputReader: PERF: dispatchTouches ACTION_POINTER_DOWN:68478672, ID:0, Index:-1728739400
11-09 15:10:49.173  3113  3130 D AAL     : 11-09 03:10:49.168 BL= 336,ESS= 256, 
11-09 15:10:49.204  3601  3825 D InputReader: PERF: dispatchTouches ACTION_POINTER_UP:68478870, ID:0, Index:-1728736008
11-09 15:10:49.293   416   416 I DisplayDevice: [Built-in Screen (type:0)] fps:60.896744,dur:1001.70,max:46.81,min:14.20
11-09 15:10:49.346  3113  3130 D AAL     : 11-09 03:10:49.330 BL= 335,ESS= 256, 
11-09 15:10:49.359  4043  4043 D TclSystemUIOP00: validateInput : upper_limit = -44
11-09 15:10:49.740  3601  4593 E TouchFilter: setTouchFilter LOG Enable prameter: 0
11-09 15:10:49.740  3601  4593 D EventHub: Event Hub Touch Filter log is disabled
11-09 15:10:49.740  3601  4593 D EventHub: Event Hub Touch Filter is enabled
11-09 15:10:49.773  1703  1722 D GasService: pkg a:[com.android.systemui] [D] pid:3922 uid:10057 audio:0,_s:1
11-09 15:10:49.947  3601  3825 D InputReader: PERF: dispatchTouches ACTION_POINTER_DOWN:68479613, ID:0, Index:-1728739400
11-09 15:10:50.001  3601  3841 D WifiStateMachine:  MtkL2ConnectedState { when=-4ms what=131155 arg1=68 target=com.android.internal.util.StateMachine$SmHandler } 68 0, mShouldDeferDisableWifi = false, mState = MONITORING
11-09 15:10:50.098  3601  3825 D InputReader: PERF: dispatchTouches ACTION_POINTER_UP:68479764, ID:0, Index:-1728736008
11-09 15:10:50.146  3113  3130 D AAL     : 11-09 03:10:50.094 BL= 336,ESS= 256, 11-09 03:10:50.099 BL= 335,ESS= 256, 
11-09 15:10:50.256  3113  3130 D AAL     : 11-09 03:10:50.177 BL= 334,ESS= 256, 11-09 03:10:50.224 BL= 333,ESS= 256, 
11-09 15:10:50.297   416   416 I DisplayDevice: [Built-in Screen (type:0)] fps:61.731422,dur:1004.35,max:46.97,min:15.43
11-09 15:10:50.596  3601  3695 D AutofillManagerService: Close system dialogs
11-09 15:10:50.601  3601  4593 I ActivityManager: Killing 21140:com.google.process.gservices/u0a44 (adj 906): empty #9
11-09 15:10:50.605  3601  4593 I ActivityManager: Killing 13540:com.tct.weather/u0a120 (adj 900): remove task
11-09 15:10:50.609  3601  4619 I ActivityManager: START u0 {act=android.intent.action.MAIN cat=[android.intent.category.HOME] flg=0x10200000 cmp=com.tct.launcher/.Launcher} from uid 10057
11-09 15:10:50.610   411   445 I vendor.mediatek.hardware.power@1.1-impl: PowerHint hint:8, data:1
11-09 15:10:50.610  3601  3692 W system_server: kill(-21140, 9) failed: No such process
11-09 15:10:50.614  3601  4619 V WindowManager: Set focused app to: AppWindowToken{ddd86e7 token=Token{710bf1b ActivityRecord{a03d52a u0 com.tct.launcher/.Launcher t1240}}} old focus=AppWindowToken{65c892 token=Token{13fce1d ActivityRecord{5cd96f4 u0 com.android.systemui/.recents.RecentsActivity t1243}}} moveFocusNow=true
11-09 15:10:50.614  3601  4619 V WindowManager: findFocusedWindow: Reached focused app=AppWindowToken{ddd86e7 token=Token{710bf1b ActivityRecord{a03d52a u0 com.tct.launcher/.Launcher t1240}}}
11-09 15:10:50.614  3601  4619 V WindowManager: Changing focus from Window{25f74bc u0 com.android.systemui/com.android.systemui.recents.RecentsActivity} to null Callers=com.android.server.wm.WindowManagerService.setFocusedApp:2772 com.android.server.am.ActivityManagerService.setResumedActivityUncheckLocked:3306 com.android.server.am.ActivityStack.setResumedActivityLocked:2284 com.android.server.am.ActivityStack.resumeTopActivityInnerLocked:2599 
11-09 15:10:50.615  3601  4619 D WindowManager: Input focus has changed to null
11-09 15:10:50.615  3601  3701 D DuraSpeed/DSPolicyBase: [setCurrentLauncher] = com.tct.launcher
11-09 15:10:50.616  3601  3701 D DuraSpeed/DuraSpeedInternalManager: switchState currentPackage = com.tct.launcher, event =1004
11-09 15:10:50.616   411   445 I vendor.mediatek.hardware.power@1.1-impl: notifyAppState pack:com.tct.launcher, act:com.tct.launcher.Launcher, pid:4620, state:1
11-09 15:10:50.618   411   444 I libPerfService: [perfNotifyAppState] foreground:com.tct.launcher, pid:4620
11-09 15:10:50.618  3601  4619 V SettingsProvider: name : tct_nav_top_pkg_info appId : 1000
11-09 15:10:50.624  3601  3701 D NetdConnector: SND -> {3837 bandwidth gettetherstats}
11-09 15:10:50.625  3601  3834 D NetdConnector: RCV <- {200 3837 Tethering stats list completed}
11-09 15:10:50.631  3601  3701 I NetworkStatsRecorder: recordSnapshotLocked: ident[[{type=WIFI, subType=COMBINED, networkId="WIN", metered=false}]]
11-09 15:10:50.631  3601  3697 I TctPhoneWindowManager: task moved to top : com.tct.launcher
11-09 15:10:50.631  3601  3697 D TctPhoneWindowManager: package : com.tct.launcher, fullScreenFlag : 0
11-09 15:10:50.631  3601  3697 I WindowManager: Focus moving from Window{25f74bc u0 com.android.systemui/com.android.systemui.recents.RecentsActivity} to null
11-09 15:10:50.631  4620  4620 D neal    : onStart
11-09 15:10:50.632  3601  3701 W NetworkStatsRecorder: unknown interfaces [lo], ignoring those stats
11-09 15:10:50.632  3601  3701 I NetworkStatsRecorder: recordSnapshotLocked: ident[[{type=WIFI, subType=COMBINED, networkId="WIN", metered=false}]]
11-09 15:10:50.632  3601  3701 W NetworkStatsRecorder: unknown interfaces [lo], ignoring those stats
11-09 15:10:50.633  3601  3701 D NetworkStatsRecorder: vpnArray:[Lcom.android.internal.net.VpnInfo;@2d4443
11-09 15:10:50.633  3601  3701 I NetworkStatsRecorder: recordSnapshotLocked: ident[[{type=WIFI, subType=COMBINED, networkId="WIN", metered=false}]]
11-09 15:10:50.633  3601  3701 I NetworkStatsRecorder: recordSnapshotLocked: ident[[{type=WIFI, subType=COMBINED, networkId="WIN", metered=false}]]
11-09 15:10:50.633  3601  3701 W NetworkStatsRecorder: unknown interfaces [lo], ignoring those stats
11-09 15:10:50.634  3601  3701 D NetworkStatsRecorder: vpnArray:[Lcom.android.internal.net.VpnInfo;@2d4443
11-09 15:10:50.634  3601  3701 W NetworkStatsRecorder: unknown interfaces [lo], ignoring those stats
11-09 15:10:50.637  3601  3825 D InputReader: PERF: dispatchTouches ACTION_POINTER_DOWN:68480304, ID:0, Index:-1728739400
11-09 15:10:50.638  3601  3824 W InputDispatcher: channel '5a3b636 com.tct.weather/com.tct.weather.ui.activity.LocateActivity (server)' ~ Consumer closed input channel or an error occurred.  events=0x9
11-09 15:10:50.638  3601  3824 E InputDispatcher: channel '5a3b636 com.tct.weather/com.tct.weather.ui.activity.LocateActivity (server)' ~ Channel is unrecoverably broken and will be disposed!
11-09 15:10:50.638  3601  3824 W InputDispatcher: channel '3769788 com.tct.weather/com.tct.weather.ui.activity.LocateActivity (server)' ~ Consumer closed input channel or an error occurred.  events=0x9
11-09 15:10:50.638  3601  3824 E InputDispatcher: channel '3769788 com.tct.weather/com.tct.weather.ui.activity.LocateActivity (server)' ~ Channel is unrecoverably broken and will be disposed!
11-09 15:10:50.639   416  1068 I SurfaceFlinger: EventThread Client Pid (13540) disconnected by (416)
11-09 15:10:50.640  3601  4777 I WindowManager: WIN DEATH: Window{3769788 u0 com.tct.weather/com.tct.weather.ui.activity.LocateActivity}
11-09 15:10:50.639   416  1068 I chatty  : uid=1000(system) Binder:416_3 identical 1 line
11-09 15:10:50.639   416  1068 I SurfaceFlinger: EventThread Client Pid (13540) disconnected by (416)
11-09 15:10:50.641  3601  4777 W InputDispatcher: Attempted to unregister already unregistered input channel '3769788 com.tct.weather/com.tct.weather.ui.activity.LocateActivity (server)'
11-09 15:10:50.644  3601  4549 I WindowManager: WIN DEATH: Window{5a3b636 u0 com.tct.weather/com.tct.weather.ui.activity.LocateActivity}
11-09 15:10:50.644  3601  4549 W InputDispatcher: Attempted to unregister already unregistered input channel '5a3b636 com.tct.weather/com.tct.weather.ui.activity.LocateActivity (server)'
11-09 15:10:50.645   416   498 I SurfaceFlinger: [SF client] DEL(0xb1714550) for (3601:system_server)
11-09 15:10:50.653  3601  3692 W system_server: kill(-21140, 9) failed: No such process
11-09 15:10:50.653  3601  3692 I system_server: Successfully killed process cgroup uid 10044 pid 21140 in 42ms
11-09 15:10:50.653  3601  3692 W system_server: kill(-13540, 9) failed: No such process
11-09 15:10:50.654  3601  3692 I system_server: Successfully killed process cgroup uid 10120 pid 13540 in 0ms
11-09 15:10:50.657  4620  4620 D skia    : SkJpegCodec::onGetPixels + (826, 1608)
11-09 15:10:50.662  3601  3701 D NetdConnector: SND -> {3838 bandwidth gettetherstats}
11-09 15:10:50.663  3601  3861 V PlayerBase: baseStart() piid=15
11-09 15:10:50.663  3601  3834 D NetdConnector: RCV <- {200 3838 Tethering stats list completed}
11-09 15:10:50.663  3601  3861 V AudioService.PlaybackActivityMonitor: playerEvent(piid=15, event=2)
11-09 15:10:50.663  3922  3922 D HighResThumbnailLoader: recent hidden, remove all task in mVisibleTasks
11-09 15:10:50.664  3114  3274 V AudioPolicyIntefaceImpl: getOutput()
11-09 15:10:50.664  3114  3274 D APM::AudioPolicyEngine: persist.sys.headset_mode was not set, get the SDM value.
11-09 15:10:50.664  3114  3274 D APM::AudioPolicyEngine: persist.sys.headset_mode was not set, get the SDM value.
11-09 15:10:50.665  3114  3274 V AudioPolicyIntefaceImpl: getOutput()
11-09 15:10:50.665  3114  3274 D APM::AudioPolicyEngine: persist.sys.headset_mode was not set, get the SDM value.
11-09 15:10:50.665  3114  3274 D APM::AudioPolicyEngine: persist.sys.headset_mode was not set, get the SDM value.
11-09 15:10:50.665  3601  3861 D AudioTrack: setVolume(): left = 0.501187, right = 0.501187
11-09 15:10:50.665  3601  3861 D AudioTrack: start(): 0x979b0680, mState = 1
11-09 15:10:50.665  3114  3274 V AudioPolicyIntefaceImpl: startOutput()
11-09 15:10:50.666  3114  3274 D APM_AudioPolicyManager: startOutput() output 13, stream 1, session 169
11-09 15:10:50.666  3601  3697 W ActivityManager: setHasOverlayUi called on unknown pid: 13540
11-09 15:10:50.666  3114  3274 V APM::AudioOutputDescriptor: changeRefCount() stream 1, count 1
11-09 15:10:50.666  3114  3274 D APM::AudioPolicyEngine: persist.sys.headset_mode was not set, get the SDM value.
11-09 15:10:50.666  3114  3274 I chatty  : uid=1041(audioserver) Binder:3114_2 identical 7 lines
11-09 15:10:50.666  3114  3274 D APM::AudioPolicyEngine: persist.sys.headset_mode was not set, get the SDM value.
11-09 15:10:50.666  3601  3824 V WindowManager: KEYCODE_HOME miniTestComponentInfo{com.tct.launcher/com.tct.launcher.Launcher}com.tct.launcher.Launcher-1
11-09 15:10:50.666  3114  3274 D APM::AudioPolicyEngine: persist.sys.headset_mode was not set, get the SDM value.
11-09 15:10:50.668  3114  3274 I chatty  : uid=1041(audioserver) Binder:3114_2 identical 27 lines
11-09 15:10:50.668  3114  3274 D APM::AudioPolicyEngine: persist.sys.headset_mode was not set, get the SDM value.
11-09 15:10:50.668  3114  3274 D AudioPolicyManagerCustomImpl: setOutputDevice() mIoHandle 13 mId 3 device 0002(0002)(1101c7f) delayMs 0 force 0 size 2
11-09 15:10:50.668  3114  3274 D APM::AudioPolicyEngine: persist.sys.headset_mode was not set, get the SDM value.
11-09 15:10:50.670  3114  3274 I chatty  : uid=1041(audioserver) Binder:3114_2 identical 36 lines
11-09 15:10:50.670  3114  3274 D APM::AudioPolicyEngine: persist.sys.headset_mode was not set, get the SDM value.
11-09 15:10:50.670  3601  3861 D AudioTrack: AudioTrackThread::resume
11-09 15:10:50.674  3601  3701 W NetworkStatsRecorder: unknown interfaces [lo], ignoring those stats
11-09 15:10:50.674  3601  3701 W NetworkStatsRecorder: unknown interfaces [lo], ignoring those stats
11-09 15:10:50.675  3601  3701 D NetworkStatsRecorder: vpnArray:[Lcom.android.internal.net.VpnInfo;@2ed46b5
11-09 15:10:50.675  3601  3701 W NetworkStatsRecorder: unknown interfaces [lo], ignoring those stats
11-09 15:10:50.676  3601  3701 D NetworkStatsRecorder: vpnArray:[Lcom.android.internal.net.VpnInfo;@2ed46b5
11-09 15:10:50.676  3601  3701 W NetworkStatsRecorder: unknown interfaces [lo], ignoring those stats
11-09 15:10:50.678  3922  3922 D NavigationBar: updateNavByTopPkgInfo str=0;1;0, bHomeActivity=false, homeActivity=true, bNotSupportFullScreen=false, notSupportFullScreen=false, mStatusBar.mState=0, bNeedUpdate=true
11-09 15:10:50.679  3922  3922 D zhibin  : updateNavBarPinStatus : Fixedpin=true
11-09 15:10:50.682  3922  3922 V PhoneWindow: DecorView setVisiblity: visibility = 4, Parent = ViewRoot{6bd2695 com.android.systemui/com.android.systemui.recents.RecentsActivity,ident = 4}, this = DecorView@f6fcb9e[RecentsActivity]
11-09 15:10:50.690  4620  4620 D skia    : SkJpegCodec::onGetPixels -
11-09 15:10:50.697  4620  4620 D BlurringView: onAnimationStart isShow: false
11-09 15:10:50.698  4620  4620 D BlurringView: onAnimationUpdate value: 1.000000, isShow: false
11-09 15:10:50.699  3922  3922 D NavigationBar: updateNavByTopPkgInfo.postDelayed.run
11-09 15:10:50.699  3922  3922 D NavigationBar: checkNavBarModes bNavigationbarTranslucent=false, mStatusBar.getBarState()=0, bHomeActivity=true, bNotSupportFullScreen=false, bFixedpin=true, mTintColor=0xfff3f3f3, mDockedStackExists=false, mNavigationIconHints=0
11-09 15:10:50.699  3922  3922 D NavigationBar: IsHomeActivity reset mNavigationBarMode=4
11-09 15:10:50.701  4620  4620 D InstallShortcutReceiver: Getting and clearing APPS_PENDING_INSTALL: null
11-09 15:10:50.702  4620  4620 V PhoneWindow: DecorView setVisiblity: visibility = 0, Parent = ViewRoot{e076230 com.tct.launcher/com.tct.launcher.Launcher,ident = 0}, this = DecorView@8d9c3e2[Launcher]
11-09 15:10:50.703  3601  4593 V SettingsProvider: name : nav_bar_disabled_flags appId : 10057
11-09 15:10:50.704  4620  4620 D BlurringView: onAnimationUpdate value: 1.000000, isShow: false
11-09 15:10:50.705  3601  4593 V SettingsProvider: Package name : com.android.systemui privateFlags : 4200
11-09 15:10:50.705  3922  3922 D StatusBar/NavBarView: setDisabledFlags mDisabledFlags=0
11-09 15:10:50.707  3601  4593 V SettingsProvider: name : tct_nav_bkg_is_colourful appId : 10057
11-09 15:10:50.708  3601  4593 V SettingsProvider: Package name : com.android.systemui privateFlags : 4200
11-09 15:10:50.709  3601 14870 I WindowManager: Relayout Window{b97bec4 u0 com.tct.launcher/com.tct.launcher.Launcher}: oldVis=4 newVis=0 focusMayChange = true
11-09 15:10:50.709  3922  3922 D NavigationBar: checkNavBarModes : mNavigationBarMode=4,mNavBarBkgIsColourful=false
11-09 15:10:50.712  3601 14870 V WindowManager: Changing focus from null to Window{b97bec4 u0 com.tct.launcher/com.tct.launcher.Launcher} Callers=com.android.server.wm.WindowManagerService.relayoutWindow:2200 com.android.server.wm.Session.relayout:239 android.view.IWindowSession$Stub.onTransact:286 com.android.server.wm.Session.onTransact:163 
11-09 15:10:50.712  3601 14870 D WindowManager: Input focus has changed to Window{b97bec4 u0 com.tct.launcher/com.tct.launcher.Launcher}
11-09 15:10:50.715  3601  3697 I WindowManager: Focus moving from null to Window{b97bec4 u0 com.tct.launcher/com.tct.launcher.Launcher}
11-09 15:10:50.718  3601  3825 D InputReader: PERF: dispatchTouches ACTION_POINTER_UP:68480384, ID:0, Index:-1728736008
11-09 15:10:50.718  3922  3922 D NavigationBar: setSystemUiVisibility nbMode=-1, mNavigationBarMode=4, bNavigationbarTranslucent=false, bMustUpdateNav=false,bNavigationbarTranslucent=false
11-09 15:10:50.720  4620  4620 I ParallaxUI: ParallaxWallpaper.getWallpaperResolution() => WallpaperManager.getWallpaperResolution() not available
11-09 15:10:50.721  3601  3824 V WindowManager: KEYCODE_HOME miniTestComponentInfo{com.tct.launcher/com.tct.launcher.Launcher}com.tct.launcher.Launcher-1
11-09 15:10:50.723  3601  3695 D AutofillManagerService: Close system dialogs
11-09 15:10:50.727  3601  3824 I ActivityManager: START u0 {act=android.intent.action.MAIN cat=[android.intent.category.HOME] flg=0x10200000 cmp=com.tct.launcher/.Launcher (has extras)} from uid 1000
11-09 15:10:50.728  4620  4956 I ParallaxUI: ParallaxWallpaper.getWallpaperResolution() => WallpaperManager.getWallpaperResolution() not available
11-09 15:10:50.729 14144 14144 I GoogleInputMethod: onFinishInput() : Dummy InputConnection bound
11-09 15:10:50.730  4620  4620 D BlurringView: onAnimationUpdate value: 0.984292, isShow: false
11-09 15:10:50.730 14144 14144 I GoogleInputMethod: onStartInput() : Dummy InputConnection bound
11-09 15:10:50.731  4620  4956 I ParallaxUI: Desired xOffset: 0.9352654, will get: 0.9352654
11-09 15:10:50.731  4620  4956 I ParallaxUI: Desired yOffset: 0.1804069, will get: 0.1804069
11-09 15:10:50.733  4620  4956 I ParallaxUI: BeautifiedGyro.start(already started: false){
11-09 15:10:50.734  3138  3138 I Gyroscope: batch: handle:3, flag:0,samplingPeriodNs:8000000 maxBatchReportLatencyNs:0
11-09 15:10:50.734  3138  3138 I Gyroscope: enable: handle:3, en:1
11-09 15:10:50.757   404   404 W IMGMemtrackHAL: hal_get_memory: memtrack cache rebuild was required
11-09 15:10:50.763  4620  4620 D Launcher: onPause, this = com.tct.launcher.Launcher@e2f1403
11-09 15:10:50.766  4620  4620 D InstallShortcutReceiver: Getting and clearing APPS_PENDING_INSTALL: null
11-09 15:10:50.767  4620  4620 D BlurringView: onAnimationUpdate value: 0.774511, isShow: false
11-09 15:10:50.782  4620  4620 D BlurringView: onAnimationUpdate value: 0.661959, isShow: false
11-09 15:10:50.789  3113  3130 D AAL     : 11-09 03:10:50.648 BL= 334,ESS= 256, 11-09 03:10:50.679 BL= 335,ESS= 256, 11-09 03:10:50.726 BL= 336,ESS= 256, 11-09 03:10:50.758 BL= 337,ESS= 256, 11-09 03:10:50.789 BL= 338,ESS= 256, 
11-09 15:10:50.792  4620  4956 I ParallaxUI: } BeautifiedGyro.start() => mPitch: -1.5182085, mRoll: 1.001973
11-09 15:10:50.797  3922  9112 I zygote  : Explicit concurrent copying GC freed 26061(1194KB) AllocSpace objects, 0(0B) LOS objects, 49% free, 7MB/14MB, paused 259us total 114.963ms
11-09 15:10:50.798  4620  4620 D BlurringView: onAnimationUpdate value: 0.539230, isShow: false
11-09 15:10:50.806  3601  3927 D AudioTrack: setVolume(): left = 0.000000, right = 0.000000
11-09 15:10:50.806  3601  3927 D AudioTrack: stop(): 0x979b0680, mState = 0
11-09 15:10:50.806  3601  3927 D AudioTrack: AudioTrackThread::pause
11-09 15:10:50.806  3601  3927 D AudioTrack: audiotrack 0x979b0680 stop done
11-09 15:10:50.814  4620  4620 D BlurringView: onAnimationUpdate value: 0.421783, isShow: false
11-09 15:10:50.829  4620  4620 D BlurringView: onAnimationUpdate value: 0.301426, isShow: false
11-09 15:10:50.845  4620  4620 D BlurringView: onAnimationUpdate value: 0.193546, isShow: false
11-09 15:10:50.861  4620  4620 D BlurringView: onAnimationUpdate value: 0.109785, isShow: false
11-09 15:10:50.876  4620  4620 D BlurringView: onAnimationUpdate value: 0.044298, isShow: false
11-09 15:10:50.892  4620  4620 D BlurringView: onAnimationUpdate value: 0.007445, isShow: false
11-09 15:10:50.893  3114  3278 V AudioPolicyIntefaceImpl: stopOutput()
11-09 15:10:50.893  3114  3278 V AudioPolicyService: AudioCommandThread() adding stop output 13
11-09 15:10:50.893  3114  3266 V AudioPolicyService: AudioCommandThread() processing stop output 13
11-09 15:10:50.893  3114  3266 V AudioPolicyIntefaceImpl: doStopOutput from tid 3266
11-09 15:10:50.893  3114  3266 D APM_AudioPolicyManager: stopOutput() output 13, stream 1, session 169
11-09 15:10:50.893  3114  3266 V APM::AudioOutputDescriptor: changeRefCount() stream 1, count 0
11-09 15:10:50.893  3114  3266 D APM::AudioPolicyEngine: persist.sys.headset_mode was not set, get the SDM value.
11-09 15:10:50.898  3114  3266 I chatty  : uid=1041(audioserver) ApmOutput identical 94 lines
11-09 15:10:50.898  3114  3266 D APM::AudioPolicyEngine: persist.sys.headset_mode was not set, get the SDM value.
11-09 15:10:50.908  4620  4620 D BlurringView: onAnimationUpdate value: 0.000000, isShow: false
11-09 15:10:50.908  4620  4620 D BlurringView: onAnimationEnd isShow: false
11-09 15:10:50.930  3113  3130 D AAL     : 11-09 03:10:50.836 BL= 339,ESS= 256, 11-09 03:10:50.868 BL= 338,ESS= 256, 11-09 03:10:50.883 BL= 337,ESS= 256, 11-09 03:10:50.915 BL= 338,ESS= 256, 11-09 03:10:50.930 BL= 337,ESS= 256, 
11-09 15:10:50.945  3601  3701 D DuraSpeed/DSPolicyFactory: Application = com.tct.launcher (50MB), FreeMemory = 1653MB
11-09 15:10:50.977  3601  3701 D DuraSpeed/AWSManager: getTotalCpuPercent: 11.296088
11-09 15:10:50.978  3601  3701 V DuraSpeed/AWSManager: kill end[]
11-09 15:10:50.978  3601  3701 V DuraSpeed/AWSManager: suppress start []
11-09 15:10:50.978  3601  3701 D DuraSpeed/DuraSpeedInternalManager: switchState end
11-09 15:10:51.009  3113  3130 D AAL     : 11-09 03:10:50.946 BL= 338,ESS= 256, 11-09 03:10:50.977 BL= 339,ESS= 256, 
11-09 15:10:51.112  3601  4085 D AppsLockHelperWrapper: handle clearAllAuthedActivity message
11-09 15:10:51.141  6364  6496 I GoLog   : Nov 09 07:10:51.141 - 665m49s DEBUG chained: dialer.go:260 Proxy connection to mtalk.google.com:5228 via 209.97.175.221:443 idle for 45s, closed
11-09 15:10:51.142  6364  6445 I GoLog   : Nov 09 07:10:51.142 - 665m49s DEBUG chained: ratetracking.go:59 Finished xfer, received 416 B, total received 108 MB [client_bps_recv_avg=[3747.321276033271 416] client_bps_recv_max=494.4472364455968 client_bps_recv_min=0 client_bps_sent_avg=[2.2813980430606627e+06 1017] client_bps_sent_max=2243.2625792140243 client_bps_sent_min=2243.2625792140243 client_bytes_recv=416 client_bytes_sent=1017 dc=dosgp1 op=xfer origin=mtalk.google.com:5228 origin_host=mtalk.google.com origin_port=5228 proxy_host=209.97.175.221 proxy_name=fp-dosgp1-20181002-127 proxy_network=tcp proxy_port=443 proxy_protocol=lampshade proxy_type=chained root_op=xfer]
11-09 15:10:51.253  4620  5018 W OpenGLRenderer: Incorrectly called buildLayer on View: ShortcutAndWidgetContainer, destroying layer...
11-09 15:10:51.269  4620  4620 D Launcher: reset hotseat and pageindicator to be visible and reset their alpha to 1.0f
11-09 15:10:51.269  4620  4620 D Launcher: mHandler mState = WORKSPACE/ isNotAppPickerView = true / isNullFolder = true
11-09 15:10:51.301   416   416 I DisplayDevice: [Built-in Screen (type:0)] fps:62.741795,dur:1004.12,max:31.99,min:13.24
11-09 15:10:51.337  6364  6496 I GoLog   : Nov 09 07:10:51.336 - 665m50s DEBUG balancer: balancer.go:594 ----------- Dialer Stats (11h5m49.976274459s) ----------- [op=client_started root_op=client_started startup_time=0.61844823]
11-09 15:10:51.337  6364  6496 I GoLog   : Nov 09 07:10:51.337 - 665m50s DEBUG balancer: balancer.go:602 fp-dosgp1-20181002-127-lampshade       at    209.97.175.221:443 (t)  P:  4  R:  0  A: 2337( 1792)  S: 1957( 1411)  CS:   2  F:  380(  381)  CF:   0  R: 0.936  L: 9473ms  B:   3.33Mbps  T:  4.1 MB/ 108 MB  P:   0(  0kb)/  0(  0kb) [op=client_started root_op=client_started startup_time=0.61844823]
11-09 15:10:51.338  6364  6496 I GoLog   : Nov 09 07:10:51.338 - 665m50s DEBUG balancer: balancer.go:626 ----------- End Dialer Stats ----------- [op=client_started root_op=client_started startup_time=0.61844823]
11-09 15:10:51.552   411   445 I vendor.mediatek.hardware.power@1.1-impl: PowerHint hint:8, data:0
11-09 15:10:51.556  3601  4593 D IdleScreen: activityIdleScreen: android.app.ContextImpl@9092957 mNotifyNeeded: false idleIntent: Intent { act=android.intent.action.MAIN cat=[android.intent.category.HOME] flg=0x10800100 cmp=com.tct.launcher/.Launcher }
11-09 15:10:51.775  3601  4549 E TouchFilter: setTouchFilter LOG Enable prameter: 0
11-09 15:10:51.775  3601  4549 D EventHub: Event Hub Touch Filter log is disabled
11-09 15:10:51.776  3601  4549 D EventHub: Event Hub Touch Filter is enabled
11-09 15:10:51.793  1703  1722 D GasService: pkg a:[com.tct.launcher] [D] pid:4620 uid:10117 audio:0,_s:0
11-09 15:10:51.801  4620  4956 I ParallaxUI: BeautifiedGyro.mSwitchToPowerSavingModeRunnable.run(){
11-09 15:10:51.801  3138  3797 I Gyroscope: enable: handle:3, en:0
11-09 15:10:51.802  3138  3797 I Gyroscope: write bias: [-0.000993, 0.005045, 0.008403]
11-09 15:10:51.802  3138  3797 I Gyroscope: write temp cali: [0, 0, 0, 9925, -50445, -84033]
11-09 15:10:51.859  3138  3138 I Gyroscope: batch: handle:3, flag:0,samplingPeriodNs:100000000 maxBatchReportLatencyNs:0
11-09 15:10:51.859  3138  3138 I Gyroscope: enable: handle:3, en:1
11-09 15:10:51.915  4620  4956 I ParallaxUI: } BeautifiedGyro.mSwitchToPowerSavingModeRunnable.run()
11-09 15:10:52.588   416   416 I DisplayDevice: [Built-in Screen (type:0)] fps:23.314425,dur:1286.76,max:831.59,min:15.47
11-09 15:10:52.684  3601  3689 D DeviceIdleController: handleMessage(6)
11-09 15:10:52.684  3601  3689 D DeviceIdleController: checkTempAppWhitelistTimeout: uid=1000, timeNow=150405961
11-09 15:10:52.684  3601  3689 D DeviceIdleController: Removing UID 1000 from temp whitelist
11-09 15:10:52.684  3601  3689 D DeviceIdleController: Setting activity manager temp whitelist to []
11-09 15:10:52.687  3601  3689 D DeviceIdleController: Setting wakelock temp whitelist to []
11-09 15:10:52.724  4620  4620 I ParallaxUI: ParallaxWallpaper.getWallpaperResolution() => WallpaperManager.getWallpaperResolution() not available
11-09 15:10:52.966   411   444 I libPerfService: perfUserScnCheckAll
11-09 15:10:53.015  3601  3841 D WifiStateMachine:  MtkL2ConnectedState { when=0 what=131155 arg1=68 target=com.android.internal.util.StateMachine$SmHandler } 68 0, mShouldDeferDisableWifi = false, mState = MONITORING
11-09 15:10:53.047  6364  6445 I GoLog   : Nov 09 07:10:53.046 - 665m51s DEBUG flashlight.config: fetcher.go:58 Fetching cloud config from http://config.getiantem.org/proxies.yaml.gz [op=fetch_config root_op=fetch_config]
11-09 15:10:53.048  6364  6445 I GoLog   : Nov 09 07:10:53.048 - 665m51s DEBUG flashlight.proxied: proxied.go:208 Using chained fetcher [http_method=GET http_proto=HTTP/1.1 op=chainedandfronted origin=config.getiantem.org origin_host=config.getiantem.org origin_port=80 root_op=fetch_config]
11-09 15:10:53.050  6364  6496 I GoLog   : Nov 09 07:10:53.050 - 665m51s DEBUG flashlight.client: client.go:523 Address config.getiantem.org:80 requires a proxy [local_proxy_type=http op=proxied_dialer origin=config.getiantem.org:80 origin_host=config.getiantem.org origin_port=80 root_op=proxied_dialer]
11-09 15:10:53.052  3133 23233 W libc-netbsd: [getaddrinfo]: hostname=config.getiantem.org; servname=(null); netid=108; mark=108; ai_flags=2; ai_family=0
11-09 15:10:53.144 14017 23005 I System.out: close [socket][/10.0.0.1:60858]
11-09 15:10:53.145 14017 23005 E WakeLock: GCM_HB_ALARM release without a matched acquire!
11-09 15:10:53.147 14017 23005 E GCM     : Connection closed with errorCode 20
11-09 15:10:53.148  3601  3850 D MtkConnectivityService: reportNetworkConnectivity(108, false) by 10044
11-09 15:10:53.149  3601   929 D NetworkMonitor/NetworkAgentInfo [WIFI () - 108]: Forcing reevaluation for UID 10044
11-09 15:10:53.149 14017 23005 D AlarmManager: setImpl : workSource=null, mPackageName=com.google.android.gms, FLAG_ALLOW_WHILE_IDLE=true type=2
11-09 15:10:53.150 14017 23005 E WakeLock: GCM_CONN_ALARM release without a matched acquire!
11-09 15:10:53.151  3133 23234 W libc-netbsd: [getaddrinfo]: hostname=captive.apple.com; servname=(null); netid=108; mark=983148; ai_flags=1024; ai_family=0
11-09 15:10:53.152  3133 23234 W libc-netbsd: default dns: query_ipv6=0, query_ipv4=1
11-09 15:10:53.153  3133 23234 W libc-netbsd: res_queryN name = captive.apple.com succeed
11-09 15:10:53.154  3601   929 W libc-netbsd: getaddrinfo: captive.apple.com get result from proxy gai_error = 0
11-09 15:10:53.155  3601   929 D NetworkMonitor/NetworkAgentInfo [WIFI () - 108]: PROBE_DNS captive.apple.com 6ms OK 17.253.3.204
