11-09 15:11:40.117  3601  3601 V JobSchedulerService: validNewProc:  package=com.android.vending alive=true restrict=false tempRestrict=false defalutInputMethod=false useInLauncher=false
11-09 15:11:40.121 19893 19893 I Finsky  : [2] com.google.android.finsky.scheduler.ae.a(39): Scheduling fallback in 64799998 (absolute: 215253396)
11-09 15:11:40.139 19893 19893 I Finsky  : [2] com.google.android.finsky.scheduler.am.handleMessage(16): DeviceState: DeviceState{currentTime=1541747500133, isCharging=true, isIdle=false, netAny=true, netNotRoaming=true, netUnmetered=true}
11-09 15:11:40.145 19893 19893 I Finsky  : [2] com.google.android.finsky.scheduler.bp.a(66): Jobs in database: 1-1337 12-1 26-1414141414 
11-09 15:11:40.149 19893 19893 I Finsky  : [2] com.google.android.finsky.scheduler.ah.a(59): Running job: 12-1
11-09 15:11:40.153 19893 19893 I Finsky  : [2] com.google.android.finsky.contentsync.ContentSyncJob.a(30): ContentSyncJob started
11-09 15:11:40.155 19893 19893 I Finsky  : [2] com.google.android.finsky.scheduler.ah.a(105): RunningQueue size: 1, PendingQueue size: 0
11-09 15:11:40.156 19893 19893 I Finsky  : [2] com.google.android.finsky.scheduler.ah.a(116): Running queue: 12-1 
11-09 15:11:40.161  3113  3130 D AAL     : 11-09 03:11:40.020 BL= 340,ESS= 256, 11-09 03:11:40.051 BL= 341,ESS= 256, 11-09 03:11:40.082 BL= 342,ESS= 256, 11-09 03:11:40.130 BL= 343,ESS= 256, 11-09 03:11:40.161 BL= 344,ESS= 256, 
11-09 15:11:40.163 19893 19931 I Finsky  : [2735] com.google.android.finsky.n.c.a(20): Completed 0 account content syncs with 0 successful.
11-09 15:11:40.164 19893 19893 I Finsky  : [2] com.google.android.finsky.contentsync.ContentSyncJob.a(28): Installation state replication succeeded.
11-09 15:11:40.165 19893 19893 I Finsky  : [2] com.google.android.finsky.scheduler.bm.b(8): jobFinished: 12-1. TimeElapsed: 16ms
11-09 15:11:40.170 19893 19893 I Finsky  : [2] com.google.android.finsky.scheduler.ah.a(138): Job 12-1 finished
11-09 15:11:40.171 19893 19893 I Finsky  : [2] com.google.android.finsky.scheduler.ah.a(105): RunningQueue size: 0, PendingQueue size: 0
11-09 15:11:40.174 19893 19893 I Finsky  : [2] com.google.android.finsky.scheduler.am.handleMessage(42): Executor finished
11-09 15:11:40.205  3601  3689 D DeviceIdleController: handleMessage(7)
11-09 15:11:40.211 19893 19893 I Finsky  : [2] com.google.android.finsky.scheduler.bp.a(66): Jobs in database: 1-1337 26-1414141414 
11-09 15:11:40.212  3601  4499 V SettingsProvider: packageValueForCallResult, name = null, value : Bundle[{_track_generation=android.util.MemoryIntArray@63, value=null, _generation_index=2, _generation=454}]
11-09 15:11:40.219 19893 19893 I Finsky  : [2] com.google.android.finsky.scheduler.l.a(70): ConstraintMapping: 1-1337,  -> L: 85484540ms, D: 171884540ms, C: false, I: false, N: 1
11-09 15:11:40.221 19893 19893 I Finsky  : [2] com.google.android.finsky.scheduler.l.a(70): ConstraintMapping: 26-1414141414,  -> L: 14631089ms, D: 15531089ms, C: false, I: false, N: 0
11-09 15:11:40.223 19893 19893 I Finsky  : [2] com.google.android.finsky.scheduler.JobSchedulerEngine.a(108): Cancelling existing job with id: 9002
11-09 15:11:40.228 19893 19893 I Finsky  : [2] com.google.android.finsky.scheduler.JobSchedulerEngine.a(47): Scheduling job Id: 9000, L: 85484540, D: 171884540, C: false, I: false, N: 1
11-09 15:11:40.231 19893 19893 I Finsky  : [2] com.google.android.finsky.scheduler.JobSchedulerEngine.a(47): Scheduling job Id: 9003, L: 14631089, D: 15531089, C: false, I: false, N: 0
11-09 15:11:40.296 23653 23653 I zygote  : Rejecting re-init on previously-failed class java.lang.Class<android.support.v4.view.ViewCompat$OnUnhandledKeyEventListenerWrapper>: java.lang.NoClassDefFoundError: Failed resolution of: Landroid/view/View$OnUnhandledKeyEventListener;
11-09 15:11:40.296 23653 23653 I zygote  :   at void android.support.v4.view.ViewCompat.setBackground(android.view.View, android.graphics.drawable.Drawable) (ViewCompat.java:2341)
11-09 15:11:40.296 23653 23653 I zygote  :   at void android.support.v7.widget.ActionBarContainer.<init>(android.content.Context, android.util.AttributeSet) (ActionBarContainer.java:62)
11-09 15:11:40.296 23653 23653 I zygote  :   at java.lang.Object java.lang.reflect.Constructor.newInstance0(java.lang.Object[]) (Constructor.java:-2)
11-09 15:11:40.296 23653 23653 I zygote  :   at java.lang.Object java.lang.reflect.Constructor.newInstance(java.lang.Object[]) (Constructor.java:334)
11-09 15:11:40.296 23653 23653 I zygote  :   at android.view.View android.view.LayoutInflater.createView(java.lang.String, java.lang.String, android.util.AttributeSet) (LayoutInflater.java:647)
11-09 15:11:40.296 23653 23653 I zygote  :   at android.view.View android.view.LayoutInflater.createViewFromTag(android.view.View, java.lang.String, android.content.Context, android.util.AttributeSet, boolean) (LayoutInflater.java:790)
11-09 15:11:40.296 23653 23653 I zygote  :   at android.view.View android.view.LayoutInflater.createViewFromTag(android.view.View, java.lang.String, android.content.Context, android.util.AttributeSet) (LayoutInflater.java:730)
11-09 15:11:40.296 23653 23653 I zygote  :   at void android.view.LayoutInflater.rInflate(org.xmlpull.v1.XmlPullParser, android.view.View, android.content.Context, android.util.AttributeSet, boolean) (LayoutInflater.java:863)
11-09 15:11:40.296 23653 23653 I zygote  :   at void android.view.LayoutInflater.rInflateChildren(org.xmlpull.v1.XmlPullParser, android.view.View, android.util.AttributeSet, boolean) (LayoutInflater.java:824)
11-09 15:11:40.296 23653 23653 I zygote  :   at android.view.View android.view.LayoutInflater.inflate(org.xmlpull.v1.XmlPullParser, android.view.ViewGroup, boolean) (LayoutInflater.java:515)
11-09 15:11:40.296 23653 23653 I zygote  :   at android.view.View android.view.LayoutInflater.inflate(int, android.view.ViewGroup, boolean) (LayoutInflater.java:423)
11-09 15:11:40.296 23653 23653 I zygote  :   at android.view.View android.view.LayoutInflater.inflate(int, android.view.ViewGroup) (LayoutInflater.java:374)
11-09 15:11:40.296 23653 23653 I zygote  :   at android.view.ViewGroup android.support.v7.app.AppCompatDelegateImpl.createSubDecor() (AppCompatDelegateImpl.java:607)
11-09 15:11:40.296 23653 23653 I zygote  :   at void android.support.v7.app.AppCompatDelegateImpl.ensureSubDecor() (AppCompatDelegateImpl.java:518)
11-09 15:11:40.296 23653 23653 I zygote  :   at void android.support.v7.app.AppCompatDelegateImpl.setContentView(int) (AppCompatDelegateImpl.java:466)
11-09 15:11:40.296 23653 23653 I zygote  :   at void android.support.v7.app.AppCompatActivity.setContentView(int) (AppCompatActivity.java:140)
11-09 15:11:40.296 23653 23653 I zygote  :   at void com.liyu.tcl.newsapp.SplashActivity.onCreate(android.os.Bundle) (SplashActivity.java:23)
11-09 15:11:40.296 23653 23653 I zygote  :   at void android.app.Activity.performCreate(android.os.Bundle, android.os.PersistableBundle) (Activity.java:7009)
11-09 15:11:40.296 23653 23653 I zygote  :   at void android.app.Activity.performCreate(android.os.Bundle) (Activity.java:7000)
11-09 15:11:40.296 23653 23653 I zygote  :   at void android.app.Instrumentation.callActivityOnCreate(android.app.Activity, android.os.Bundle) (Instrumentation.java:1219)
11-09 15:11:40.296 23653 23653 I zygote  :   at android.app.Activity android.app.ActivityThread.performLaunchActivity(android.app.ActivityThread$ActivityClientRecord, android.content.Intent) (ActivityThread.java:2876)
11-09 15:11:40.296 23653 23653 I zygote  :   at void android.app.ActivityThread.handleLaunchActivity(android.app.ActivityThread$ActivityClientRecord, android.content.Intent, java.lang.String) (ActivityThread.java:3001)
11-09 15:11:40.297 23653 23653 I zygote  :   at void android.app.ActivityThread.-wrap11(android.app.ActivityThread, android.app.ActivityThread$ActivityClientRecord, android.content.Intent, java.lang.String) (ActivityThread.java:-1)
11-09 15:11:40.297 23653 23653 I zygote  :   at void android.app.ActivityThread$H.handleMessage(android.os.Message) (ActivityThread.java:1731)
11-09 15:11:40.297 23653 23653 I zygote  :   at void android.os.Handler.dispatchMessage(android.os.Message) (Handler.java:106)
11-09 15:11:40.297 23653 23653 I zygote  :   at void android.os.Looper.loop() (Looper.java:164)
11-09 15:11:40.297 23653 23653 I zygote  :   at void android.app.ActivityThread.main(java.lang.String[]) (ActivityThread.java:6641)
11-09 15:11:40.297 23653 23653 I zygote  :   at java.lang.Object java.lang.reflect.Method.invoke(java.lang.Object, java.lang.Object[]) (Method.java:-2)
11-09 15:11:40.297 23653 23653 I zygote  :   at void com.android.internal.os.RuntimeInit$MethodAndArgsCaller.run() (RuntimeInit.java:445)
11-09 15:11:40.297 23653 23653 I zygote  :   at void com.android.internal.os.ZygoteInit.main(java.lang.String[]) (ZygoteInit.java:870)
11-09 15:11:40.297 23653 23653 I zygote  : Caused by: java.lang.ClassNotFoundException: Didn't find class "android.view.View$OnUnhandledKeyEventListener" on path: DexPathList[[zip file "/data/app/com.liyu.tcl.newsapp-iKiu9lbXTS9EYfQxCQIBCA==/base.apk", zip file "/data/app/com.liyu.tcl.newsapp-iKiu9lbXTS9EYfQxCQIBCA==/split_lib_dependencies_apk.apk", zip file "/data/app/com.liyu.tcl.newsapp-iKiu9lbXTS9EYfQxCQIBCA==/split_lib_resources_apk.apk", zip file "/data/app/com.liyu.tcl.newsapp-iKiu9lbXTS9EYfQxCQIBCA==/split_lib_slice_0_apk.apk", zip file "/data/app/com.liyu.tcl.newsapp-iKiu9lbXTS9EYfQxCQIBCA==/split_lib_slice_1_apk.apk", zip file "/data/app/com.liyu.tcl.newsapp-iKiu9lbXTS9EYfQxCQIBCA==/split_lib_slice_2_apk.apk", zip file "/data/app/com.liyu.tcl.newsapp-iKiu9lbXTS9EYfQxCQIBCA==/split_lib_slice_3_apk.apk", zip file "/data/app/com.liyu.tcl.newsapp-iKiu9lbXTS9EYfQxCQIBCA==/split_lib_slice_4_apk.apk", zip file "/data/app/com.liyu.tcl.newsapp-iKiu9lbXTS9EYfQxCQIBCA==/split_lib_slice_5_apk.apk", zip file "/data/app/com.liyu.tcl.newsapp-iKiu9lbXTS9EY
11-09 15:11:40.297 23653 23653 I zygote  :   at java.lang.Class dalvik.system.BaseDexClassLoader.findClass(java.lang.String) (BaseDexClassLoader.java:125)
11-09 15:11:40.297 23653 23653 I zygote  :   at java.lang.Class java.lang.ClassLoader.loadClass(java.lang.String, boolean) (ClassLoader.java:379)
11-09 15:11:40.297 23653 23653 I zygote  :   at java.lang.Class java.lang.ClassLoader.loadClass(java.lang.String) (ClassLoader.java:312)
11-09 15:11:40.297 23653 23653 I zygote  :   at void android.support.v4.view.ViewCompat.setBackground(android.view.View, android.graphics.drawable.Drawable) (ViewCompat.java:2341)
11-09 15:11:40.297 23653 23653 I zygote  :   at void android.support.v7.widget.ActionBarContainer.<init>(android.content.Context, android.util.AttributeSet) (ActionBarContainer.java:62)
11-09 15:11:40.297 23653 23653 I zygote  :   at java.lang.Object java.lang.reflect.Constructor.newInstance0(java.lang.Object[]) (Constructor.java:-2)
11-09 15:11:40.297 23653 23653 I zygote  :   at java.lang.Object java.lang.reflect.Constructor.newInstance(java.lang.Object[]) (Constructor.java:334)
11-09 15:11:40.297 23653 23653 I zygote  :   at android.view.View android.view.LayoutInflater.createView(java.lang.String, java.lang.String, android.util.AttributeSet) (LayoutInflater.java:647)
11-09 15:11:40.297 23653 23653 I zygote  :   at android.view.View android.view.LayoutInflater.createViewFromTag(android.view.View, java.lang.String, android.content.Context, android.util.AttributeSet, boolean) (LayoutInflater.java:790)
11-09 15:11:40.297 23653 23653 I zygote  :   at android.view.View android.view.LayoutInflater.createViewFromTag(android.view.View, java.lang.String, android.content.Context, android.util.AttributeSet) (LayoutInflater.java:730)
11-09 15:11:40.297 23653 23653 I zygote  :   at void android.view.LayoutInflater.rInflate(org.xmlpull.v1.XmlPullParser, android.view.View, android.content.Context, android.util.AttributeSet, boolean) (LayoutInflater.java:863)
11-09 15:11:40.297 23653 23653 I zygote  :   at void android.view.LayoutInflater.rInflateChildren(org.xmlpull.v1.XmlPullParser, android.view.View, android.util.AttributeSet, boolean) (LayoutInflater.java:824)
11-09 15:11:40.297 23653 23653 I zygote  :   at android.view.View android.view.LayoutInflater.inflate(org.xmlpull.v1.XmlPullParser, android.view.ViewGroup, boolean) (LayoutInflater.java:515)
11-09 15:11:40.297 23653 23653 I zygote  :   at android.view.View android.view.LayoutInflater.inflate(int, android.view.ViewGroup, boolean) (LayoutInflater.java:423)
11-09 15:11:40.297 23653 23653 I zygote  :   at android.view.View android.view.LayoutInflater.inflate(int, android.view.ViewGroup) (LayoutInflater.java:374)
11-09 15:11:40.297 23653 23653 I zygote  :   at android.view.ViewGroup android.support.v7.app.AppCompatDelegateImpl.createSubDecor() (AppCompatDelegateImpl.java:607)
11-09 15:11:40.297 23653 23653 I zygote  :   at void android.support.v7.app.AppCompatDelegateImpl.ensureSubDecor() (AppCompatDelegateImpl.java:518)
11-09 15:11:40.297 23653 23653 I zygote  :   at void android.support.v7.app.AppCompatDelegateImpl.setContentView(int) (AppCompatDelegateImpl.java:466)
11-09 15:11:40.297 23653 23653 I zygote  :   at void android.support.v7.app.AppCompatActivity.setContentView(int) (AppCompatActivity.java:140)
11-09 15:11:40.297 23653 23653 I zygote  :   at void com.liyu.tcl.newsapp.SplashActivity.onCreate(android.os.Bundle) (SplashActivity.java:23)
11-09 15:11:40.297 23653 23653 I zygote  :   at void android.app.Activity.performCreate(android.os.Bundle, android.os.PersistableBundle) (Activity.java:7009)
11-09 15:11:40.297 23653 23653 I zygote  :   at void android.app.Activity.performCreate(android.os.Bundle) (Activity.java:7000)
11-09 15:11:40.297 23653 23653 I zygote  :   at void android.app.Instrumentation.callActivityOnCreate(android.app.Activity, android.os.Bundle) (Instrumentation.java:1219)
11-09 15:11:40.297 23653 23653 I zygote  :   at android.app.Activity android.app.ActivityThread.performLaunchActivity(android.app.ActivityThread$ActivityClientRecord, android.content.Intent) (ActivityThread.java:2876)
11-09 15:11:40.297 23653 23653 I zygote  :   at void android.app.ActivityThread.handleLaunchActivity(android.app.ActivityThread$ActivityClientRecord, android.content.Intent, java.lang.String) (ActivityThread.java:3001)
11-09 15:11:40.297 23653 23653 I zygote  :   at void android.app.ActivityThread.-wrap11(android.app.ActivityThread, android.app.ActivityThread$ActivityClientRecord, android.content.Intent, java.lang.String) (ActivityThread.java:-1)
11-09 15:11:40.297 23653 23653 I zygote  :   at void android.app.ActivityThread$H.handleMessage(android.os.Message) (ActivityThread.java:1731)
11-09 15:11:40.297 23653 23653 I zygote  :   at void android.os.Handler.dispatchMessage(android.os.Message) (Handler.java:106)
11-09 15:11:40.297 23653 23653 I zygote  :   at void android.os.Looper.loop() (Looper.java:164)
11-09 15:11:40.297 23653 23653 I zygote  :   at void android.app.ActivityThread.main(java.lang.String[]) (ActivityThread.java:6641)
11-09 15:11:40.297 23653 23653 I zygote  :   at java.lang.Object java.lang.reflect.Method.invoke(java.lang.Object, java.lang.Object[]) (Method.java:-2)
11-09 15:11:40.297 23653 23653 I zygote  :   at void com.android.internal.os.RuntimeInit$MethodAndArgsCaller.run() (RuntimeInit.java:445)
11-09 15:11:40.297 23653 23653 I zygote  :   at void com.android.internal.os.ZygoteInit.main(java.lang.String[]) (ZygoteInit.java:870)
11-09 15:11:40.297 23653 23653 I zygote  : 
11-09 15:11:40.298 23653 23653 I zygote  : Rejecting re-init on previously-failed class java.lang.Class<android.support.v4.view.ViewCompat$OnUnhandledKeyEventListenerWrapper>: java.lang.NoClassDefFoundError: Failed resolution of: Landroid/view/View$OnUnhandledKeyEventListener;
11-09 15:11:40.298 23653 23653 I zygote  :   at void android.support.v4.view.ViewCompat.setBackground(android.view.View, android.graphics.drawable.Drawable) (ViewCompat.java:2341)
11-09 15:11:40.298 23653 23653 I zygote  :   at void android.support.v7.widget.ActionBarContainer.<init>(android.content.Context, android.util.AttributeSet) (ActionBarContainer.java:62)
11-09 15:11:40.298 23653 23653 I zygote  :   at java.lang.Object java.lang.reflect.Constructor.newInstance0(java.lang.Object[]) (Constructor.java:-2)
11-09 15:11:40.298 23653 23653 I zygote  :   at java.lang.Object java.lang.reflect.Constructor.newInstance(java.lang.Object[]) (Constructor.java:334)
11-09 15:11:40.298 23653 23653 I zygote  :   at android.view.View android.view.LayoutInflater.createView(java.lang.String, java.lang.String, android.util.AttributeSet) (LayoutInflater.java:647)
11-09 15:11:40.298 23653 23653 I zygote  :   at android.view.View android.view.LayoutInflater.createViewFromTag(android.view.View, java.lang.String, android.content.Context, android.util.AttributeSet, boolean) (LayoutInflater.java:790)
11-09 15:11:40.298 23653 23653 I zygote  :   at android.view.View android.view.LayoutInflater.createViewFromTag(android.view.View, java.lang.String, android.content.Context, android.util.AttributeSet) (LayoutInflater.java:730)
11-09 15:11:40.298 23653 23653 I zygote  :   at void android.view.LayoutInflater.rInflate(org.xmlpull.v1.XmlPullParser, android.view.View, android.content.Context, android.util.AttributeSet, boolean) (LayoutInflater.java:863)
11-09 15:11:40.298 23653 23653 I zygote  :   at void android.view.LayoutInflater.rInflateChildren(org.xmlpull.v1.XmlPullParser, android.view.View, android.util.AttributeSet, boolean) (LayoutInflater.java:824)
11-09 15:11:40.299 23653 23653 I zygote  :   at android.view.View android.view.LayoutInflater.inflate(org.xmlpull.v1.XmlPullParser, android.view.ViewGroup, boolean) (LayoutInflater.java:515)
11-09 15:11:40.299 23653 23653 I zygote  :   at android.view.View android.view.LayoutInflater.inflate(int, android.view.ViewGroup, boolean) (LayoutInflater.java:423)
11-09 15:11:40.299 23653 23653 I zygote  :   at android.view.View android.view.LayoutInflater.inflate(int, android.view.ViewGroup) (LayoutInflater.java:374)
11-09 15:11:40.299 23653 23653 I zygote  :   at android.view.ViewGroup android.support.v7.app.AppCompatDelegateImpl.createSubDecor() (AppCompatDelegateImpl.java:607)
11-09 15:11:40.299 23653 23653 I zygote  :   at void android.support.v7.app.AppCompatDelegateImpl.ensureSubDecor() (AppCompatDelegateImpl.java:518)
11-09 15:11:40.299 23653 23653 I zygote  :   at void android.support.v7.app.AppCompatDelegateImpl.setContentView(int) (AppCompatDelegateImpl.java:466)
11-09 15:11:40.299 23653 23653 I zygote  :   at void android.support.v7.app.AppCompatActivity.setContentView(int) (AppCompatActivity.java:140)
11-09 15:11:40.299 23653 23653 I zygote  :   at void com.liyu.tcl.newsapp.SplashActivity.onCreate(android.os.Bundle) (SplashActivity.java:23)
11-09 15:11:40.299 23653 23653 I zygote  :   at void android.app.Activity.performCreate(android.os.Bundle, android.os.PersistableBundle) (Activity.java:7009)
11-09 15:11:40.299 23653 23653 I zygote  :   at void android.app.Activity.performCreate(android.os.Bundle) (Activity.java:7000)
11-09 15:11:40.299 23653 23653 I zygote  :   at void android.app.Instrumentation.callActivityOnCreate(android.app.Activity, android.os.Bundle) (Instrumentation.java:1219)
11-09 15:11:40.299 23653 23653 I zygote  :   at android.app.Activity android.app.ActivityThread.performLaunchActivity(android.app.ActivityThread$ActivityClientRecord, android.content.Intent) (ActivityThread.java:2876)
11-09 15:11:40.299 23653 23653 I zygote  :   at void android.app.ActivityThread.handleLaunchActivity(android.app.ActivityThread$ActivityClientRecord, android.content.Intent, java.lang.String) (ActivityThread.java:3001)
11-09 15:11:40.299 23653 23653 I zygote  :   at void android.app.ActivityThread.-wrap11(android.app.ActivityThread, android.app.ActivityThread$ActivityClientRecord, android.content.Intent, java.lang.String) (ActivityThread.java:-1)
11-09 15:11:40.299 23653 23653 I zygote  :   at void android.app.ActivityThread$H.handleMessage(android.os.Message) (ActivityThread.java:1731)
11-09 15:11:40.299 23653 23653 I zygote  :   at void android.os.Handler.dispatchMessage(android.os.Message) (Handler.java:106)
11-09 15:11:40.299 23653 23653 I zygote  :   at void android.os.Looper.loop() (Looper.java:164)
11-09 15:11:40.299 23653 23653 I zygote  :   at void android.app.ActivityThread.main(java.lang.String[]) (ActivityThread.java:6641)
11-09 15:11:40.299 23653 23653 I zygote  :   at java.lang.Object java.lang.reflect.Method.invoke(java.lang.Object, java.lang.Object[]) (Method.java:-2)
11-09 15:11:40.299 23653 23653 I zygote  :   at void com.android.internal.os.RuntimeInit$MethodAndArgsCaller.run() (RuntimeInit.java:445)
11-09 15:11:40.299 23653 23653 I zygote  :   at void com.android.internal.os.ZygoteInit.main(java.lang.String[]) (ZygoteInit.java:870)
11-09 15:11:40.299 23653 23653 I zygote  : Caused by: java.lang.ClassNotFoundException: Didn't find class "android.view.View$OnUnhandledKeyEventListener" on path: DexPathList[[zip file "/data/app/com.liyu.tcl.newsapp-iKiu9lbXTS9EYfQxCQIBCA==/base.apk", zip file "/data/app/com.liyu.tcl.newsapp-iKiu9lbXTS9EYfQxCQIBCA==/split_lib_dependencies_apk.apk", zip file "/data/app/com.liyu.tcl.newsapp-iKiu9lbXTS9EYfQxCQIBCA==/split_lib_resources_apk.apk", zip file "/data/app/com.liyu.tcl.newsapp-iKiu9lbXTS9EYfQxCQIBCA==/split_lib_slice_0_apk.apk", zip file "/data/app/com.liyu.tcl.newsapp-iKiu9lbXTS9EYfQxCQIBCA==/split_lib_slice_1_apk.apk", zip file "/data/app/com.liyu.tcl.newsapp-iKiu9lbXTS9EYfQxCQIBCA==/split_lib_slice_2_apk.apk", zip file "/data/app/com.liyu.tcl.newsapp-iKiu9lbXTS9EYfQxCQIBCA==/split_lib_slice_3_apk.apk", zip file "/data/app/com.liyu.tcl.newsapp-iKiu9lbXTS9EYfQxCQIBCA==/split_lib_slice_4_apk.apk", zip file "/data/app/com.liyu.tcl.newsapp-iKiu9lbXTS9EYfQxCQIBCA==/split_lib_slice_5_apk.apk", zip file "/data/app/com.liyu.tcl.newsapp-iKiu9lbXTS9EY
11-09 15:11:40.299 23653 23653 I zygote  :   at java.lang.Class dalvik.system.BaseDexClassLoader.findClass(java.lang.String) (BaseDexClassLoader.java:125)
11-09 15:11:40.299 23653 23653 I zygote  :   at java.lang.Class java.lang.ClassLoader.loadClass(java.lang.String, boolean) (ClassLoader.java:379)
11-09 15:11:40.299 23653 23653 I zygote  :   at java.lang.Class java.lang.ClassLoader.loadClass(java.lang.String) (ClassLoader.java:312)
11-09 15:11:40.299 23653 23653 I zygote  :   at void android.support.v4.view.ViewCompat.setBackground(android.view.View, android.graphics.drawable.Drawable) (ViewCompat.java:2341)
11-09 15:11:40.299 23653 23653 I zygote  :   at void android.support.v7.widget.ActionBarContainer.<init>(android.content.Context, android.util.AttributeSet) (ActionBarContainer.java:62)
11-09 15:11:40.299 23653 23653 I zygote  :   at java.lang.Object java.lang.reflect.Constructor.newInstance0(java.lang.Object[]) (Constructor.java:-2)
11-09 15:11:40.299 23653 23653 I zygote  :   at java.lang.Object java.lang.reflect.Constructor.newInstance(java.lang.Object[]) (Constructor.java:334)
11-09 15:11:40.299 23653 23653 I zygote  :   at android.view.View android.view.LayoutInflater.createView(java.lang.String, java.lang.String, android.util.AttributeSet) (LayoutInflater.java:647)
11-09 15:11:40.299 23653 23653 I zygote  :   at android.view.View android.view.LayoutInflater.createViewFromTag(android.view.View, java.lang.String, android.content.Context, android.util.AttributeSet, boolean) (LayoutInflater.java:790)
11-09 15:11:40.299 23653 23653 I zygote  :   at android.view.View android.view.LayoutInflater.createViewFromTag(android.view.View, java.lang.String, android.content.Context, android.util.AttributeSet) (LayoutInflater.java:730)
11-09 15:11:40.299 23653 23653 I zygote  :   at void android.view.LayoutInflater.rInflate(org.xmlpull.v1.XmlPullParser, android.view.View, android.content.Context, android.util.AttributeSet, boolean) (LayoutInflater.java:863)
11-09 15:11:40.299 23653 23653 I zygote  :   at void android.view.LayoutInflater.rInflateChildren(org.xmlpull.v1.XmlPullParser, android.view.View, android.util.AttributeSet, boolean) (LayoutInflater.java:824)
11-09 15:11:40.299 23653 23653 I zygote  :   at android.view.View android.view.LayoutInflater.inflate(org.xmlpull.v1.XmlPullParser, android.view.ViewGroup, boolean) (LayoutInflater.java:515)
11-09 15:11:40.299 23653 23653 I zygote  :   at android.view.View android.view.LayoutInflater.inflate(int, android.view.ViewGroup, boolean) (LayoutInflater.java:423)
11-09 15:11:40.299 23653 23653 I zygote  :   at android.view.View android.view.LayoutInflater.inflate(int, android.view.ViewGroup) (LayoutInflater.java:374)
11-09 15:11:40.299 23653 23653 I zygote  :   at android.view.ViewGroup android.support.v7.app.AppCompatDelegateImpl.createSubDecor() (AppCompatDelegateImpl.java:607)
11-09 15:11:40.299 23653 23653 I zygote  :   at void android.support.v7.app.AppCompatDelegateImpl.ensureSubDecor() (AppCompatDelegateImpl.java:518)
11-09 15:11:40.299 23653 23653 I zygote  :   at void android.support.v7.app.AppCompatDelegateImpl.setContentView(int) (AppCompatDelegateImpl.java:466)
11-09 15:11:40.299 23653 23653 I zygote  :   at void android.support.v7.app.AppCompatActivity.setContentView(int) (AppCompatActivity.java:140)
11-09 15:11:40.299 23653 23653 I zygote  :   at void com.liyu.tcl.newsapp.SplashActivity.onCreate(android.os.Bundle) (SplashActivity.java:23)
11-09 15:11:40.299 23653 23653 I zygote  :   at void android.app.Activity.performCreate(android.os.Bundle, android.os.PersistableBundle) (Activity.java:7009)
11-09 15:11:40.299 23653 23653 I zygote  :   at void android.app.Activity.performCreate(android.os.Bundle) (Activity.java:7000)
11-09 15:11:40.299 23653 23653 I zygote  :   at void android.app.Instrumentation.callActivityOnCreate(android.app.Activity, android.os.Bundle) (Instrumentation.java:1219)
11-09 15:11:40.299 23653 23653 I zygote  :   at android.app.Activity android.app.ActivityThread.performLaunchActivity(android.app.ActivityThread$ActivityClientRecord, android.content.Intent) (ActivityThread.java:2876)
11-09 15:11:40.299 23653 23653 I zygote  :   at void android.app.ActivityThread.handleLaunchActivity(android.app.ActivityThread$ActivityClientRecord, android.content.Intent, java.lang.String) (ActivityThread.java:3001)
11-09 15:11:40.299 23653 23653 I zygote  :   at void android.app.ActivityThread.-wrap11(android.app.ActivityThread, android.app.ActivityThread$ActivityClientRecord, android.content.Intent, java.lang.String) (ActivityThread.java:-1)
11-09 15:11:40.299 23653 23653 I zygote  :   at void android.app.ActivityThread$H.handleMessage(android.os.Message) (ActivityThread.java:1731)
11-09 15:11:40.299 23653 23653 I zygote  :   at void android.os.Handler.dispatchMessage(android.os.Message) (Handler.java:106)
11-09 15:11:40.299 23653 23653 I zygote  :   at void android.os.Looper.loop() (Looper.java:164)
11-09 15:11:40.299 23653 23653 I zygote  :   at void android.app.ActivityThread.main(java.lang.String[]) (ActivityThread.java:6641)
11-09 15:11:40.299 23653 23653 I zygote  :   at java.lang.Object java.lang.reflect.Method.invoke(java.lang.Object, java.lang.Object[]) (Method.java:-2)
11-09 15:11:40.299 23653 23653 I zygote  :   at void com.android.internal.os.RuntimeInit$MethodAndArgsCaller.run() (RuntimeInit.java:445)
11-09 15:11:40.299 23653 23653 I zygote  :   at void com.android.internal.os.ZygoteInit.main(java.lang.String[]) (ZygoteInit.java:870)
11-09 15:11:40.299 23653 23653 I zygote  : 
11-09 15:11:40.300 23653 23653 I zygote  : Rejecting re-init on previously-failed class java.lang.Class<android.support.v4.view.ViewCompat$OnUnhandledKeyEventListenerWrapper>: java.lang.NoClassDefFoundError: Failed resolution of: Landroid/view/View$OnUnhandledKeyEventListener;
11-09 15:11:40.300 23653 23653 I zygote  :   at void android.support.v4.view.ViewCompat.setBackground(android.view.View, android.graphics.drawable.Drawable) (ViewCompat.java:2341)
11-09 15:11:40.300 23653 23653 I zygote  :   at void android.support.v7.widget.ActionBarContainer.<init>(android.content.Context, android.util.AttributeSet) (ActionBarContainer.java:62)
11-09 15:11:40.300 23653 23653 I zygote  :   at java.lang.Object java.lang.reflect.Constructor.newInstance0(java.lang.Object[]) (Constructor.java:-2)
11-09 15:11:40.300 23653 23653 I zygote  :   at java.lang.Object java.lang.reflect.Constructor.newInstance(java.lang.Object[]) (Constructor.java:334)
11-09 15:11:40.300 23653 23653 I zygote  :   at android.view.View android.view.LayoutInflater.createView(java.lang.String, java.lang.String, android.util.AttributeSet) (LayoutInflater.java:647)
11-09 15:11:40.300 23653 23653 I zygote  :   at android.view.View android.view.LayoutInflater.createViewFromTag(android.view.View, java.lang.String, android.content.Context, android.util.AttributeSet, boolean) (LayoutInflater.java:790)
11-09 15:11:40.300 23653 23653 I zygote  :   at android.view.View android.view.LayoutInflater.createViewFromTag(android.view.View, java.lang.String, android.content.Context, android.util.AttributeSet) (LayoutInflater.java:730)
11-09 15:11:40.300 23653 23653 I zygote  :   at void android.view.LayoutInflater.rInflate(org.xmlpull.v1.XmlPullParser, android.view.View, android.content.Context, android.util.AttributeSet, boolean) (LayoutInflater.java:863)
11-09 15:11:40.300 23653 23653 I zygote  :   at void android.view.LayoutInflater.rInflateChildren(org.xmlpull.v1.XmlPullParser, android.view.View, android.util.AttributeSet, boolean) (LayoutInflater.java:824)
11-09 15:11:40.300 23653 23653 I zygote  :   at android.view.View android.view.LayoutInflater.inflate(org.xmlpull.v1.XmlPullParser, android.view.ViewGroup, boolean) (LayoutInflater.java:515)
11-09 15:11:40.300 23653 23653 I zygote  :   at android.view.View android.view.LayoutInflater.inflate(int, android.view.ViewGroup, boolean) (LayoutInflater.java:423)
11-09 15:11:40.300 23653 23653 I zygote  :   at android.view.View android.view.LayoutInflater.inflate(int, android.view.ViewGroup) (LayoutInflater.java:374)
11-09 15:11:40.301 23653 23653 I zygote  :   at android.view.ViewGroup android.support.v7.app.AppCompatDelegateImpl.createSubDecor() (AppCompatDelegateImpl.java:607)
11-09 15:11:40.301 23653 23653 I zygote  :   at void android.support.v7.app.AppCompatDelegateImpl.ensureSubDecor() (AppCompatDelegateImpl.java:518)
11-09 15:11:40.301 23653 23653 I zygote  :   at void android.support.v7.app.AppCompatDelegateImpl.setContentView(int) (AppCompatDelegateImpl.java:466)
11-09 15:11:40.301 23653 23653 I zygote  :   at void android.support.v7.app.AppCompatActivity.setContentView(int) (AppCompatActivity.java:140)
11-09 15:11:40.301 23653 23653 I zygote  :   at void com.liyu.tcl.newsapp.SplashActivity.onCreate(android.os.Bundle) (SplashActivity.java:23)
11-09 15:11:40.301 23653 23653 I zygote  :   at void android.app.Activity.performCreate(android.os.Bundle, android.os.PersistableBundle) (Activity.java:7009)
11-09 15:11:40.301 23653 23653 I zygote  :   at void android.app.Activity.performCreate(android.os.Bundle) (Activity.java:7000)
11-09 15:11:40.301 23653 23653 I zygote  :   at void android.app.Instrumentation.callActivityOnCreate(android.app.Activity, android.os.Bundle) (Instrumentation.java:1219)
11-09 15:11:40.301 23653 23653 I zygote  :   at android.app.Activity android.app.ActivityThread.performLaunchActivity(android.app.ActivityThread$ActivityClientRecord, android.content.Intent) (ActivityThread.java:2876)
11-09 15:11:40.301 23653 23653 I zygote  :   at void android.app.ActivityThread.handleLaunchActivity(android.app.ActivityThread$ActivityClientRecord, android.content.Intent, java.lang.String) (ActivityThread.java:3001)
11-09 15:11:40.301 23653 23653 I zygote  :   at void android.app.ActivityThread.-wrap11(android.app.ActivityThread, android.app.ActivityThread$ActivityClientRecord, android.content.Intent, java.lang.String) (ActivityThread.java:-1)
11-09 15:11:40.301 23653 23653 I zygote  :   at void android.app.ActivityThread$H.handleMessage(android.os.Message) (ActivityThread.java:1731)
11-09 15:11:40.301 23653 23653 I zygote  :   at void android.os.Handler.dispatchMessage(android.os.Message) (Handler.java:106)
11-09 15:11:40.301 23653 23653 I zygote  :   at void android.os.Looper.loop() (Looper.java:164)
11-09 15:11:40.301 23653 23653 I zygote  :   at void android.app.ActivityThread.main(java.lang.String[]) (ActivityThread.java:6641)
11-09 15:11:40.301 23653 23653 I zygote  :   at java.lang.Object java.lang.reflect.Method.invoke(java.lang.Object, java.lang.Object[]) (Method.java:-2)
11-09 15:11:40.301 23653 23653 I zygote  :   at void com.android.internal.os.RuntimeInit$MethodAndArgsCaller.run() (RuntimeInit.java:445)
11-09 15:11:40.301 23653 23653 I zygote  :   at void com.android.internal.os.ZygoteInit.main(java.lang.String[]) (ZygoteInit.java:870)
11-09 15:11:40.301 23653 23653 I zygote  : Caused by: java.lang.ClassNotFoundException: Didn't find class "android.view.View$OnUnhandledKeyEventListener" on path: DexPathList[[zip file "/data/app/com.liyu.tcl.newsapp-iKiu9lbXTS9EYfQxCQIBCA==/base.apk", zip file "/data/app/com.liyu.tcl.newsapp-iKiu9lbXTS9EYfQxCQIBCA==/split_lib_dependencies_apk.apk", zip file "/data/app/com.liyu.tcl.newsapp-iKiu9lbXTS9EYfQxCQIBCA==/split_lib_resources_apk.apk", zip file "/data/app/com.liyu.tcl.newsapp-iKiu9lbXTS9EYfQxCQIBCA==/split_lib_slice_0_apk.apk", zip file "/data/app/com.liyu.tcl.newsapp-iKiu9lbXTS9EYfQxCQIBCA==/split_lib_slice_1_apk.apk", zip file "/data/app/com.liyu.tcl.newsapp-iKiu9lbXTS9EYfQxCQIBCA==/split_lib_slice_2_apk.apk", zip file "/data/app/com.liyu.tcl.newsapp-iKiu9lbXTS9EYfQxCQIBCA==/split_lib_slice_3_apk.apk", zip file "/data/app/com.liyu.tcl.newsapp-iKiu9lbXTS9EYfQxCQIBCA==/split_lib_slice_4_apk.apk", zip file "/data/app/com.liyu.tcl.newsapp-iKiu9lbXTS9EYfQxCQIBCA==/split_lib_slice_5_apk.apk", zip file "/data/app/com.liyu.tcl.newsapp-iKiu9lbXTS9EY
11-09 15:11:40.301 23653 23653 I zygote  :   at java.lang.Class dalvik.system.BaseDexClassLoader.findClass(java.lang.String) (BaseDexClassLoader.java:125)
11-09 15:11:40.301 23653 23653 I zygote  :   at java.lang.Class java.lang.ClassLoader.loadClass(java.lang.String, boolean) (ClassLoader.java:379)
11-09 15:11:40.301 23653 23653 I zygote  :   at java.lang.Class java.lang.ClassLoader.loadClass(java.lang.String) (ClassLoader.java:312)
11-09 15:11:40.301 23653 23653 I zygote  :   at void android.support.v4.view.ViewCompat.setBackground(android.view.View, android.graphics.drawable.Drawable) (ViewCompat.java:2341)
11-09 15:11:40.301 23653 23653 I zygote  :   at void android.support.v7.widget.ActionBarContainer.<init>(android.content.Context, android.util.AttributeSet) (ActionBarContainer.java:62)
11-09 15:11:40.301 23653 23653 I zygote  :   at java.lang.Object java.lang.reflect.Constructor.newInstance0(java.lang.Object[]) (Constructor.java:-2)
11-09 15:11:40.301 23653 23653 I zygote  :   at java.lang.Object java.lang.reflect.Constructor.newInstance(java.lang.Object[]) (Constructor.java:334)
11-09 15:11:40.301 23653 23653 I zygote  :   at android.view.View android.view.LayoutInflater.createView(java.lang.String, java.lang.String, android.util.AttributeSet) (LayoutInflater.java:647)
11-09 15:11:40.301 23653 23653 I zygote  :   at android.view.View android.view.LayoutInflater.createViewFromTag(android.view.View, java.lang.String, android.content.Context, android.util.AttributeSet, boolean) (LayoutInflater.java:790)
11-09 15:11:40.301 23653 23653 I zygote  :   at android.view.View android.view.LayoutInflater.createViewFromTag(android.view.View, java.lang.String, android.content.Context, android.util.AttributeSet) (LayoutInflater.java:730)
11-09 15:11:40.301 23653 23653 I zygote  :   at void android.view.LayoutInflater.rInflate(org.xmlpull.v1.XmlPullParser, android.view.View, android.content.Context, android.util.AttributeSet, boolean) (LayoutInflater.java:863)
11-09 15:11:40.301 23653 23653 I zygote  :   at void android.view.LayoutInflater.rInflateChildren(org.xmlpull.v1.XmlPullParser, android.view.View, android.util.AttributeSet, boolean) (LayoutInflater.java:824)
11-09 15:11:40.301 23653 23653 I zygote  :   at android.view.View android.view.LayoutInflater.inflate(org.xmlpull.v1.XmlPullParser, android.view.ViewGroup, boolean) (LayoutInflater.java:515)
11-09 15:11:40.301 23653 23653 I zygote  :   at android.view.View android.view.LayoutInflater.inflate(int, android.view.ViewGroup, boolean) (LayoutInflater.java:423)
11-09 15:11:40.301 23653 23653 I zygote  :   at android.view.View android.view.LayoutInflater.inflate(int, android.view.ViewGroup) (LayoutInflater.java:374)
11-09 15:11:40.301 23653 23653 I zygote  :   at android.view.ViewGroup android.support.v7.app.AppCompatDelegateImpl.createSubDecor() (AppCompatDelegateImpl.java:607)
11-09 15:11:40.301 23653 23653 I zygote  :   at void android.support.v7.app.AppCompatDelegateImpl.ensureSubDecor() (AppCompatDelegateImpl.java:518)
11-09 15:11:40.301 23653 23653 I zygote  :   at void android.support.v7.app.AppCompatDelegateImpl.setContentView(int) (AppCompatDelegateImpl.java:466)
11-09 15:11:40.301 23653 23653 I zygote  :   at void android.support.v7.app.AppCompatActivity.setContentView(int) (AppCompatActivity.java:140)
11-09 15:11:40.301 23653 23653 I zygote  :   at void com.liyu.tcl.newsapp.SplashActivity.onCreate(android.os.Bundle) (SplashActivity.java:23)
11-09 15:11:40.301 23653 23653 I zygote  :   at void android.app.Activity.performCreate(android.os.Bundle, android.os.PersistableBundle) (Activity.java:7009)
11-09 15:11:40.301 23653 23653 I zygote  :   at void android.app.Activity.performCreate(android.os.Bundle) (Activity.java:7000)
11-09 15:11:40.301 23653 23653 I zygote  :   at void android.app.Instrumentation.callActivityOnCreate(android.app.Activity, android.os.Bundle) (Instrumentation.java:1219)
11-09 15:11:40.301 23653 23653 I zygote  :   at android.app.Activity android.app.ActivityThread.performLaunchActivity(android.app.ActivityThread$ActivityClientRecord, android.content.Intent) (ActivityThread.java:2876)
11-09 15:11:40.301 23653 23653 I zygote  :   at void android.app.ActivityThread.handleLaunchActivity(android.app.ActivityThread$ActivityClientRecord, android.content.Intent, java.lang.String) (ActivityThread.java:3001)
11-09 15:11:40.301 23653 23653 I zygote  :   at void android.app.ActivityThread.-wrap11(android.app.ActivityThread, android.app.ActivityThread$ActivityClientRecord, android.content.Intent, java.lang.String) (ActivityThread.java:-1)
11-09 15:11:40.301 23653 23653 I zygote  :   at void android.app.ActivityThread$H.handleMessage(android.os.Message) (ActivityThread.java:1731)
11-09 15:11:40.301 23653 23653 I zygote  :   at void android.os.Handler.dispatchMessage(android.os.Message) (Handler.java:106)
11-09 15:11:40.301 23653 23653 I zygote  :   at void android.os.Looper.loop() (Looper.java:164)
11-09 15:11:40.301 23653 23653 I zygote  :   at void android.app.ActivityThread.main(java.lang.String[]) (ActivityThread.java:6641)
11-09 15:11:40.301 23653 23653 I zygote  :   at java.lang.Object java.lang.reflect.Method.invoke(java.lang.Object, java.lang.Object[]) (Method.java:-2)
11-09 15:11:40.301 23653 23653 I zygote  :   at void com.android.internal.os.RuntimeInit$MethodAndArgsCaller.run() (RuntimeInit.java:445)
11-09 15:11:40.301 23653 23653 I zygote  :   at void com.android.internal.os.ZygoteInit.main(java.lang.String[]) (ZygoteInit.java:870)
11-09 15:11:40.301 23653 23653 I zygote  : 
11-09 15:11:40.349  3113  3130 D AAL     : 11-09 03:11:40.192 BL= 345,ESS= 256, 11-09 03:11:40.239 BL= 346,ESS= 256, 11-09 03:11:40.271 BL= 347,ESS= 256, 11-09 03:11:40.302 BL= 348,ESS= 256, 11-09 03:11:40.349 BL= 349,ESS= 256, 
11-09 15:11:40.390 23653 23653 I SystemServiceRegistry: AttrName service = android.app.IAttrNameManager$Stub$Proxy@9a23614
11-09 15:11:40.391 23653 23653 I AttrNameManager: <<<<<<<<<mService = android.app.IAttrNameManager$Stub$Proxy@9a23614
11-09 15:11:40.395  3601  4777 E TouchFilter: setTouchFilter LOG Enable prameter: 0
11-09 15:11:40.395  3601  4777 D EventHub: Event Hub Touch Filter log is disabled
11-09 15:11:40.395  3601  4777 D EventHub: Event Hub Touch Filter is enabled
11-09 15:11:40.425 23653 23653 D skia    : SkJpegCodec::onGetPixels + (1600, 1600)
11-09 15:11:40.414 23653 23653 I iyu.tcl.newsapp: type=1400 audit(0.0:11551): avc: denied { search } for name="clients" dev="debugfs" ino=6248 scontext=u:r:untrusted_app:s0:c512,c768 tcontext=u:object_r:debugfs_ion:s0 tclass=dir permissive=1
11-09 15:11:40.514 23653 23653 D skia    : SkJpegCodec::onGetPixels -
11-09 15:11:40.538  3113  3130 D AAL     : 11-09 03:11:40.381 BL= 350,ESS= 256, 11-09 03:11:40.428 BL= 351,ESS= 256, 11-09 03:11:40.459 BL= 352,ESS= 256, 11-09 03:11:40.490 BL= 353,ESS= 256, 11-09 03:11:40.538 BL= 354,ESS= 256, 
11-09 15:11:40.562  4043  4043 D TclSystemUIOP00: validateInput : upper_limit = -44
11-09 15:11:40.596 23653 23653 D skia_mt : canRunInCoworker = true
11-09 15:11:40.639 23653 23653 I SurfaceFactory: [static] sSurfaceFactory = com.mediatek.view.impl.SurfaceFactoryImpl@71b19b9
11-09 15:11:40.646   416  1068 I SurfaceFlinger: EventThread Client Pid (23653) created
11-09 15:11:40.646   416  1068 I SurfaceFlinger: EventThread Client Pid (23653) created
11-09 15:11:40.651 23653 23653 D WindowClient: Add to mViews: DecorView@36633ac[SplashActivity], this = android.view.WindowManagerGlobal@94a9875
11-09 15:11:40.653 23653 23653 D OpenGLRenderer: Dumper init 4 threads <0x979fe620>
11-09 15:11:40.654 23653 23653 D OpenGLRenderer: <com.liyu.tcl.newsapp> is running.
11-09 15:11:40.656   416  1068 I SurfaceFlinger: EventThread Client Pid (23653) created
11-09 15:11:40.656 23653 23678 D OpenGLRenderer: HWUI GL Pipeline
11-09 15:11:40.663 23653 23653 D ViewRootImpl[SplashActivity]: hardware acceleration = true , fakeHwAccelerated = false, sRendererDisabled = false, forceHwAccelerated = false, sSystemRendererDisabled = false
11-09 15:11:40.666   416  1068 I SurfaceFlinger: [SF client] NEW(0xb1a2f2c0) for (3601:system_server)
11-09 15:11:40.683 23653 23653 V PhoneWindow: DecorView setVisiblity: visibility = 0, Parent = ViewRoot{eb4c00a com.liyu.tcl.newsapp/com.liyu.tcl.newsapp.SplashActivity,ident = 0}, this = DecorView@36633ac[SplashActivity]
11-09 15:11:40.688  3601  3611 I zygote  : Background concurrent copying GC freed 282068(15MB) AllocSpace objects, 44(1456KB) LOS objects, 42% free, 20MB/35MB, paused 306us total 293.180ms
11-09 15:11:40.710  3113  3130 D AAL     : 11-09 03:11:40.569 BL= 355,ESS= 256, 11-09 03:11:40.600 BL= 356,ESS= 256, 11-09 03:11:40.647 BL= 357,ESS= 256, 11-09 03:11:40.679 BL= 358,ESS= 256, 11-09 03:11:40.710 BL= 359,ESS= 256, 
11-09 15:11:40.722  3601  4611 I WindowManager: Relayout Window{129003a u0 com.liyu.tcl.newsapp/com.liyu.tcl.newsapp.SplashActivity}: oldVis=4 newVis=0 focusMayChange = true
11-09 15:11:40.725  3601  4611 V WindowManager: Changing focus from null to Window{129003a u0 com.liyu.tcl.newsapp/com.liyu.tcl.newsapp.SplashActivity} Callers=com.android.server.wm.WindowManagerService.relayoutWindow:2200 com.android.server.wm.Session.relayout:239 android.view.IWindowSession$Stub.onTransact:286 com.android.server.wm.Session.onTransact:163 
11-09 15:11:40.725  3601  4611 D WindowManager: Input focus has changed to Window{129003a u0 com.liyu.tcl.newsapp/com.liyu.tcl.newsapp.SplashActivity}
11-09 15:11:40.730  3601  3697 I WindowManager: Focus moving from null to Window{129003a u0 com.liyu.tcl.newsapp/com.liyu.tcl.newsapp.SplashActivity}
11-09 15:11:40.736   416   416 I DisplayDevice: [Built-in Screen (type:0)] fps:17.408783,dur:1206.29,max:657.93,min:11.93
11-09 15:11:40.745 23653 23678 I com.liyu.tcl.newsapp: android::hardware::configstore::V1_0::ISurfaceFlingerConfigs::hasWideColorDisplay retrieved: 0
11-09 15:11:40.745 23653 23678 I OpenGLRenderer: Initialized EGL, version 1.4
11-09 15:11:40.745 23653 23678 D OpenGLRenderer: Swap behavior 2
11-09 15:11:40.764 23653 23678 D OpenGLRenderer: [init] completed
11-09 15:11:40.765 23653 23678 D HWUIExtension: MTKProgramCache.init: enable enhancement 1
11-09 15:11:40.765 23653 23678 I HWUIExtension: Get disable program binary service property (0)
11-09 15:11:40.765 23653 23678 I HWUIExtension: Initializing program atlas...
11-09 15:11:40.765 23653 23678 I ProgramBinary/Service: ProgramBinaryService client side disable debugging.
11-09 15:11:40.765 23653 23678 I ProgramBinary/Service: ProgramBinaryService client side disable binary content debugging.
11-09 15:11:40.766 23653 23678 D ProgramBinary/Service: BpProgramBinaryService.getReady
11-09 15:11:40.766 23653 23678 D ProgramBinary/Service: BpProgramBinaryService.getProgramBinaryData
11-09 15:11:40.766 23653 23678 I HWUIExtension: Program binary detail: Binary length is 314156, program map length is 104.
11-09 15:11:40.767 23653 23678 I HWUIExtension: Succeeded to mmap program binaries. File descriptor is 79, and path is /dev/ashmem.
11-09 15:11:40.767 23653 23678 I HWUIExtension: No need to use file discriptor anymore, close fd(79).
11-09 15:11:40.767 23653 23678 D HWUIExtension: Dumper init 4 threads <0x85e1bee0>
11-09 15:11:40.767 23653 23678 D HWUIExtension: <com.liyu.tcl.newsapp> is running.
11-09 15:11:40.768 23653 23678 D HWUIExtension: Initializing program cache from 0x0, size = -1
11-09 15:11:40.808 14144 14144 I GoogleInputMethod: onFinishInput() : Dummy InputConnection bound
11-09 15:11:40.808 14144 14144 I GoogleInputMethod: onStartInput() : Dummy InputConnection bound
11-09 15:11:40.820 23653 23653 I SplashActivity: Animation start...
11-09 15:11:40.836 23653 23678 D HWUIExtension: MTKProgramCache.generateProgram: 0
11-09 15:11:40.838 23653 23678 D HWUIExtension: createProgram 0x0000000000000000, binary 0x9545d000, length 10736, format 37168 within 885ns
11-09 15:11:40.842 23653 23678 D HWUIExtension: MTKProgramCache.generateProgram: 240518168576
11-09 15:11:40.843 23653 23678 D HWUIExtension: createProgram 0x0000003800000000, binary 0x95462661, length 11450, format 37168 within 465ns
11-09 15:11:40.845 23653 23678 D HWUIExtension: MTKProgramCache.generateProgram: 562984313159683
11-09 15:11:40.845 23653 23678 D HWUIExtension: createProgram 0x0002000800000003, binary 0x9547058b, length 11447, format 37168 within 399ns
11-09 15:11:40.854  3601  3794 D View    : [Warning] assignParent to null: this = DecorView@31b6864[newsapp]
11-09 15:11:40.858  3601  3794 D WindowClient: Remove from mViews: DecorView@31b6864[newsapp], this = android.view.WindowManagerGlobal@5a47483
11-09 15:11:40.859  3601  3697 I ActivityManager: Displayed com.liyu.tcl.newsapp/.SplashActivity: +1s353ms
11-09 15:11:40.893   416   416 W Layer   : [Splash Screen com.liyu.tcl.newsapp#0] opaque layer with plane alpha:0.80 cannot be handled by hwcomposer
11-09 15:11:40.899  3113  3130 D AAL     : 11-09 03:11:40.757 BL= 360,ESS= 256, 11-09 03:11:40.788 BL= 361,ESS= 256, 11-09 03:11:40.836 BL= 362,ESS= 256, 11-09 03:11:40.867 BL= 363,ESS= 256, 11-09 03:11:40.899 BL= 364,ESS= 256, 
11-09 15:11:40.907   416   416 W Layer   : [Splash Screen com.liyu.tcl.newsapp#0] opaque layer with plane alpha:0.59 cannot be handled by hwcomposer
11-09 15:11:40.923   416   416 W Layer   : [Splash Screen com.liyu.tcl.newsapp#0] opaque layer with plane alpha:0.37 cannot be handled by hwcomposer
11-09 15:11:40.939   416   416 W Layer   : [Splash Screen com.liyu.tcl.newsapp#0] opaque layer with plane alpha:0.17 cannot be handled by hwcomposer
11-09 15:11:40.946 23653 23678 D HWUIExtension: MTKProgramCache.generateProgram: 1
11-09 15:11:40.948 23653 23678 D HWUIExtension: createProgram 0x0000000000000001, binary 0x95498776, length 11505, format 37168 within 1245ns
11-09 15:11:40.952  6364  6422 I GoLog   : Nov 09 07:11:40.952 - 666m39s DEBUG chained: overhead.go:22 App Traffic: 113 MB  Wire Traffic: 116 MB  Overhead: 2.78%
11-09 15:11:40.959 23653 23678 D HWUIExtension: MTKProgramCache.generateProgram: 562984313159681
11-09 15:11:40.961 23653 23678 D HWUIExtension: createProgram 0x0002000800000001, binary 0x95476600, length 11727, format 37168 within 1226ns
11-09 15:11:40.971   416  1409 E SurfaceFlinger: Failed to find layer (Splash Screen com.liyu.tcl.newsapp#0) in layer parent (no-parent).
11-09 15:11:41.087  3113  3130 D AAL     : 11-09 03:11:40.930 BL= 365,ESS= 256, 11-09 03:11:40.977 BL= 366,ESS= 256, 11-09 03:11:41.008 BL= 367,ESS= 256, 11-09 03:11:41.039 BL= 368,ESS= 256, 11-09 03:11:41.087 BL= 369,ESS= 256, 
11-09 15:11:41.196  3601  3841 D WifiStateMachine:  MtkL2ConnectedState { when=-3ms what=131155 arg1=68 target=com.android.internal.util.StateMachine$SmHandler } 68 0, mShouldDeferDisableWifi = false, mState = MONITORING
11-09 15:11:41.259  3113  3130 D AAL     : 11-09 03:11:41.118 BL= 370,ESS= 256, 11-09 03:11:41.149 BL= 371,ESS= 256, 11-09 03:11:41.196 BL= 372,ESS= 256, 11-09 03:11:41.228 BL= 373,ESS= 256, 11-09 03:11:41.259 BL= 374,ESS= 256, 
11-09 15:11:41.304  4620  4620 I ParallaxUI: ParallaxWallpaper.getWallpaperResolution() => WallpaperManager.getWallpaperResolution() not available
11-09 15:11:41.337  6364  6519 I GoLog   : Nov 09 07:11:41.336 - 666m40s DEBUG balancer: balancer.go:594 ----------- Dialer Stats (11h6m39.976260615s) ----------- [op=client_started root_op=client_started startup_time=0.61844823]
11-09 15:11:41.338  6364  6441 I GoLog   : Nov 09 07:11:41.337 - 666m40s DEBUG balancer: balancer.go:602 fp-dosgp1-20181002-127-lampshade       at    209.97.175.221:443 (t)  P:  4  R:  0  A: 2340( 1794)  S: 1960( 1413)  CS:   4  F:  380(  381)  CF:   0  R: 0.994  L: 8063ms  B:   3.16Mbps  T:  4.1 MB/ 108 MB  P:   0(  0kb)/  0(  0kb) [op=client_started root_op=client_started startup_time=0.61844823]
11-09 15:11:41.338  6364  6496 I GoLog   : Nov 09 07:11:41.338 - 666m40s DEBUG balancer: balancer.go:626 ----------- End Dialer Stats ----------- [op=client_started root_op=client_started startup_time=0.61844823]
