11-09 15:11:27.717 23548 23601 W ContextImpl: Calling a method in the system process without a qualified user: android.app.ContextImpl.startService:1477 android.content.ContextWrapper.startService:654 com.tct.onetouchbooster.service.AppClassifyService.classifyAppByPkg:215 com.tct.onetouchbooster.service.AppClassifyService.onHandleIntent:102 android.app.IntentService$ServiceHandler.handleMessage:76 
11-09 15:11:27.731  3601  4777 I ActivityManager: Killing 23112:com.android.documentsui/u0a53 (adj 906): empty #9
11-09 15:11:27.733  3601  3692 W system_server: kill(-23112, 9) failed: No such process
11-09 15:11:27.751  3113  3130 D AAL     : 11-09 03:11:27.594 BL= 379,ESS= 256, 11-09 03:11:27.641 BL= 378,ESS= 256, 11-09 03:11:27.674 BL= 377,ESS= 256, 11-09 03:11:27.704 BL= 376,ESS= 256, 11-09 03:11:27.751 BL= 375,ESS= 256, 
11-09 15:11:27.773  3601  3692 W system_server: kill(-23112, 9) failed: No such process
11-09 15:11:27.774  3601  3692 I system_server: Successfully killed process cgroup uid 10053 pid 23112 in 41ms
11-09 15:11:27.803  4653  4653 W ContextImpl: Calling a method in the system process without a qualified user: android.app.ContextImpl.sendBroadcast:982 android.content.ContextWrapper.sendBroadcast:446 com.tct.onetouchbooster.module.battery.util.Utils.setPackageRestrictState:2133 com.tct.onetouchbooster.module.battery.util.Utils.setRestrictPackageSingle:1964 com.tct.onetouchbooster.service.BoosterService.parseLaunchXmlOne:5009 
11-09 15:11:27.805  4653  4653 E PW/AppUtil: isAppInFocus Exception e = java.lang.NoSuchMethodException: isAppInFocus [class java.lang.String]
11-09 15:11:27.872 23564 23570 I zygote  : Do partial code cache collection, code=60KB, data=61KB
11-09 15:11:27.873 23564 23570 I zygote  : After code cache collection, code=60KB, data=61KB
11-09 15:11:27.873 23564 23570 I zygote  : Increasing code cache capacity to 256KB
11-09 15:11:27.924  3113  3130 D AAL     : 11-09 03:11:27.783 BL= 374,ESS= 256, 11-09 03:11:27.815 BL= 373,ESS= 256, 11-09 03:11:27.861 BL= 372,ESS= 256, 11-09 03:11:27.893 BL= 371,ESS= 256, 11-09 03:11:27.924 BL= 370,ESS= 256, 
11-09 15:11:28.011 23564 23570 I zygote  : Compiler allocated 5MB to compile void android.view.ViewRootImpl.performTraversals()
11-09 15:11:28.112  3113  3130 D AAL     : 11-09 03:11:27.971 BL= 369,ESS= 256, 11-09 03:11:28.002 BL= 368,ESS= 256, 11-09 03:11:28.034 BL= 367,ESS= 256, 11-09 03:11:28.081 BL= 366,ESS= 256, 11-09 03:11:28.112 BL= 365,ESS= 256, 
11-09 15:11:28.300  3113  3130 D AAL     : 11-09 03:11:28.143 BL= 364,ESS= 256, 11-09 03:11:28.191 BL= 363,ESS= 256, 11-09 03:11:28.222 BL= 362,ESS= 256, 11-09 03:11:28.253 BL= 361,ESS= 256, 11-09 03:11:28.300 BL= 360,ESS= 256, 
11-09 15:11:28.313  3601  4640 E TouchFilter: setTouchFilter LOG Enable prameter: 0
11-09 15:11:28.313  3601  4640 D EventHub: Event Hub Touch Filter log is disabled
11-09 15:11:28.313  3601  4640 D EventHub: Event Hub Touch Filter is enabled
11-09 15:11:28.328  1703  1722 D GasService: pkg a:[com.liyu.tcl.newsapp] [D] pid:23564 uid:10253 audio:0,_s:0
11-09 15:11:28.489  3113  3130 D AAL     : 11-09 03:11:28.332 BL= 359,ESS= 256, 11-09 03:11:28.379 BL= 358,ESS= 256, 11-09 03:11:28.410 BL= 357,ESS= 256, 11-09 03:11:28.442 BL= 356,ESS= 256, 11-09 03:11:28.489 BL= 355,ESS= 256, 
11-09 15:11:28.546   416   416 I DisplayDevice: [Built-in Screen (type:0)] fps:63.770817,dur:1003.59,max:16.57,min:14.83
11-09 15:11:28.631 23564 23564 I SplashActivity: Animation end...
11-09 15:11:28.642 23564 23564 I INFO    : flag: false
11-09 15:11:28.662  3113  3130 D AAL     : 11-09 03:11:28.520 BL= 354,ESS= 256, 11-09 03:11:28.551 BL= 353,ESS= 256, 11-09 03:11:28.598 BL= 352,ESS= 256, 11-09 03:11:28.630 BL= 351,ESS= 256, 11-09 03:11:28.662 BL= 350,ESS= 256, 
11-09 15:11:28.665  3601  4640 I ActivityManager: START u0 {cmp=com.liyu.tcl.newsapp/.GuideActivity} from uid 10253
11-09 15:11:28.670   411   445 I vendor.mediatek.hardware.power@1.1-impl: PowerHint hint:8, data:1
11-09 15:11:28.729  3601  4777 V WindowManager: Set focused app to: AppWindowToken{b58d0c2 token=Token{5d377a4 ActivityRecord{53d6637 u0 com.liyu.tcl.newsapp/.GuideActivity t1330}}} old focus=AppWindowToken{8ca8a3e token=Token{f35c5bc ActivityRecord{1febd89 u0 com.liyu.tcl.newsapp/.SplashActivity t1330}}} moveFocusNow=true
11-09 15:11:28.730  3601  4777 V WindowManager: Changing focus from Window{f397a5e u0 com.liyu.tcl.newsapp/com.liyu.tcl.newsapp.SplashActivity} to null Callers=com.android.server.wm.WindowManagerService.setFocusedApp:2772 com.android.server.am.ActivityManagerService.setResumedActivityUncheckLocked:3306 com.android.server.am.ActivityStack.setResumedActivityLocked:2284 com.android.server.am.ActivityStack.minimalResumeActivityLocked:1093 
11-09 15:11:28.731  3601  4777 D WindowManager: Input focus has changed to null
11-09 15:11:28.734  3601  3697 I WindowManager: Focus moving from Window{f397a5e u0 com.liyu.tcl.newsapp/com.liyu.tcl.newsapp.SplashActivity} to null
11-09 15:11:28.736   411   445 I vendor.mediatek.hardware.power@1.1-impl: notifyAppState pack:com.liyu.tcl.newsapp, act:com.liyu.tcl.newsapp.activity.GuideActivity, pid:23564, state:1
11-09 15:11:28.850  3113  3130 D AAL     : 11-09 03:11:28.708 BL= 349,ESS= 256, 11-09 03:11:28.740 BL= 348,ESS= 256, 11-09 03:11:28.771 BL= 347,ESS= 256, 11-09 03:11:28.818 BL= 346,ESS= 256, 11-09 03:11:28.850 BL= 345,ESS= 256, 
11-09 15:11:28.961 23564 23564 I SystemServiceRegistry: AttrName service = android.app.IAttrNameManager$Stub$Proxy@2480e4b
11-09 15:11:28.962 23564 23564 I AttrNameManager: <<<<<<<<<mService = android.app.IAttrNameManager$Stub$Proxy@2480e4b
11-09 15:11:28.998 23564 23564 D skia_mt : canRunInCoworker = true
11-09 15:11:29.023 23564 23564 D skia_mt : canRunInCoworker = true
11-09 15:11:29.038  3113  3130 D AAL     : 11-09 03:11:28.881 BL= 344,ESS= 256, 11-09 03:11:28.928 BL= 343,ESS= 256, 11-09 03:11:28.959 BL= 342,ESS= 256, 11-09 03:11:28.991 BL= 341,ESS= 256, 11-09 03:11:29.038 BL= 340,ESS= 256, 
11-09 15:11:29.043 23564 23564 D skia_mt : canRunInCoworker = true
11-09 15:11:29.060 23564 23564 V PhoneWindow: DecorView setVisiblity: visibility = 4, Parent = null, this = DecorView@3dda779[]
11-09 15:11:29.062 23564 23564 D WindowClient: Add to mViews: DecorView@3dda779[GuideActivity], this = android.view.WindowManagerGlobal@94a9875
11-09 15:11:29.066 23564 23564 D ViewRootImpl[GuideActivity]: hardware acceleration = true , fakeHwAccelerated = false, sRendererDisabled = false, forceHwAccelerated = false, sSystemRendererDisabled = false
11-09 15:11:29.071 23564 23564 V PhoneWindow: DecorView setVisiblity: visibility = 0, Parent = ViewRoot{fcd6c6c com.liyu.tcl.newsapp/com.liyu.tcl.newsapp.activity.GuideActivity,ident = 1}, this = DecorView@3dda779[GuideActivity]
11-09 15:11:29.116  3113  3130 D AAL     : 11-09 03:11:29.069 BL= 339,ESS= 256, 11-09 03:11:29.101 BL= 338,ESS= 256, 
11-09 15:11:29.127  3601  4500 I WindowManager: Relayout Window{4d83909 u0 com.liyu.tcl.newsapp/com.liyu.tcl.newsapp.activity.GuideActivity}: oldVis=4 newVis=0 focusMayChange = true
11-09 15:11:29.135  3601  4500 V WindowManager: Changing focus from null to Window{4d83909 u0 com.liyu.tcl.newsapp/com.liyu.tcl.newsapp.activity.GuideActivity} Callers=com.android.server.wm.WindowManagerService.relayoutWindow:2200 com.android.server.wm.Session.relayout:239 android.view.IWindowSession$Stub.onTransact:286 com.android.server.wm.Session.onTransact:163
11-09 15:11:29.135  3601  4500 D WindowManager: Input focus has changed to Window{4d83909 u0 com.liyu.tcl.newsapp/com.liyu.tcl.newsapp.activity.GuideActivity}
11-09 15:11:29.143  3601  3841 D WifiStateMachine:  MtkL2ConnectedState { when=-4ms what=131155 arg1=68 target=com.android.internal.util.StateMachine$SmHandler } 68 0, mShouldDeferDisableWifi = false, mState = MONITORING
11-09 15:11:29.145  3601  3697 I WindowManager: Focus moving from null to Window{4d83909 u0 com.liyu.tcl.newsapp/com.liyu.tcl.newsapp.activity.GuideActivity}
11-09 15:11:29.201 23564 23624 D HWUIExtension: MTKProgramCache.generateProgram: 68719476736
11-09 15:11:29.202 23564 23624 D HWUIExtension: createProgram 0x0000001000000000, binary 0x9546da2a, length 11105, format 37168 within 733ns
11-09 15:11:29.214  3601  3697 I ActivityManager: Displayed com.liyu.tcl.newsapp/.GuideActivity: +488ms
11-09 15:11:29.214 14144 14144 I GoogleInputMethod: onFinishInput() : Dummy InputConnection bound
11-09 15:11:29.215 14144 14144 I GoogleInputMethod: onStartInput() : Dummy InputConnection bound
11-09 15:11:29.236   416   416 W Layer   : [com.liyu.tcl.newsapp/com.liyu.tcl.newsapp.SplashActivity#0] opaque layer with plane alpha:0.99 cannot be handled by hwcomposer
11-09 15:11:29.236   416   416 W Layer   : [com.liyu.tcl.newsapp/com.liyu.tcl.newsapp.activity.GuideActivity#0] opaque layer with plane alpha:0.48 cannot be handled by hwcomposer
11-09 15:11:29.250   411   445 I vendor.mediatek.hardware.power@1.1-impl: PowerHint hint:8, data:0
11-09 15:11:29.250   416   416 W Layer   : [com.liyu.tcl.newsapp/com.liyu.tcl.newsapp.SplashActivity#0] opaque layer with plane alpha:0.94 cannot be handled by hwcomposer
11-09 15:11:29.251   416   416 W Layer   : [com.liyu.tcl.newsapp/com.liyu.tcl.newsapp.activity.GuideActivity#0] opaque layer with plane alpha:0.77 cannot be handled by hwcomposer
11-09 15:11:29.255  4620  4620 V PhoneWindow: DecorView setVisiblity: visibility = 4, Parent = ViewRoot{e076230 com.tct.launcher/com.tct.launcher.Launcher,ident = 0}, this = DecorView@8d9c3e2[Launcher]
11-09 15:11:29.256  3601  4777 D IdleScreen: activityIdleScreen: android.app.ContextImpl@9092957 mNotifyNeeded: false idleIntent: Intent { act=android.intent.action.MAIN cat=[android.intent.category.HOME] flg=0x10800100 cmp=com.tct.launcher/.Launcher }
11-09 15:11:29.257  3601  4777 E PowerHalWrapper: <amsBoostStop> duration: 6000ms
11-09 15:11:29.266   416   416 W Layer   : [com.liyu.tcl.newsapp/com.liyu.tcl.newsapp.SplashActivity#0] opaque layer with plane alpha:0.88 cannot be handled by hwcomposer
11-09 15:11:29.266   416   416 W Layer   : [com.liyu.tcl.newsapp/com.liyu.tcl.newsapp.activity.GuideActivity#0] opaque layer with plane alpha:0.91 cannot be handled by hwcomposer
11-09 15:11:29.283   416   416 W Layer   : [com.liyu.tcl.newsapp/com.liyu.tcl.newsapp.SplashActivity#0] opaque layer with plane alpha:0.82 cannot be handled by hwcomposer
11-09 15:11:29.283   416   416 W Layer   : [com.liyu.tcl.newsapp/com.liyu.tcl.newsapp.activity.GuideActivity#0] opaque layer with plane alpha:0.98 cannot be handled by hwcomposer
11-09 15:11:29.298   416   416 W Layer   : [com.liyu.tcl.newsapp/com.liyu.tcl.newsapp.SplashActivity#0] opaque layer with plane alpha:0.75 cannot be handled by hwcomposer
11-09 15:11:29.298   416   416 W Layer   : [com.liyu.tcl.newsapp/com.liyu.tcl.newsapp.activity.GuideActivity#0] opaque layer with plane alpha:1.00 cannot be handled by hwcomposer
11-09 15:11:29.313   416   416 W Layer   : [com.liyu.tcl.newsapp/com.liyu.tcl.newsapp.SplashActivity#0] opaque layer with plane alpha:0.71 cannot be handled by hwcomposer
11-09 15:11:29.313   416   416 W Layer   : [com.liyu.tcl.newsapp/com.liyu.tcl.newsapp.activity.GuideActivity#0] opaque layer with plane alpha:1.00 cannot be handled by hwcomposer
11-09 15:11:29.329   416   416 W Layer   : [com.liyu.tcl.newsapp/com.liyu.tcl.newsapp.SplashActivity#0] opaque layer with plane alpha:0.70 cannot be handled by hwcomposer
11-09 15:11:29.420 23564 23564 D View    : [Warning] assignParent to null: this = DecorView@36633ac[SplashActivity]
11-09 15:11:29.423 23564 23564 D WindowClient: Remove from mViews: DecorView@36633ac[SplashActivity], this = android.view.WindowManagerGlobal@94a9875
11-09 15:11:29.430  3113  3130 D AAL     : 11-09 03:11:29.289 BL= 339,ESS= 256, 11-09 03:11:29.320 BL= 340,ESS= 256, 11-09 03:11:29.351 BL= 341,ESS= 256, 11-09 03:11:29.399 BL= 342,ESS= 256, 11-09 03:11:29.430 BL= 343,ESS= 256, 
11-09 15:11:29.603  3601  3701 D NetdConnector: SND -> {3847 bandwidth gettetherstats}
11-09 15:11:29.604  3601  3834 D NetdConnector: RCV <- {200 3847 Tethering stats list completed}
11-09 15:11:29.610  3601  3701 I NetworkStatsRecorder: recordSnapshotLocked: ident[[{type=WIFI, subType=COMBINED, networkId="WIN", metered=false}]]
11-09 15:11:29.610  3601  3701 W NetworkStatsRecorder: unknown interfaces [lo], ignoring those stats
11-09 15:11:29.610  3601  3701 I NetworkStatsRecorder: recordSnapshotLocked: ident[[{type=WIFI, subType=COMBINED, networkId="WIN", metered=false}]]
11-09 15:11:29.610  3601  3701 W NetworkStatsRecorder: unknown interfaces [lo], ignoring those stats
11-09 15:11:29.611  3601  3701 D NetworkStatsRecorder: vpnArray:[Lcom.android.internal.net.VpnInfo;@4d611d4
11-09 15:11:29.612  3601  3701 I NetworkStatsRecorder: recordSnapshotLocked: ident[[{type=WIFI, subType=COMBINED, networkId="WIN", metered=false}]]
11-09 15:11:29.612  3601  3701 W NetworkStatsRecorder: unknown interfaces [lo], ignoring those stats
11-09 15:11:29.612  3601  3701 D NetworkStatsRecorder: vpnArray:[Lcom.android.internal.net.VpnInfo;@4d611d4
11-09 15:11:29.613  3601  3701 W NetworkStatsRecorder: unknown interfaces [lo], ignoring those stats
11-09 15:11:29.614  3601  3701 D NetworkStatsRecorder: forcePersistLocked() writing for xt
11-09 15:11:29.618  3113  3130 D AAL     : 11-09 03:11:29.461 BL= 344,ESS= 256, 11-09 03:11:29.508 BL= 345,ESS= 256, 11-09 03:11:29.556 BL= 346,ESS= 256, 11-09 03:11:29.571 BL= 347,ESS= 256, 11-09 03:11:29.618 BL= 348,ESS= 256, 
11-09 15:11:29.634  3601  3701 D NetdConnector: SND -> {3848 bandwidth gettetherstats}
11-09 15:11:29.635  3601  3834 D NetdConnector: RCV <- {200 3848 Tethering stats list completed}
11-09 15:11:29.640  3601  3701 W NetworkStatsRecorder: unknown interfaces [lo], ignoring those stats
11-09 15:11:29.640  3601  3701 W NetworkStatsRecorder: unknown interfaces [lo], ignoring those stats
11-09 15:11:29.641  3601  3701 D NetworkStatsRecorder: vpnArray:[Lcom.android.internal.net.VpnInfo;@68c5f7d
11-09 15:11:29.642  3601  3701 W NetworkStatsRecorder: unknown interfaces [lo], ignoring those stats
11-09 15:11:29.642  3601  3701 D NetworkStatsRecorder: vpnArray:[Lcom.android.internal.net.VpnInfo;@68c5f7d
11-09 15:11:29.643  3601  3701 W NetworkStatsRecorder: unknown interfaces [lo], ignoring those stats
11-09 15:11:29.698 23548 23579 I zygote  : Waiting for a blocking GC ProfileSaver
11-09 15:11:29.791  3113  3130 D AAL     : 11-09 03:11:29.650 BL= 349,ESS= 256, 11-09 03:11:29.681 BL= 350,ESS= 256, 11-09 03:11:29.728 BL= 351,ESS= 256, 11-09 03:11:29.759 BL= 352,ESS= 256, 11-09 03:11:29.791 BL= 353,ESS= 256, 
11-09 15:11:29.948 23548 23579 I zygote  : WaitForGcToComplete blocked ProfileSaver on HeapTrim for 249.771ms
11-09 15:11:29.979  3113  3130 D AAL     : 11-09 03:11:29.838 BL= 354,ESS= 256, 11-09 03:11:29.869 BL= 355,ESS= 256, 11-09 03:11:29.901 BL= 356,ESS= 256, 11-09 03:11:29.948 BL= 357,ESS= 256, 11-09 03:11:29.979 BL= 358,ESS= 256, 
11-09 15:11:30.016  3601  3825 D InputReader: PERF: dispatchTouches ACTION_POINTER_DOWN:68519682, ID:0, Index:-1728739400
11-09 15:11:30.147   416   416 I DisplayDevice: [Built-in Screen (type:0)] fps:31.217308,dur:1601.68,max:707.35,min:12.68
11-09 15:11:30.155  3601  3825 D InputReader: PERF: dispatchTouches ACTION_POINTER_UP:68519821, ID:0, Index:-1728736008
11-09 15:11:30.167  3113  3130 D AAL     : 11-09 03:11:30.011 BL= 359,ESS= 256, 11-09 03:11:30.058 BL= 360,ESS= 256, 11-09 03:11:30.089 BL= 361,ESS= 256, 11-09 03:11:30.136 BL= 362,ESS= 256, 11-09 03:11:30.167 BL= 363,ESS= 256, 
11-09 15:11:30.191 23564 23570 I zygote  : Do full code cache collection, code=120KB, data=120KB
11-09 15:11:30.193 23564 23570 I zygote  : After code cache collection, code=105KB, data=96KB
11-09 15:11:30.356  3113  3130 D AAL     : 11-09 03:11:30.199 BL= 364,ESS= 256, 11-09 03:11:30.246 BL= 365,ESS= 256, 11-09 03:11:30.277 BL= 366,ESS= 256, 11-09 03:11:30.309 BL= 367,ESS= 256, 11-09 03:11:30.356 BL= 368,ESS= 256, 
11-09 15:11:30.467 23564 23570 I zygote  : Do partial code cache collection, code=125KB, data=114KB
11-09 15:11:30.469 23564 23570 I zygote  : After code cache collection, code=125KB, data=114KB
11-09 15:11:30.469 23564 23570 I zygote  : Increasing code cache capacity to 512KB
11-09 15:11:30.528  3113  3130 D AAL     : 11-09 03:11:30.387 BL= 369,ESS= 256, 11-09 03:11:30.418 BL= 370,ESS= 256, 11-09 03:11:30.465 BL= 371,ESS= 256, 11-09 03:11:30.497 BL= 372,ESS= 256, 11-09 03:11:30.528 BL= 373,ESS= 256, 
11-09 15:11:30.541  3601  3825 D InputReader: PERF: dispatchTouches ACTION_POINTER_DOWN:68520208, ID:0, Index:-1728739400
11-09 15:11:30.680  3601  3825 D InputReader: PERF: dispatchTouches ACTION_POINTER_UP:68520346, ID:0, Index:-1728736008
11-09 15:11:30.700 23564 23624 D HWUIExtension: MTKProgramCache.generateProgram: 562949953421313
11-09 15:11:30.700 23564 23624 D HWUIExtension: createProgram 0x0002000000000001, binary 0x9546531b, length 11505, format 37168 within 385ns
11-09 15:11:30.716  3113  3130 D AAL     : 11-09 03:11:30.575 BL= 374,ESS= 256, 11-09 03:11:30.607 BL= 375,ESS= 256, 11-09 03:11:30.654 BL= 376,ESS= 256, 11-09 03:11:30.685 BL= 377,ESS= 256, 11-09 03:11:30.716 BL= 378,ESS= 256, 
11-09 15:11:30.905  3113  3130 D AAL     : 11-09 03:11:30.748 BL= 379,ESS= 256, 11-09 03:11:30.795 BL= 380,ESS= 256, 11-09 03:11:30.826 BL= 381,ESS= 256, 11-09 03:11:30.858 BL= 382,ESS= 256, 11-09 03:11:30.905 BL= 383,ESS= 256, 
11-09 15:11:31.077  3113  3130 D AAL     : 11-09 03:11:30.936 BL= 384,ESS= 256, 11-09 03:11:30.967 BL= 385,ESS= 256, 11-09 03:11:31.014 BL= 386,ESS= 256, 11-09 03:11:31.046 BL= 387,ESS= 256, 11-09 03:11:31.077 BL= 388,ESS= 256, 
11-09 15:11:31.266  3113  3130 D AAL     : 11-09 03:11:31.124 BL= 389,ESS= 256, 11-09 03:11:31.156 BL= 390,ESS= 256, 11-09 03:11:31.187 BL= 391,ESS= 256, 11-09 03:11:31.234 BL= 392,ESS= 256, 11-09 03:11:31.266 BL= 393,ESS= 256, 
11-09 15:11:31.337  6364  6445 I GoLog   : Nov 09 07:11:31.337 - 666m30s DEBUG balancer: balancer.go:594 ----------- Dialer Stats (11h6m29.976800923s) ----------- [op=client_started root_op=client_started startup_time=0.61844823]
11-09 15:11:31.338  6364  6441 I GoLog   : Nov 09 07:11:31.337 - 666m30s DEBUG balancer: balancer.go:602 fp-dosgp1-20181002-127-lampshade       at    209.97.175.221:443 (t)  P:  4  R:  0  A: 2340( 1794)  S: 1960( 1413)  CS:   4  F:  380(  381)  CF:   0  R: 0.994  L: 8063ms  B:   3.16Mbps  T:  4.1 MB/ 108 MB  P:   0(  0kb)/  0(  0kb) [op=client_started root_op=client_started startup_time=0.61844823]
11-09 15:11:31.338  6364  6441 I GoLog   : Nov 09 07:11:31.338 - 666m30s DEBUG balancer: balancer.go:626 ----------- End Dialer Stats ----------- [op=client_started root_op=client_started startup_time=0.61844823]
11-09 15:11:31.420  3601  3825 D InputReader: PERF: dispatchTouches ACTION_POINTER_DOWN:68521086, ID:0, Index:-1728739400
11-09 15:11:31.450   416   416 I DisplayDevice: [Built-in Screen (type:0)] fps:45.299538,dur:1302.44,max:315.26,min:14.42
11-09 15:11:31.454  3113  3130 D AAL     : 11-09 03:11:31.297 BL= 394,ESS= 256, 11-09 03:11:31.344 BL= 395,ESS= 256, 11-09 03:11:31.375 BL= 396,ESS= 256, 11-09 03:11:31.407 BL= 397,ESS= 256, 11-09 03:11:31.454 BL= 398,ESS= 256, 
11-09 15:11:31.511  3601  3825 D InputReader: PERF: dispatchTouches ACTION_POINTER_UP:68521177, ID:0, Index:-1728736008
11-09 15:11:31.519  3601  3861 V PlayerBase: baseStart() piid=15
11-09 15:11:31.519  3601  3861 V AudioService.PlaybackActivityMonitor: playerEvent(piid=15, event=2)
11-09 15:11:31.520  3114  3274 V AudioPolicyIntefaceImpl: getOutput()
11-09 15:11:31.520  3114  3274 D APM::AudioPolicyEngine: persist.sys.headset_mode was not set, get the SDM value.
11-09 15:11:31.520  3114  3274 D APM::AudioPolicyEngine: persist.sys.headset_mode was not set, get the SDM value.
11-09 15:11:31.521  3114  3274 V AudioPolicyIntefaceImpl: getOutput()
11-09 15:11:31.521  3114  3274 D APM::AudioPolicyEngine: persist.sys.headset_mode was not set, get the SDM value.
11-09 15:11:31.521  3114  3274 D APM::AudioPolicyEngine: persist.sys.headset_mode was not set, get the SDM value.
11-09 15:11:31.521  3601  3861 D AudioTrack: setVolume(): left = 0.501187, right = 0.501187
11-09 15:11:31.521  3601  3861 D AudioTrack: start(): 0x979b0680, mState = 1
11-09 15:11:31.522  3114  3274 V AudioPolicyIntefaceImpl: startOutput()
11-09 15:11:31.522  3114  3274 D APM_AudioPolicyManager: startOutput() output 13, stream 1, session 169
11-09 15:11:31.522  3114  3274 V APM::AudioOutputDescriptor: changeRefCount() stream 1, count 1
11-09 15:11:31.522  3114  3274 D APM::AudioPolicyEngine: persist.sys.headset_mode was not set, get the SDM value.
11-09 15:11:31.524  3114  3274 I chatty  : uid=1041(audioserver) Binder:3114_2 identical 36 lines
11-09 15:11:31.524  3114  3274 D APM::AudioPolicyEngine: persist.sys.headset_mode was not set, get the SDM value.
11-09 15:11:31.524  3114  3274 D AudioPolicyManagerCustomImpl: setOutputDevice() mIoHandle 13 mId 3 device 0002(0002)(1101c7f) delayMs 0 force 0 size 2
11-09 15:11:31.524  3114  3274 D APM::AudioPolicyEngine: persist.sys.headset_mode was not set, get the SDM value.
11-09 15:11:31.526  3601  4777 I ActivityManager: START u0 {cmp=com.liyu.tcl.newsapp/.MainActivity} from uid 10253
11-09 15:11:31.528  3114  3274 I chatty  : uid=1041(audioserver) Binder:3114_2 identical 34 lines
11-09 15:11:31.528  3114  3274 D APM::AudioPolicyEngine: persist.sys.headset_mode was not set, get the SDM value.
11-09 15:11:31.528   411   445 I vendor.mediatek.hardware.power@1.1-impl: PowerHint hint:8, data:1
11-09 15:11:31.528  3114  3274 D APM::AudioPolicyEngine: persist.sys.headset_mode was not set, get the SDM value.
11-09 15:11:31.528  3114  3274 D APM::AudioPolicyEngine: persist.sys.headset_mode was not set, get the SDM value.
11-09 15:11:31.529  3601  3861 D AudioTrack: AudioTrackThread::resume
11-09 15:11:31.530   393  6313 D AudioALSAStreamManager: +syncSharedOutDevice(), routingSharedOutDevice: 2
11-09 15:11:31.530   393  6313 D AudioALSAStreamManager: setMasterVolume(), volume = 1.000000
11-09 15:11:31.530   393  6313 D AudioMTKGainController: setNormalVolume(), mSceneIndex = 0, stream 1, devices 0x2, index 3, mode 0x0
11-09 15:11:31.530   393  6313 D AudioMTKGainController: setSpeakerGain(), gain = 7, spkAnaType = 3, spkLMixerName = Lineout_PGAL_GAIN, spkRMixerName = Lineout_PGAR_GAIN
11-09 15:11:31.530   393  6313 D AudioALSAStreamOut: open(), flags 6
11-09 15:11:31.531   393  6313 D AudioALSAStreamManager: createPlaybackHandler(), mAudioMode = 0, output_devices = 0x2
11-09 15:11:31.531   393  6313 D AudioCustParam: getNumMicSupport(), dualMicFlag 1, numMicString 1
11-09 15:11:31.531   393  6313 W AudioCustParam: getNumMicSupport(), numMic 1 < 2, confict with dualMicFlag, set numMic == 2
11-09 15:11:31.531   393  6313 D AudioCustParam: QueryFeatureSupportInfo(), feature support bit 0x1a097c57 
11-09 15:11:31.531   393  6313 D AudioSpeechEnhanceInfo: IsAPDMNRTuningEnable(), 0
11-09 15:11:31.531   393  6313 D AudioALSAPlaybackHandlerNormal: AudioALSAPlaybackHandlerNormal()
11-09 15:11:31.531   393  6313 D AudioALSAPlaybackHandlerNormal: +setFilterMng() mAudioFilterManagerHandler [0xaed0e280]
11-09 15:11:31.531   393  6313 D AudioALSAPlaybackHandlerNormal: +open(), flag 6, mDevice = 0x2
11-09 15:11:31.531   393  6313 D AudioALSADeviceParser: compare pcm success = 7, stringpair = I2S0DL1_PLayback
11-09 15:11:31.531   393  6313 D         : -AssignDRAM() retval 0
11-09 15:11:31.531   393  6313 D AudioALSAPlaybackHandlerBase: transferAudioFormatToPcmFormat(), audio_format(0x4) => pcm_format(0x1)
11-09 15:11:31.531   393  6313 D AudioALSAPlaybackHandlerNormal: open(), mConfig: channels = 2, rate = 48000, period_size = 256, period_count = 2, format = 1 avail_min = 256
11-09 15:11:31.532   393  6313 D AudioALSADriverUtility: GetPropertyValue key = af.resouce.extdac_support value = 0
11-09 15:11:31.532   393  6313 D AudioALSAPlaybackHandlerNormal: SetLowJitterMode(), bypass low jitter mode, bEnable = 1, device = 0x2, SampleRate = 48000
11-09 15:11:31.532   393  6313 D AudioALSAPlaybackHandlerBase: openPcmDriverWithFlag(), pcm device = 7 flag = 0x8 mPcm = 0xaed04ce0
11-09 15:11:31.532   393  6313 D AudioALSAPlaybackHandlerBase: CreateAurisysLibManager, voip: 0, mAurisysScenario: 1
11-09 15:11:31.533   393  6313 D aurisys_utility: lib, working fs: 48000, fmt: 0x3, frame = 0, b_interleave = 1, num_ul_ref_buf_array = 0, num_dl_ref_buf_array = 0
11-09 15:11:31.533   393  6313 D aurisys_utility: dl in[type:2], ch: 2, ch_mask: 0x0, buf fs: 48000, read data fs: 48000, fmt: 0x3; dl out[type:3], ch: 2, ch_mask: 0x0, buf fs: 48000, read data fs: 48000, fmt: 0x3
11-09 15:11:31.533   393  6313 D aurisys_lib_manager: new_aurisys_lib_manager() done, manager 0xae405260, num_uplink_library_hanlder 0, num_downlink_library_hanlder 1
11-09 15:11:31.533   393  6313 D aurisys_utility: input dev: 0x0, fmt = 0x3, fs: 48000, max fs: 48000, ch: 2, max ch: 2, ch maks: 0x3, hw_info_mask: 0x0; output dev: 0x2, fmt = 0x3, fs: 48000, max fs: 48000, ch: 2, max ch: 2, ch maks: 0x3, hw_info_mask: 0x0; task_scene: 2, audio_mode: 0, output_flags: 0x6, input_source: 0, input_flags: 0x0, enhancement_feature_mask: 0x0
11-09 15:11:31.534   393  6313 D aurisys_lib_handler: aurisys_arsi_create_handler(), lib_name mtk_bessound, 0xae69ec40, memory_size 69460, arsi_handler 0xae47e200, retval 0
11-09 15:11:31.534   393  6313 D aurisys_lib_manager: DL Lib, lib_name mtk_bessound, 0xae69ec40, sample_rate: 48000 => 48000, num_channels: 2 => 2, audio_format: 0x3 => 0x3, interleave: 1 => 1, frame: 0 => 0
11-09 15:11:31.534   393  6313 D aurisys_lib_manager: DL out, sample_rate: 48000 => 48000, num_channels: 2 => 2, audio_format: 0x3 => 0x4, interleave: 1 => 1, frame: 0 => 0
11-09 15:11:31.535   393  6313 D AudioALSAHardwareResourceManager: +startOutputDevice(), new_devices = 0x2, mOutputDevices = 0x0, mStartOutputDevicesCount = 0 SampleRate = 48000
11-09 15:11:31.535   393  6313 D AudioALSADriverUtility: GetPropertyValue key = af.resouce.extdac_support value = 0
11-09 15:11:31.535   393  6313 D AudioALSADeviceConfigManager: ApplyDeviceTurnonSequenceByName() DeviceName = speaker_output descriptor->DeviceStatusCounte = 0
11-09 15:11:31.536   393  6313 D AudioALSADeviceConfigManager: ApplyDeviceTurnonSequenceByName() DeviceName = ext_speaker_output descriptor->DeviceStatusCounte = 0
11-09 15:11:31.549   393  6313 D AudioVoiceUIDL: [GetSRCInputParameter] mOutputSampleRate 16000,  mInputSampleRate 48000, mInChannel 2, mOutChannel, 0 format 4
11-09 15:11:31.549   393  6313 D AudioVoiceUIDL: [GetSRCInputParameter] create SRC handle fail
11-09 15:11:31.549   393  6313 D AudioALSAPlaybackHandlerNormal: -open()
11-09 15:11:31.549   393  6313 E AudioALSAPlaybackHandlerBase: -getHardwareBufferInfo(), pcm_get_htimestamp fail, ret = -1, pcm_get_error = 
11-09 15:11:31.554  3601  4777 V WindowManager: Set focused app to: AppWindowToken{c047679 token=Token{bfa72c3 ActivityRecord{68aee72 u0 com.liyu.tcl.newsapp/.MainActivity t1330}}} old focus=AppWindowToken{b58d0c2 token=Token{5d377a4 ActivityRecord{53d6637 u0 com.liyu.tcl.newsapp/.GuideActivity t1330}}} moveFocusNow=true
11-09 15:11:31.554  3601  4777 V WindowManager: Changing focus from Window{4d83909 u0 com.liyu.tcl.newsapp/com.liyu.tcl.newsapp.activity.GuideActivity} to null Callers=com.android.server.wm.WindowManagerService.setFocusedApp:2772 com.android.server.am.ActivityManagerService.setResumedActivityUncheckLocked:3306 com.android.server.am.ActivityStack.setResumedActivityLocked:2284 com.android.server.am.ActivityStack.minimalResumeActivityLocked:1093
11-09 15:11:31.555  3601  4777 D WindowManager: Input focus has changed to null
11-09 15:11:31.556  3601  3697 I WindowManager: Focus moving from Window{4d83909 u0 com.liyu.tcl.newsapp/com.liyu.tcl.newsapp.activity.GuideActivity} to null
11-09 15:11:31.557   411   445 I vendor.mediatek.hardware.power@1.1-impl: notifyAppState pack:com.liyu.tcl.newsapp, act:com.liyu.tcl.newsapp.activity.MainActivity, pid:23564, state:1
11-09 15:11:31.616 23564 23564 I SystemServiceRegistry: AttrName service = android.app.IAttrNameManager$Stub$Proxy@d894046
11-09 15:11:31.616 23564 23564 I AttrNameManager: <<<<<<<<<mService = android.app.IAttrNameManager$Stub$Proxy@d894046
11-09 15:11:31.626  3113  3130 D AAL     : 11-09 03:11:31.469 BL= 397,ESS= 256, 11-09 03:11:31.517 BL= 396,ESS= 256, 11-09 03:11:31.548 BL= 395,ESS= 256, 11-09 03:11:31.595 BL= 396,ESS= 256, 11-09 03:11:31.626 BL= 397,ESS= 256, 
11-09 15:11:31.685  3601  3927 D AudioTrack: setVolume(): left = 0.000000, right = 0.000000
11-09 15:11:31.685  3601  3927 D AudioTrack: stop(): 0x979b0680, mState = 0
11-09 15:11:31.686  3601  3927 D AudioTrack: AudioTrackThread::pause
11-09 15:11:31.686  3601  3927 D AudioTrack: audiotrack 0x979b0680 stop done
11-09 15:11:31.694 23564 23564 V PhoneWindow: DecorView setVisiblity: visibility = 4, Parent = null, this = DecorView@f7897a3[]
11-09 15:11:31.697 23564 23564 D WindowClient: Add to mViews: DecorView@f7897a3[MainActivity], this = android.view.WindowManagerGlobal@94a9875
11-09 15:11:31.700 23564 23564 D ViewRootImpl[MainActivity]: hardware acceleration = true , fakeHwAccelerated = false, sRendererDisabled = false, forceHwAccelerated = false, sSystemRendererDisabled = false
11-09 15:11:31.704 23564 23564 V PhoneWindow: DecorView setVisiblity: visibility = 0, Parent = ViewRoot{13a121e com.liyu.tcl.newsapp/com.liyu.tcl.newsapp.activity.MainActivity,ident = 2}, this = DecorView@f7897a3[MainActivity]
11-09 15:11:31.738  3601  4500 I WindowManager: Relayout Window{641c76c u0 com.liyu.tcl.newsapp/com.liyu.tcl.newsapp.activity.MainActivity}: oldVis=4 newVis=0 focusMayChange = true
11-09 15:11:31.742  3601  4500 V WindowManager: Changing focus from null to Window{641c76c u0 com.liyu.tcl.newsapp/com.liyu.tcl.newsapp.activity.MainActivity} Callers=com.android.server.wm.WindowManagerService.relayoutWindow:2200 com.android.server.wm.Session.relayout:239 android.view.IWindowSession$Stub.onTransact:286 com.android.server.wm.Session.onTransact:163
11-09 15:11:31.742  3601  4500 D WindowManager: Input focus has changed to Window{641c76c u0 com.liyu.tcl.newsapp/com.liyu.tcl.newsapp.activity.MainActivity}
11-09 15:11:31.746  3601  3697 I WindowManager: Focus moving from null to Window{641c76c u0 com.liyu.tcl.newsapp/com.liyu.tcl.newsapp.activity.MainActivity}
11-09 15:11:31.781  3114  3278 V AudioPolicyIntefaceImpl: stopOutput()
11-09 15:11:31.781  3114  3278 V AudioPolicyService: AudioCommandThread() adding stop output 13
11-09 15:11:31.781  3114  3266 V AudioPolicyService: AudioCommandThread() processing stop output 13
11-09 15:11:31.781  3114  3266 V AudioPolicyIntefaceImpl: doStopOutput from tid 3266
11-09 15:11:31.781  3114  3266 D APM_AudioPolicyManager: stopOutput() output 13, stream 1, session 169
11-09 15:11:31.781  3114  3266 V APM::AudioOutputDescriptor: changeRefCount() stream 1, count 0
11-09 15:11:31.781  3114  3266 D APM::AudioPolicyEngine: persist.sys.headset_mode was not set, get the SDM value.
11-09 15:11:31.786  3114  3266 I chatty  : uid=1041(audioserver) ApmOutput identical 94 lines
11-09 15:11:31.786  3114  3266 D APM::AudioPolicyEngine: persist.sys.headset_mode was not set, get the SDM value.
11-09 15:11:31.798 14144 14144 I GoogleInputMethod: onFinishInput() : Dummy InputConnection bound
11-09 15:11:31.798  3601  3697 I ActivityManager: Displayed com.liyu.tcl.newsapp/.MainActivity: +245ms
11-09 15:11:31.798 14144 14144 I GoogleInputMethod: onStartInput() : Dummy InputConnection bound
11-09 15:11:31.809   416   416 W Layer   : [com.liyu.tcl.newsapp/com.liyu.tcl.newsapp.activity.GuideActivity#0] opaque layer with plane alpha:0.99 cannot be handled by hwcomposer
11-09 15:11:31.810   416   416 W Layer   : [com.liyu.tcl.newsapp/com.liyu.tcl.newsapp.activity.MainActivity#0] opaque layer with plane alpha:0.48 cannot be handled by hwcomposer
11-09 15:11:31.815  3113  3130 D AAL     : 11-09 03:11:31.673 BL= 398,ESS= 256, 11-09 03:11:31.705 BL= 399,ESS= 256, 11-09 03:11:31.736 BL= 400,ESS= 256, 11-09 03:11:31.783 BL= 401,ESS= 256, 11-09 03:11:31.815 BL= 402,ESS= 256, 
11-09 15:11:31.824   416   416 W Layer   : [com.liyu.tcl.newsapp/com.liyu.tcl.newsapp.activity.GuideActivity#0] opaque layer with plane alpha:0.94 cannot be handled by hwcomposer
11-09 15:11:31.824   416   416 W Layer   : [com.liyu.tcl.newsapp/com.liyu.tcl.newsapp.activity.MainActivity#0] opaque layer with plane alpha:0.77 cannot be handled by hwcomposer
11-09 15:11:31.836   411   445 I vendor.mediatek.hardware.power@1.1-impl: PowerHint hint:8, data:0
11-09 15:11:31.839  3601  4500 D IdleScreen: activityIdleScreen: android.app.ContextImpl@9092957 mNotifyNeeded: false idleIntent: Intent { cmp=com.liyu.tcl.newsapp/.MainActivity }
11-09 15:11:31.839   416   416 W Layer   : [com.liyu.tcl.newsapp/com.liyu.tcl.newsapp.activity.GuideActivity#0] opaque layer with plane alpha:0.88 cannot be handled by hwcomposer
11-09 15:11:31.839   416   416 W Layer   : [com.liyu.tcl.newsapp/com.liyu.tcl.newsapp.activity.MainActivity#0] opaque layer with plane alpha:0.91 cannot be handled by hwcomposer
11-09 15:11:31.855   416   416 W Layer   : [com.liyu.tcl.newsapp/com.liyu.tcl.newsapp.activity.GuideActivity#0] opaque layer with plane alpha:0.82 cannot be handled by hwcomposer
11-09 15:11:31.855   416   416 W Layer   : [com.liyu.tcl.newsapp/com.liyu.tcl.newsapp.activity.MainActivity#0] opaque layer with plane alpha:0.98 cannot be handled by hwcomposer
11-09 15:11:31.871   416   416 W Layer   : [com.liyu.tcl.newsapp/com.liyu.tcl.newsapp.activity.GuideActivity#0] opaque layer with plane alpha:0.75 cannot be handled by hwcomposer
11-09 15:11:31.871   416   416 W Layer   : [com.liyu.tcl.newsapp/com.liyu.tcl.newsapp.activity.MainActivity#0] opaque layer with plane alpha:1.00 cannot be handled by hwcomposer
11-09 15:11:31.886   416   416 W Layer   : [com.liyu.tcl.newsapp/com.liyu.tcl.newsapp.activity.GuideActivity#0] opaque layer with plane alpha:0.71 cannot be handled by hwcomposer
11-09 15:11:31.887   416   416 W Layer   : [com.liyu.tcl.newsapp/com.liyu.tcl.newsapp.activity.MainActivity#0] opaque layer with plane alpha:1.00 cannot be handled by hwcomposer
11-09 15:11:31.902   416   416 W Layer   : [com.liyu.tcl.newsapp/com.liyu.tcl.newsapp.activity.GuideActivity#0] opaque layer with plane alpha:0.70 cannot be handled by hwcomposer
11-09 15:11:31.956  3113  3130 D AAL     : 11-09 03:11:31.862 BL= 401,ESS= 256, 11-09 03:11:31.878 BL= 400,ESS= 256, 11-09 03:11:31.894 BL= 401,ESS= 256, 11-09 03:11:31.909 BL= 402,ESS= 256, 11-09 03:11:31.956 BL= 403,ESS= 256, 
11-09 15:11:31.995 23564 23564 D View    : [Warning] assignParent to null: this = DecorView@3dda779[GuideActivity]
11-09 15:11:31.996   416   499 E SurfaceFlinger: Failed to find layer (com.liyu.tcl.newsapp/com.liyu.tcl.newsapp.activity.GuideActivity#0) in layer parent (no-parent).
11-09 15:11:31.999 23564 23564 D WindowClient: Remove from mViews: DecorView@3dda779[GuideActivity], this = android.view.WindowManagerGlobal@94a9875
11-09 15:11:32.129  3113  3130 D AAL     : 11-09 03:11:31.987 BL= 404,ESS= 256, 11-09 03:11:32.019 BL= 405,ESS= 256, 11-09 03:11:32.066 BL= 406,ESS= 256, 11-09 03:11:32.097 BL= 407,ESS= 256, 11-09 03:11:32.129 BL= 408,ESS= 256, 
11-09 15:11:32.160  3601  3841 D WifiStateMachine:  MtkL2ConnectedState { when=-3ms what=131155 arg1=68 target=com.android.internal.util.StateMachine$SmHandler } 68 0, mShouldDeferDisableWifi = false, mState = MONITORING
11-09 15:11:32.317  3113  3130 D AAL     : 11-09 03:11:32.176 BL= 409,ESS= 256, 11-09 03:11:32.207 BL= 410,ESS= 256, 11-09 03:11:32.238 BL= 411,ESS= 256, 11-09 03:11:32.285 BL= 412,ESS= 256, 11-09 03:11:32.317 BL= 413,ESS= 256, 
11-09 15:11:32.505  3113  3130 D AAL     : 11-09 03:11:32.348 BL= 414,ESS= 256, 11-09 03:11:32.395 BL= 415,ESS= 256, 11-09 03:11:32.427 BL= 416,ESS= 256, 11-09 03:11:32.458 BL= 417,ESS= 256, 11-09 03:11:32.505 BL= 418,ESS= 256, 
11-09 15:11:32.677  3113  3130 D AAL     : 11-09 03:11:32.536 BL= 419,ESS= 256, 11-09 03:11:32.568 BL= 420,ESS= 256, 11-09 03:11:32.615 BL= 421,ESS= 256, 11-09 03:11:32.646 BL= 422,ESS= 256, 11-09 03:11:32.677 BL= 423,ESS= 256, 
11-09 15:11:32.866  3113  3130 D AAL     : 11-09 03:11:32.725 BL= 424,ESS= 256, 11-09 03:11:32.756 BL= 425,ESS= 256, 11-09 03:11:32.787 BL= 426,ESS= 256, 11-09 03:11:32.834 BL= 427,ESS= 256, 11-09 03:11:32.866 BL= 428,ESS= 256, 
11-09 15:11:32.928 19893 23454 I Finsky  : [2840] com.google.android.finsky.ds.a.a.a.b(29): Triggered update for experiment package com.google.android.finsky.stable.
11-09 15:11:32.938 19893 23454 W ProxyAndroidLoggerBackend: Too many Flogger logs received before configuration. Dropping old logs.
11-09 15:11:32.941 19893 23454 I chatty  : uid=10060(com.android.vending) AsyncTask #25 identical 1 line
11-09 15:11:32.941 19893 23454 W ProxyAndroidLoggerBackend: Too many Flogger logs received before configuration. Dropping old logs.
11-09 15:11:32.942 19893 23454 I Finsky  : [2840] com.google.android.finsky.ds.a.a.a.b(49): Already at the latest configurations for experiment package com.google.android.finsky.stable.
11-09 15:11:32.942 19893 23440 I Finsky  : [2837] com.google.android.finsky.ds.a.a.a.b(29): Triggered update for experiment package com.google.android.finsky.regular.
11-09 15:11:32.952 19893 23440 W ProxyAndroidLoggerBackend: Too many Flogger logs received before configuration. Dropping old logs.
11-09 15:11:32.960 19893 23440 I chatty  : uid=10060(com.android.vending) AsyncTask #23 identical 2 lines
11-09 15:11:32.972 19893 23440 W ProxyAndroidLoggerBackend: Too many Flogger logs received before configuration. Dropping old logs.
11-09 15:11:32.977 19893 23440 I Finsky  : [2837] com.google.android.finsky.ds.a.j.a(64): Started writing experiment flags into file [3iTZK60-XSU6ycLHV1Pe7j2ByDQ].
11-09 15:11:32.978 19893 23440 I Finsky  : [2837] com.google.android.finsky.ds.a.j.a(103): Finished writing experiment flags into file [3iTZK60-XSU6ycLHV1Pe7j2ByDQ].
11-09 15:11:32.980 19893 23440 I Finsky  : [2837] com.google.android.finsky.ds.a.a.a.b(114): Successfully applied new configurations for package com.google.android.finsky.regular.
11-09 15:11:33.054  3113  3130 D AAL     : 11-09 03:11:32.897 BL= 429,ESS= 256, 11-09 03:11:32.944 BL= 430,ESS= 256, 11-09 03:11:32.976 BL= 431,ESS= 256, 11-09 03:11:33.007 BL= 432,ESS= 256, 11-09 03:11:33.054 BL= 433,ESS= 256, 
11-09 15:11:33.226  3113  3130 D AAL     : 11-09 03:11:33.085 BL= 434,ESS= 256, 11-09 03:11:33.117 BL= 435,ESS= 256, 11-09 03:11:33.164 BL= 436,ESS= 256, 11-09 03:11:33.195 BL= 437,ESS= 256, 
11-09 15:11:33.977  3601  3825 D InputReader: PERF: dispatchTouches ACTION_POINTER_DOWN:68523643, ID:0, Index:-1728739400
11-09 15:11:33.983  3601  3861 V PlayerBase: baseStart() piid=15
11-09 15:11:33.983  3601  3861 V AudioService.PlaybackActivityMonitor: playerEvent(piid=15, event=2)
11-09 15:11:33.984  3114  3274 V AudioPolicyIntefaceImpl: getOutput()
11-09 15:11:33.984  3114  3274 D APM::AudioPolicyEngine: persist.sys.headset_mode was not set, get the SDM value.
11-09 15:11:33.984  3114  3274 D APM::AudioPolicyEngine: persist.sys.headset_mode was not set, get the SDM value.
11-09 15:11:33.985  3114  3274 V AudioPolicyIntefaceImpl: getOutput()
11-09 15:11:33.985  3114  3274 D APM::AudioPolicyEngine: persist.sys.headset_mode was not set, get the SDM value.
11-09 15:11:33.985  3114  3274 D APM::AudioPolicyEngine: persist.sys.headset_mode was not set, get the SDM value.
11-09 15:11:33.985  3601  3861 D AudioTrack: setVolume(): left = 0.501187, right = 0.501187
11-09 15:11:33.985  3601  3861 D AudioTrack: start(): 0x979b0680, mState = 1
11-09 15:11:33.985  3114  3274 V AudioPolicyIntefaceImpl: startOutput()
11-09 15:11:33.985  3114  3274 D APM_AudioPolicyManager: startOutput() output 13, stream 1, session 169
11-09 15:11:33.985  3114  3274 V APM::AudioOutputDescriptor: changeRefCount() stream 1, count 1
11-09 15:11:33.986  3114  3274 D APM::AudioPolicyEngine: persist.sys.headset_mode was not set, get the SDM value.
11-09 15:11:33.987  3114  3274 I chatty  : uid=1041(audioserver) Binder:3114_2 identical 36 lines
11-09 15:11:33.987  3114  3274 D APM::AudioPolicyEngine: persist.sys.headset_mode was not set, get the SDM value.
11-09 15:11:33.987  3114  3274 D AudioPolicyManagerCustomImpl: setOutputDevice() mIoHandle 13 mId 3 device 0002(0002)(1101c7f) delayMs 0 force 0 size 2
11-09 15:11:33.988  3114  3274 D APM::AudioPolicyEngine: persist.sys.headset_mode was not set, get the SDM value.
11-09 15:11:33.989  3114  3274 I chatty  : uid=1041(audioserver) Binder:3114_2 identical 36 lines
11-09 15:11:33.989  3114  3274 D APM::AudioPolicyEngine: persist.sys.headset_mode was not set, get the SDM value.
11-09 15:11:33.990  3601  3861 D AudioTrack: AudioTrackThread::resume
11-09 15:11:34.000  3922  3922 W ResourcesManager: key.mResDir: /data/app/com.liyu.tcl.newsapp-iKiu9lbXTS9EYfQxCQIBCA==/base.apk, ignore idmapPath: /system/overlay/framework-res-overlay.apk
11-09 15:11:34.005   416   416 I DisplayDevice: [Built-in Screen (type:0)] fps:14.086070,dur:2555.72,max:1992.36,min:13.49
11-09 15:11:34.104  3601  3825 D InputReader: PERF: dispatchTouches ACTION_POINTER_UP:68523771, ID:0, Index:-1728736008
11-09 15:11:34.106  3922  3922 I NavigationBar: minitest onRecentsClick
11-09 15:11:34.110  3922  3922 W RecentsTransitionHelper: Could not get the right view!
11-09 15:11:34.115  3922  3922 E BufferItemConsumer: [unnamed-3922-50] Failed to release buffer: Unknown error -1 (1)
11-09 15:11:34.116  3601  4500 I ActivityManager: START u0 {flg=0x10804000 cmp=com.android.systemui/.recents.RecentsActivity} from uid 10057
11-09 15:11:34.118   411   445 I vendor.mediatek.hardware.power@1.1-impl: PowerHint hint:8, data:1
11-09 15:11:34.123  3601  4500 V WindowManager: Set focused app to: AppWindowToken{65c892 token=Token{13fce1d ActivityRecord{5cd96f4 u0 com.android.systemui/.recents.RecentsActivity t1243}}} old focus=AppWindowToken{c047679 token=Token{bfa72c3 ActivityRecord{68aee72 u0 com.liyu.tcl.newsapp/.MainActivity t1330}}} moveFocusNow=true
11-09 15:11:34.123  3601  4500 V WindowManager: findFocusedWindow: Reached focused app=AppWindowToken{65c892 token=Token{13fce1d ActivityRecord{5cd96f4 u0 com.android.systemui/.recents.RecentsActivity t1243}}}
11-09 15:11:34.124  3601  4500 V WindowManager: Changing focus from Window{641c76c u0 com.liyu.tcl.newsapp/com.liyu.tcl.newsapp.activity.MainActivity} to null Callers=com.android.server.wm.WindowManagerService.setFocusedApp:2772 com.android.server.am.ActivityManagerService.setResumedActivityUncheckLocked:3306 com.android.server.am.ActivityStack.setResumedActivityLocked:2284 com.android.server.am.ActivityStack.resumeTopActivityInnerLocked:2599
11-09 15:11:34.125  3601  4500 D WindowManager: Input focus has changed to null
11-09 15:11:34.125  3601  3927 D AudioTrack: setVolume(): left = 0.000000, right = 0.000000
11-09 15:11:34.125  3601  3927 D AudioTrack: stop(): 0x979b0680, mState = 0
11-09 15:11:34.126  3601  3927 D AudioTrack: AudioTrackThread::pause
11-09 15:11:34.126  3601  3927 D AudioTrack: audiotrack 0x979b0680 stop done
11-09 15:11:34.127   411   445 I vendor.mediatek.hardware.power@1.1-impl: notifyAppState pack:com.android.systemui, act:com.android.systemui.recents.RecentsActivity, pid:3922, state:1
11-09 15:11:34.128   411   444 I libPerfService: [perfNotifyAppState] foreground:com.android.systemui, pid:3922
11-09 15:11:34.140  3601  4500 D AppsLockHelperWrapper: clearAllAuthedActivity()
11-09 15:11:34.142  3601  3697 I TctPhoneWindowManager: task moved to top : com.android.systemui
11-09 15:11:34.142  3601  3697 D TctPhoneWindowManager: package : com.android.systemui, fullScreenFlag : 4
11-09 15:11:34.144  3601  3697 I WindowManager: Focus moving from Window{641c76c u0 com.liyu.tcl.newsapp/com.liyu.tcl.newsapp.activity.MainActivity} to null
11-09 15:11:34.153  3601  3695 D AutofillManagerService: Close system dialogs
11-09 15:11:34.157  3922  3922 V PhoneWindow: DecorView setVisiblity: visibility = 0, Parent = ViewRoot{6bd2695 com.android.systemui/com.android.systemui.recents.RecentsActivity,ident = 4}, this = DecorView@f6fcb9e[RecentsActivity]
11-09 15:11:34.159  3922  3922 W RecentsTransitionHelper: Could not get the right view!
11-09 15:11:34.160 23564 23564 V PhoneWindow: DecorView setVisiblity: visibility = 4, Parent = ViewRoot{13a121e com.liyu.tcl.newsapp/com.liyu.tcl.newsapp.activity.MainActivity,ident = 2}, this = DecorView@f7897a3[MainActivity]
11-09 15:11:34.164  3922  3922 E BufferItemConsumer: [unnamed-3922-51] Failed to release buffer: Unknown error -1 (1)
11-09 15:11:34.169  3601  4640 I WindowManager: Relayout Window{25f74bc u0 com.android.systemui/com.android.systemui.recents.RecentsActivity}: oldVis=4 newVis=0 focusMayChange = true
11-09 15:11:34.171  3601  4640 V WindowManager: Changing focus from null to Window{25f74bc u0 com.android.systemui/com.android.systemui.recents.RecentsActivity} Callers=com.android.server.wm.WindowManagerService.relayoutWindow:2200 com.android.server.wm.Session.relayout:239 android.view.IWindowSession$Stub.onTransact:286 com.android.server.wm.Session.onTransact:163 
11-09 15:11:34.171  3601  4640 D WindowManager: Input focus has changed to Window{25f74bc u0 com.android.systemui/com.android.systemui.recents.RecentsActivity}
11-09 15:11:34.177  3601  3697 I WindowManager: Focus moving from null to Window{25f74bc u0 com.android.systemui/com.android.systemui.recents.RecentsActivity}
11-09 15:11:34.180  3922  3922 D NavigationBar: setSystemUiVisibility nbMode=-1, mNavigationBarMode=7, bNavigationbarTranslucent=true, bMustUpdateNav=false,bNavigationbarTranslucent=true
11-09 15:11:34.181 14144 14144 I GoogleInputMethod: onFinishInput() : Dummy InputConnection bound
11-09 15:11:34.182 14144 14144 I GoogleInputMethod: onStartInput() : Dummy InputConnection bound
11-09 15:11:34.206   411   445 I vendor.mediatek.hardware.power@1.1-impl: PowerHint hint:8, data:0
11-09 15:11:34.212  3114  3278 V AudioPolicyIntefaceImpl: stopOutput()
11-09 15:11:34.213  3114  3278 V AudioPolicyService: AudioCommandThread() adding stop output 13
11-09 15:11:34.213  3114  3266 V AudioPolicyService: AudioCommandThread() processing stop output 13
11-09 15:11:34.213  3114  3266 V AudioPolicyIntefaceImpl: doStopOutput from tid 3266
11-09 15:11:34.213  3114  3266 D APM_AudioPolicyManager: stopOutput() output 13, stream 1, session 169
11-09 15:11:34.213  3114  3266 V APM::AudioOutputDescriptor: changeRefCount() stream 1, count 0
11-09 15:11:34.213  3114  3266 D APM::AudioPolicyEngine: persist.sys.headset_mode was not set, get the SDM value.
11-09 15:11:34.218  3114  3266 I chatty  : uid=1041(audioserver) ApmOutput identical 94 lines
11-09 15:11:34.218  3114  3266 D APM::AudioPolicyEngine: persist.sys.headset_mode was not set, get the SDM value.
11-09 15:11:34.230   416   416 I SurfaceFlinger: screenshot (com.liyu.tcl.newsapp/com.liyu.tcl.newsapp.activity.MainActivity#0)
11-09 15:11:34.241  3601  4640 D IdleScreen: activityIdleScreen: android.app.ContextImpl@9092957 mNotifyNeeded: false idleIntent: Intent { flg=0x10804000 cmp=com.android.systemui/.recents.RecentsActivity }
11-09 15:11:34.241  3601  4777 D AppsLockHelperWrapper: shouldShowAppsLockSnapshot packageName-com.liyu.tcl.newsapp
11-09 15:11:34.242  3601  4777 D AppsLockHelperWrapper: task.affinity-com.liyu.tcl.newsapp
11-09 15:11:34.242  3601  4777 D AppsLockHelperWrapper: activityName-com.liyu.tcl.newsapp.activity.MainActivity
11-09 15:11:34.242  3601  3697 D AppsLockHelperWrapper: shouldShowAppsLockSnapshot packageName-com.liyu.tcl.newsapp
11-09 15:11:34.242  3601  3697 D AppsLockHelperWrapper: task.affinity-com.liyu.tcl.newsapp
11-09 15:11:34.242  3601  3697 D AppsLockHelperWrapper: activityName-com.liyu.tcl.newsapp.activity.MainActivity
11-09 15:11:34.338  3142  3142 I thermal_repeater: [recvMdThermalInfo] ret=33, strLen=127,  2, 32767, -127, 101, 32767, 3745
11-09 15:11:34.350  3601  4500 E TouchFilter: setTouchFilter LOG Enable prameter: 0
11-09 15:11:34.350  3601  4500 D EventHub: Event Hub Touch Filter log is disabled
11-09 15:11:34.350  3601  4500 D EventHub: Event Hub Touch Filter is enabled
11-09 15:11:34.360  1703  1722 D GasService: pkg a:[com.android.systemui] [D] pid:3922 uid:10057 audio:0,_s:1
11-09 15:11:34.450  3113  3130 D AAL     : 11-09 03:11:34.294 BL= 436,ESS= 256, 11-09 03:11:34.341 BL= 435,ESS= 256, 11-09 03:11:34.372 BL= 434,ESS= 256, 11-09 03:11:34.403 BL= 433,ESS= 256, 11-09 03:11:34.450 BL= 432,ESS= 256, 
11-09 15:11:34.623  3113  3130 D AAL     : 11-09 03:11:34.482 BL= 431,ESS= 256, 11-09 03:11:34.513 BL= 430,ESS= 256, 11-09 03:11:34.560 BL= 429,ESS= 256, 11-09 03:11:34.591 BL= 428,ESS= 256, 11-09 03:11:34.623 BL= 427,ESS= 256, 
11-09 15:11:34.636  3601  3825 D InputReader: PERF: dispatchTouches ACTION_POINTER_DOWN:68524302, ID:0, Index:-1728739400
11-09 15:11:34.763  3601  3825 D InputReader: PERF: dispatchTouches ACTION_POINTER_UP:68524430, ID:0, Index:-1728736008
11-09 15:11:34.811  3113  3130 D AAL     : 11-09 03:11:34.670 BL= 426,ESS= 256, 11-09 03:11:34.701 BL= 425,ESS= 256, 11-09 03:11:34.733 BL= 424,ESS= 256, 11-09 03:11:34.780 BL= 423,ESS= 256, 11-09 03:11:34.811 BL= 422,ESS= 256, 
11-09 15:11:34.999  3113  3130 D AAL     : 11-09 03:11:34.842 BL= 421,ESS= 256, 11-09 03:11:34.890 BL= 420,ESS= 256, 11-09 03:11:34.921 BL= 419,ESS= 256, 11-09 03:11:34.968 BL= 418,ESS= 256, 11-09 03:11:34.999 BL= 417,ESS= 256, 
11-09 15:11:35.009   416   416 I DisplayDevice: [Built-in Screen (type:0)] fps:63.753838,dur:1003.86,max:17.39,min:12.90
11-09 15:11:35.167  3601  3695 D AutofillManagerService: Close system dialogs
11-09 15:11:35.169  3601  3841 D WifiStateMachine:  MtkL2ConnectedState { when=-3ms what=131155 arg1=68 target=com.android.internal.util.StateMachine$SmHandler } 68 0, mShouldDeferDisableWifi = false, mState = MONITORING
11-09 15:11:35.173  3601  4500 I ActivityManager: Killing 23145:com.google.android.apps.docs/u0a82 (adj 906): empty #9
