11-09 15:11:26.140 23564 23564 I zygote  :   at android.view.View android.view.LayoutInflater.createViewFromTag(android.view.View, java.lang.String, android.content.Context, android.util.AttributeSet) (LayoutInflater.java:730)
11-09 15:11:26.140 23564 23564 I zygote  :   at void android.view.LayoutInflater.rInflate(org.xmlpull.v1.XmlPullParser, android.view.View, android.content.Context, android.util.AttributeSet, boolean) (LayoutInflater.java:863)
11-09 15:11:26.140 23564 23564 I zygote  :   at void android.view.LayoutInflater.rInflateChildren(org.xmlpull.v1.XmlPullParser, android.view.View, android.util.AttributeSet, boolean) (LayoutInflater.java:824)
11-09 15:11:26.140 23564 23564 I zygote  :   at android.view.View android.view.LayoutInflater.inflate(org.xmlpull.v1.XmlPullParser, android.view.ViewGroup, boolean) (LayoutInflater.java:515)
11-09 15:11:26.140 23564 23564 I zygote  :   at android.view.View android.view.LayoutInflater.inflate(int, android.view.ViewGroup, boolean) (LayoutInflater.java:423)
11-09 15:11:26.140 23564 23564 I zygote  :   at android.view.View android.view.LayoutInflater.inflate(int, android.view.ViewGroup) (LayoutInflater.java:374)
11-09 15:11:26.140 23564 23564 I zygote  :   at android.view.ViewGroup android.support.v7.app.AppCompatDelegateImpl.createSubDecor() (AppCompatDelegateImpl.java:607)
11-09 15:11:26.140 23564 23564 I zygote  :   at void android.support.v7.app.AppCompatDelegateImpl.ensureSubDecor() (AppCompatDelegateImpl.java:518)
11-09 15:11:26.140 23564 23564 I zygote  :   at void android.support.v7.app.AppCompatDelegateImpl.setContentView(int) (AppCompatDelegateImpl.java:466)
11-09 15:11:26.140 23564 23564 I zygote  :   at void android.support.v7.app.AppCompatActivity.setContentView(int) (AppCompatActivity.java:140)
11-09 15:11:26.140 23564 23564 I zygote  :   at void com.liyu.tcl.newsapp.SplashActivity.onCreate(android.os.Bundle) (SplashActivity.java:23)
11-09 15:11:26.140 23564 23564 I zygote  :   at void android.app.Activity.performCreate(android.os.Bundle, android.os.PersistableBundle) (Activity.java:7009)
11-09 15:11:26.140 23564 23564 I zygote  :   at void android.app.Activity.performCreate(android.os.Bundle) (Activity.java:7000)
11-09 15:11:26.140 23564 23564 I zygote  :   at void android.app.Instrumentation.callActivityOnCreate(android.app.Activity, android.os.Bundle) (Instrumentation.java:1219)
11-09 15:11:26.140 23564 23564 I zygote  :   at android.app.Activity android.app.ActivityThread.performLaunchActivity(android.app.ActivityThread$ActivityClientRecord, android.content.Intent) (ActivityThread.java:2876)
11-09 15:11:26.140 23564 23564 I zygote  :   at void android.app.ActivityThread.handleLaunchActivity(android.app.ActivityThread$ActivityClientRecord, android.content.Intent, java.lang.String) (ActivityThread.java:3001)
11-09 15:11:26.140 23564 23564 I zygote  :   at void android.app.ActivityThread.-wrap11(android.app.ActivityThread, android.app.ActivityThread$ActivityClientRecord, android.content.Intent, java.lang.String) (ActivityThread.java:-1)
11-09 15:11:26.140 23564 23564 I zygote  :   at void android.app.ActivityThread$H.handleMessage(android.os.Message) (ActivityThread.java:1731)
11-09 15:11:26.140 23564 23564 I zygote  :   at void android.os.Handler.dispatchMessage(android.os.Message) (Handler.java:106)
11-09 15:11:26.140 23564 23564 I zygote  :   at void android.os.Looper.loop() (Looper.java:164)
11-09 15:11:26.140 23564 23564 I zygote  :   at void android.app.ActivityThread.main(java.lang.String[]) (ActivityThread.java:6641)
11-09 15:11:26.140 23564 23564 I zygote  :   at java.lang.Object java.lang.reflect.Method.invoke(java.lang.Object, java.lang.Object[]) (Method.java:-2)
11-09 15:11:26.140 23564 23564 I zygote  :   at void com.android.internal.os.RuntimeInit$MethodAndArgsCaller.run() (RuntimeInit.java:445)
11-09 15:11:26.140 23564 23564 I zygote  :   at void com.android.internal.os.ZygoteInit.main(java.lang.String[]) (ZygoteInit.java:870)
11-09 15:11:26.140 23564 23564 I zygote  : Caused by: java.lang.ClassNotFoundException: Didn't find class "android.view.View$OnUnhandledKeyEventListener" on path: DexPathList[[zip file "/data/app/com.liyu.tcl.newsapp-iKiu9lbXTS9EYfQxCQIBCA==/base.apk", zip file "/data/app/com.liyu.tcl.newsapp-iKiu9lbXTS9EYfQxCQIBCA==/split_lib_dependencies_apk.apk", zip file "/data/app/com.liyu.tcl.newsapp-iKiu9lbXTS9EYfQxCQIBCA==/split_lib_resources_apk.apk", zip file "/data/app/com.liyu.tcl.newsapp-iKiu9lbXTS9EYfQxCQIBCA==/split_lib_slice_0_apk.apk", zip file "/data/app/com.liyu.tcl.newsapp-iKiu9lbXTS9EYfQxCQIBCA==/split_lib_slice_1_apk.apk", zip file "/data/app/com.liyu.tcl.newsapp-iKiu9lbXTS9EYfQxCQIBCA==/split_lib_slice_2_apk.apk", zip file "/data/app/com.liyu.tcl.newsapp-iKiu9lbXTS9EYfQxCQIBCA==/split_lib_slice_3_apk.apk", zip file "/data/app/com.liyu.tcl.newsapp-iKiu9lbXTS9EYfQxCQIBCA==/split_lib_slice_4_apk.apk", zip file "/data/app/com.liyu.tcl.newsapp-iKiu9lbXTS9EYfQxCQIBCA==/split_lib_slice_5_apk.apk", zip file "/data/app/com.liyu.tcl.newsapp-iKiu9lbXTS9EY
11-09 15:11:26.140 23564 23564 I zygote  :   at java.lang.Class dalvik.system.BaseDexClassLoader.findClass(java.lang.String) (BaseDexClassLoader.java:125)
11-09 15:11:26.140 23564 23564 I zygote  :   at java.lang.Class java.lang.ClassLoader.loadClass(java.lang.String, boolean) (ClassLoader.java:379)
11-09 15:11:26.140 23564 23564 I zygote  :   at java.lang.Class java.lang.ClassLoader.loadClass(java.lang.String) (ClassLoader.java:312)
11-09 15:11:26.140 23564 23564 I zygote  :   at void android.support.v4.view.ViewCompat.setBackground(android.view.View, android.graphics.drawable.Drawable) (ViewCompat.java:2341)
11-09 15:11:26.140 23564 23564 I zygote  :   at void android.support.v7.widget.ActionBarContainer.<init>(android.content.Context, android.util.AttributeSet) (ActionBarContainer.java:62)
11-09 15:11:26.140 23564 23564 I zygote  :   at java.lang.Object java.lang.reflect.Constructor.newInstance0(java.lang.Object[]) (Constructor.java:-2)
11-09 15:11:26.140 23564 23564 I zygote  :   at java.lang.Object java.lang.reflect.Constructor.newInstance(java.lang.Object[]) (Constructor.java:334)
11-09 15:11:26.140 23564 23564 I zygote  :   at android.view.View android.view.LayoutInflater.createView(java.lang.String, java.lang.String, android.util.AttributeSet) (LayoutInflater.java:647)
11-09 15:11:26.140 23564 23564 I zygote  :   at android.view.View android.view.LayoutInflater.createViewFromTag(android.view.View, java.lang.String, android.content.Context, android.util.AttributeSet, boolean) (LayoutInflater.java:790)
11-09 15:11:26.140 23564 23564 I zygote  :   at android.view.View android.view.LayoutInflater.createViewFromTag(android.view.View, java.lang.String, android.content.Context, android.util.AttributeSet) (LayoutInflater.java:730)
11-09 15:11:26.140 23564 23564 I zygote  :   at void android.view.LayoutInflater.rInflate(org.xmlpull.v1.XmlPullParser, android.view.View, android.content.Context, android.util.AttributeSet, boolean) (LayoutInflater.java:863)
11-09 15:11:26.140 23564 23564 I zygote  :   at void android.view.LayoutInflater.rInflateChildren(org.xmlpull.v1.XmlPullParser, android.view.View, android.util.AttributeSet, boolean) (LayoutInflater.java:824)
11-09 15:11:26.140 23564 23564 I zygote  :   at android.view.View android.view.LayoutInflater.inflate(org.xmlpull.v1.XmlPullParser, android.view.ViewGroup, boolean) (LayoutInflater.java:515)
11-09 15:11:26.140 23564 23564 I zygote  :   at android.view.View android.view.LayoutInflater.inflate(int, android.view.ViewGroup, boolean) (LayoutInflater.java:423)
11-09 15:11:26.140 23564 23564 I zygote  :   at android.view.View android.view.LayoutInflater.inflate(int, android.view.ViewGroup) (LayoutInflater.java:374)
11-09 15:11:26.140 23564 23564 I zygote  :   at android.view.ViewGroup android.support.v7.app.AppCompatDelegateImpl.createSubDecor() (AppCompatDelegateImpl.java:607)
11-09 15:11:26.140 23564 23564 I zygote  :   at void android.support.v7.app.AppCompatDelegateImpl.ensureSubDecor() (AppCompatDelegateImpl.java:518)
11-09 15:11:26.140 23564 23564 I zygote  :   at void android.support.v7.app.AppCompatDelegateImpl.setContentView(int) (AppCompatDelegateImpl.java:466)
11-09 15:11:26.140 23564 23564 I zygote  :   at void android.support.v7.app.AppCompatActivity.setContentView(int) (AppCompatActivity.java:140)
11-09 15:11:26.140 23564 23564 I zygote  :   at void com.liyu.tcl.newsapp.SplashActivity.onCreate(android.os.Bundle) (SplashActivity.java:23)
11-09 15:11:26.141 23564 23564 I zygote  :   at void android.app.Activity.performCreate(android.os.Bundle, android.os.PersistableBundle) (Activity.java:7009)
11-09 15:11:26.141 23564 23564 I zygote  :   at void android.app.Activity.performCreate(android.os.Bundle) (Activity.java:7000)
11-09 15:11:26.141 23564 23564 I zygote  :   at void android.app.Instrumentation.callActivityOnCreate(android.app.Activity, android.os.Bundle) (Instrumentation.java:1219)
11-09 15:11:26.141 23564 23564 I zygote  :   at android.app.Activity android.app.ActivityThread.performLaunchActivity(android.app.ActivityThread$ActivityClientRecord, android.content.Intent) (ActivityThread.java:2876)
11-09 15:11:26.141 23564 23564 I zygote  :   at void android.app.ActivityThread.handleLaunchActivity(android.app.ActivityThread$ActivityClientRecord, android.content.Intent, java.lang.String) (ActivityThread.java:3001)
11-09 15:11:26.141 23564 23564 I zygote  :   at void android.app.ActivityThread.-wrap11(android.app.ActivityThread, android.app.ActivityThread$ActivityClientRecord, android.content.Intent, java.lang.String) (ActivityThread.java:-1)
11-09 15:11:26.141 23564 23564 I zygote  :   at void android.app.ActivityThread$H.handleMessage(android.os.Message) (ActivityThread.java:1731)
11-09 15:11:26.141 23564 23564 I zygote  :   at void android.os.Handler.dispatchMessage(android.os.Message) (Handler.java:106)
11-09 15:11:26.141 23564 23564 I zygote  :   at void android.os.Looper.loop() (Looper.java:164)
11-09 15:11:26.141 23564 23564 I zygote  :   at void android.app.ActivityThread.main(java.lang.String[]) (ActivityThread.java:6641)
11-09 15:11:26.141 23564 23564 I zygote  :   at java.lang.Object java.lang.reflect.Method.invoke(java.lang.Object, java.lang.Object[]) (Method.java:-2)
11-09 15:11:26.141 23564 23564 I zygote  :   at void com.android.internal.os.RuntimeInit$MethodAndArgsCaller.run() (RuntimeInit.java:445)
11-09 15:11:26.141 23564 23564 I zygote  :   at void com.android.internal.os.ZygoteInit.main(java.lang.String[]) (ZygoteInit.java:870)
11-09 15:11:26.141 23564 23564 I zygote  : 
11-09 15:11:26.142 23564 23564 I zygote  : Rejecting re-init on previously-failed class java.lang.Class<android.support.v4.view.ViewCompat$OnUnhandledKeyEventListenerWrapper>: java.lang.NoClassDefFoundError: Failed resolution of: Landroid/view/View$OnUnhandledKeyEventListener;
11-09 15:11:26.142 23564 23564 I zygote  :   at void android.support.v4.view.ViewCompat.setBackground(android.view.View, android.graphics.drawable.Drawable) (ViewCompat.java:2341)
11-09 15:11:26.142 23564 23564 I zygote  :   at void android.support.v7.widget.ActionBarContainer.<init>(android.content.Context, android.util.AttributeSet) (ActionBarContainer.java:62)
11-09 15:11:26.142 23564 23564 I zygote  :   at java.lang.Object java.lang.reflect.Constructor.newInstance0(java.lang.Object[]) (Constructor.java:-2)
11-09 15:11:26.142 23564 23564 I zygote  :   at java.lang.Object java.lang.reflect.Constructor.newInstance(java.lang.Object[]) (Constructor.java:334)
11-09 15:11:26.142 23564 23564 I zygote  :   at android.view.View android.view.LayoutInflater.createView(java.lang.String, java.lang.String, android.util.AttributeSet) (LayoutInflater.java:647)
11-09 15:11:26.142 23564 23564 I zygote  :   at android.view.View android.view.LayoutInflater.createViewFromTag(android.view.View, java.lang.String, android.content.Context, android.util.AttributeSet, boolean) (LayoutInflater.java:790)
11-09 15:11:26.142 23564 23564 I zygote  :   at android.view.View android.view.LayoutInflater.createViewFromTag(android.view.View, java.lang.String, android.content.Context, android.util.AttributeSet) (LayoutInflater.java:730)
11-09 15:11:26.142 23564 23564 I zygote  :   at void android.view.LayoutInflater.rInflate(org.xmlpull.v1.XmlPullParser, android.view.View, android.content.Context, android.util.AttributeSet, boolean) (LayoutInflater.java:863)
11-09 15:11:26.142 23564 23564 I zygote  :   at void android.view.LayoutInflater.rInflateChildren(org.xmlpull.v1.XmlPullParser, android.view.View, android.util.AttributeSet, boolean) (LayoutInflater.java:824)
11-09 15:11:26.142 23564 23564 I zygote  :   at android.view.View android.view.LayoutInflater.inflate(org.xmlpull.v1.XmlPullParser, android.view.ViewGroup, boolean) (LayoutInflater.java:515)
11-09 15:11:26.142 23564 23564 I zygote  :   at android.view.View android.view.LayoutInflater.inflate(int, android.view.ViewGroup, boolean) (LayoutInflater.java:423)
11-09 15:11:26.142 23564 23564 I zygote  :   at android.view.View android.view.LayoutInflater.inflate(int, android.view.ViewGroup) (LayoutInflater.java:374)
11-09 15:11:26.142 23564 23564 I zygote  :   at android.view.ViewGroup android.support.v7.app.AppCompatDelegateImpl.createSubDecor() (AppCompatDelegateImpl.java:607)
11-09 15:11:26.142 23564 23564 I zygote  :   at void android.support.v7.app.AppCompatDelegateImpl.ensureSubDecor() (AppCompatDelegateImpl.java:518)
11-09 15:11:26.142 23564 23564 I zygote  :   at void android.support.v7.app.AppCompatDelegateImpl.setContentView(int) (AppCompatDelegateImpl.java:466)
11-09 15:11:26.142 23564 23564 I zygote  :   at void android.support.v7.app.AppCompatActivity.setContentView(int) (AppCompatActivity.java:140)
11-09 15:11:26.142 23564 23564 I zygote  :   at void com.liyu.tcl.newsapp.SplashActivity.onCreate(android.os.Bundle) (SplashActivity.java:23)
11-09 15:11:26.142 23564 23564 I zygote  :   at void android.app.Activity.performCreate(android.os.Bundle, android.os.PersistableBundle) (Activity.java:7009)
11-09 15:11:26.142 23564 23564 I zygote  :   at void android.app.Activity.performCreate(android.os.Bundle) (Activity.java:7000)
11-09 15:11:26.142 23564 23564 I zygote  :   at void android.app.Instrumentation.callActivityOnCreate(android.app.Activity, android.os.Bundle) (Instrumentation.java:1219)
11-09 15:11:26.143 23564 23564 I zygote  :   at android.app.Activity android.app.ActivityThread.performLaunchActivity(android.app.ActivityThread$ActivityClientRecord, android.content.Intent) (ActivityThread.java:2876)
11-09 15:11:26.143 23564 23564 I zygote  :   at void android.app.ActivityThread.handleLaunchActivity(android.app.ActivityThread$ActivityClientRecord, android.content.Intent, java.lang.String) (ActivityThread.java:3001)
11-09 15:11:26.143 23564 23564 I zygote  :   at void android.app.ActivityThread.-wrap11(android.app.ActivityThread, android.app.ActivityThread$ActivityClientRecord, android.content.Intent, java.lang.String) (ActivityThread.java:-1)
11-09 15:11:26.143 23564 23564 I zygote  :   at void android.app.ActivityThread$H.handleMessage(android.os.Message) (ActivityThread.java:1731)
11-09 15:11:26.143 23564 23564 I zygote  :   at void android.os.Handler.dispatchMessage(android.os.Message) (Handler.java:106)
11-09 15:11:26.143 23564 23564 I zygote  :   at void android.os.Looper.loop() (Looper.java:164)
11-09 15:11:26.143 23564 23564 I zygote  :   at void android.app.ActivityThread.main(java.lang.String[]) (ActivityThread.java:6641)
11-09 15:11:26.143 23564 23564 I zygote  :   at java.lang.Object java.lang.reflect.Method.invoke(java.lang.Object, java.lang.Object[]) (Method.java:-2)
11-09 15:11:26.143 23564 23564 I zygote  :   at void com.android.internal.os.RuntimeInit$MethodAndArgsCaller.run() (RuntimeInit.java:445)
11-09 15:11:26.143 23564 23564 I zygote  :   at void com.android.internal.os.ZygoteInit.main(java.lang.String[]) (ZygoteInit.java:870)
11-09 15:11:26.143 23564 23564 I zygote  : Caused by: java.lang.ClassNotFoundException: Didn't find class "android.view.View$OnUnhandledKeyEventListener" on path: DexPathList[[zip file "/data/app/com.liyu.tcl.newsapp-iKiu9lbXTS9EYfQxCQIBCA==/base.apk", zip file "/data/app/com.liyu.tcl.newsapp-iKiu9lbXTS9EYfQxCQIBCA==/split_lib_dependencies_apk.apk", zip file "/data/app/com.liyu.tcl.newsapp-iKiu9lbXTS9EYfQxCQIBCA==/split_lib_resources_apk.apk", zip file "/data/app/com.liyu.tcl.newsapp-iKiu9lbXTS9EYfQxCQIBCA==/split_lib_slice_0_apk.apk", zip file "/data/app/com.liyu.tcl.newsapp-iKiu9lbXTS9EYfQxCQIBCA==/split_lib_slice_1_apk.apk", zip file "/data/app/com.liyu.tcl.newsapp-iKiu9lbXTS9EYfQxCQIBCA==/split_lib_slice_2_apk.apk", zip file "/data/app/com.liyu.tcl.newsapp-iKiu9lbXTS9EYfQxCQIBCA==/split_lib_slice_3_apk.apk", zip file "/data/app/com.liyu.tcl.newsapp-iKiu9lbXTS9EYfQxCQIBCA==/split_lib_slice_4_apk.apk", zip file "/data/app/com.liyu.tcl.newsapp-iKiu9lbXTS9EYfQxCQIBCA==/split_lib_slice_5_apk.apk", zip file "/data/app/com.liyu.tcl.newsapp-iKiu9lbXTS9EY
11-09 15:11:26.143 23564 23564 I zygote  :   at java.lang.Class dalvik.system.BaseDexClassLoader.findClass(java.lang.String) (BaseDexClassLoader.java:125)
11-09 15:11:26.143 23564 23564 I zygote  :   at java.lang.Class java.lang.ClassLoader.loadClass(java.lang.String, boolean) (ClassLoader.java:379)
11-09 15:11:26.143 23564 23564 I zygote  :   at java.lang.Class java.lang.ClassLoader.loadClass(java.lang.String) (ClassLoader.java:312)
11-09 15:11:26.143 23564 23564 I zygote  :   at void android.support.v4.view.ViewCompat.setBackground(android.view.View, android.graphics.drawable.Drawable) (ViewCompat.java:2341)
11-09 15:11:26.143 23564 23564 I zygote  :   at void android.support.v7.widget.ActionBarContainer.<init>(android.content.Context, android.util.AttributeSet) (ActionBarContainer.java:62)
11-09 15:11:26.143 23564 23564 I zygote  :   at java.lang.Object java.lang.reflect.Constructor.newInstance0(java.lang.Object[]) (Constructor.java:-2)
11-09 15:11:26.143 23564 23564 I zygote  :   at java.lang.Object java.lang.reflect.Constructor.newInstance(java.lang.Object[]) (Constructor.java:334)
11-09 15:11:26.143 23564 23564 I zygote  :   at android.view.View android.view.LayoutInflater.createView(java.lang.String, java.lang.String, android.util.AttributeSet) (LayoutInflater.java:647)
11-09 15:11:26.143 23564 23564 I zygote  :   at android.view.View android.view.LayoutInflater.createViewFromTag(android.view.View, java.lang.String, android.content.Context, android.util.AttributeSet, boolean) (LayoutInflater.java:790)
11-09 15:11:26.143 23564 23564 I zygote  :   at android.view.View android.view.LayoutInflater.createViewFromTag(android.view.View, java.lang.String, android.content.Context, android.util.AttributeSet) (LayoutInflater.java:730)
11-09 15:11:26.143 23564 23564 I zygote  :   at void android.view.LayoutInflater.rInflate(org.xmlpull.v1.XmlPullParser, android.view.View, android.content.Context, android.util.AttributeSet, boolean) (LayoutInflater.java:863)
11-09 15:11:26.143 23564 23564 I zygote  :   at void android.view.LayoutInflater.rInflateChildren(org.xmlpull.v1.XmlPullParser, android.view.View, android.util.AttributeSet, boolean) (LayoutInflater.java:824)
11-09 15:11:26.143 23564 23564 I zygote  :   at android.view.View android.view.LayoutInflater.inflate(org.xmlpull.v1.XmlPullParser, android.view.ViewGroup, boolean) (LayoutInflater.java:515)
11-09 15:11:26.143 23564 23564 I zygote  :   at android.view.View android.view.LayoutInflater.inflate(int, android.view.ViewGroup, boolean) (LayoutInflater.java:423)
11-09 15:11:26.143 23564 23564 I zygote  :   at android.view.View android.view.LayoutInflater.inflate(int, android.view.ViewGroup) (LayoutInflater.java:374)
11-09 15:11:26.143 23564 23564 I zygote  :   at android.view.ViewGroup android.support.v7.app.AppCompatDelegateImpl.createSubDecor() (AppCompatDelegateImpl.java:607)
11-09 15:11:26.143 23564 23564 I zygote  :   at void android.support.v7.app.AppCompatDelegateImpl.ensureSubDecor() (AppCompatDelegateImpl.java:518)
11-09 15:11:26.143 23564 23564 I zygote  :   at void android.support.v7.app.AppCompatDelegateImpl.setContentView(int) (AppCompatDelegateImpl.java:466)
11-09 15:11:26.143 23564 23564 I zygote  :   at void android.support.v7.app.AppCompatActivity.setContentView(int) (AppCompatActivity.java:140)
11-09 15:11:26.143 23564 23564 I zygote  :   at void com.liyu.tcl.newsapp.SplashActivity.onCreate(android.os.Bundle) (SplashActivity.java:23)
11-09 15:11:26.143 23564 23564 I zygote  :   at void android.app.Activity.performCreate(android.os.Bundle, android.os.PersistableBundle) (Activity.java:7009)
11-09 15:11:26.143 23564 23564 I zygote  :   at void android.app.Activity.performCreate(android.os.Bundle) (Activity.java:7000)
11-09 15:11:26.143 23564 23564 I zygote  :   at void android.app.Instrumentation.callActivityOnCreate(android.app.Activity, android.os.Bundle) (Instrumentation.java:1219)
11-09 15:11:26.143 23564 23564 I zygote  :   at android.app.Activity android.app.ActivityThread.performLaunchActivity(android.app.ActivityThread$ActivityClientRecord, android.content.Intent) (ActivityThread.java:2876)
11-09 15:11:26.143 23564 23564 I zygote  :   at void android.app.ActivityThread.handleLaunchActivity(android.app.ActivityThread$ActivityClientRecord, android.content.Intent, java.lang.String) (ActivityThread.java:3001)
11-09 15:11:26.143 23564 23564 I zygote  :   at void android.app.ActivityThread.-wrap11(android.app.ActivityThread, android.app.ActivityThread$ActivityClientRecord, android.content.Intent, java.lang.String) (ActivityThread.java:-1)
11-09 15:11:26.143 23564 23564 I zygote  :   at void android.app.ActivityThread$H.handleMessage(android.os.Message) (ActivityThread.java:1731)
11-09 15:11:26.143 23564 23564 I zygote  :   at void android.os.Handler.dispatchMessage(android.os.Message) (Handler.java:106)
11-09 15:11:26.143 23564 23564 I zygote  :   at void android.os.Looper.loop() (Looper.java:164)
11-09 15:11:26.143 23564 23564 I zygote  :   at void android.app.ActivityThread.main(java.lang.String[]) (ActivityThread.java:6641)
11-09 15:11:26.143 23564 23564 I zygote  :   at java.lang.Object java.lang.reflect.Method.invoke(java.lang.Object, java.lang.Object[]) (Method.java:-2)
11-09 15:11:26.143 23564 23564 I zygote  :   at void com.android.internal.os.RuntimeInit$MethodAndArgsCaller.run() (RuntimeInit.java:445)
11-09 15:11:26.143 23564 23564 I zygote  :   at void com.android.internal.os.ZygoteInit.main(java.lang.String[]) (ZygoteInit.java:870)
11-09 15:11:26.143 23564 23564 I zygote  : 
11-09 15:11:26.144 23564 23564 I zygote  : Rejecting re-init on previously-failed class java.lang.Class<android.support.v4.view.ViewCompat$OnUnhandledKeyEventListenerWrapper>: java.lang.NoClassDefFoundError: Failed resolution of: Landroid/view/View$OnUnhandledKeyEventListener;
11-09 15:11:26.144 23564 23564 I zygote  :   at void android.support.v4.view.ViewCompat.setBackground(android.view.View, android.graphics.drawable.Drawable) (ViewCompat.java:2341)
11-09 15:11:26.144 23564 23564 I zygote  :   at void android.support.v7.widget.ActionBarContainer.<init>(android.content.Context, android.util.AttributeSet) (ActionBarContainer.java:62)
11-09 15:11:26.144 23564 23564 I zygote  :   at java.lang.Object java.lang.reflect.Constructor.newInstance0(java.lang.Object[]) (Constructor.java:-2)
11-09 15:11:26.144 23564 23564 I zygote  :   at java.lang.Object java.lang.reflect.Constructor.newInstance(java.lang.Object[]) (Constructor.java:334)
11-09 15:11:26.144 23564 23564 I zygote  :   at android.view.View android.view.LayoutInflater.createView(java.lang.String, java.lang.String, android.util.AttributeSet) (LayoutInflater.java:647)
11-09 15:11:26.144 23564 23564 I zygote  :   at android.view.View android.view.LayoutInflater.createViewFromTag(android.view.View, java.lang.String, android.content.Context, android.util.AttributeSet, boolean) (LayoutInflater.java:790)
11-09 15:11:26.145 23564 23564 I zygote  :   at android.view.View android.view.LayoutInflater.createViewFromTag(android.view.View, java.lang.String, android.content.Context, android.util.AttributeSet) (LayoutInflater.java:730)
11-09 15:11:26.145 23564 23564 I zygote  :   at void android.view.LayoutInflater.rInflate(org.xmlpull.v1.XmlPullParser, android.view.View, android.content.Context, android.util.AttributeSet, boolean) (LayoutInflater.java:863)
11-09 15:11:26.145 23564 23564 I zygote  :   at void android.view.LayoutInflater.rInflateChildren(org.xmlpull.v1.XmlPullParser, android.view.View, android.util.AttributeSet, boolean) (LayoutInflater.java:824)
11-09 15:11:26.145 23564 23564 I zygote  :   at android.view.View android.view.LayoutInflater.inflate(org.xmlpull.v1.XmlPullParser, android.view.ViewGroup, boolean) (LayoutInflater.java:515)
11-09 15:11:26.145 23564 23564 I zygote  :   at android.view.View android.view.LayoutInflater.inflate(int, android.view.ViewGroup, boolean) (LayoutInflater.java:423)
11-09 15:11:26.145 23564 23564 I zygote  :   at android.view.View android.view.LayoutInflater.inflate(int, android.view.ViewGroup) (LayoutInflater.java:374)
11-09 15:11:26.145 23564 23564 I zygote  :   at android.view.ViewGroup android.support.v7.app.AppCompatDelegateImpl.createSubDecor() (AppCompatDelegateImpl.java:607)
11-09 15:11:26.145 23564 23564 I zygote  :   at void android.support.v7.app.AppCompatDelegateImpl.ensureSubDecor() (AppCompatDelegateImpl.java:518)
11-09 15:11:26.145 23564 23564 I zygote  :   at void android.support.v7.app.AppCompatDelegateImpl.setContentView(int) (AppCompatDelegateImpl.java:466)
11-09 15:11:26.145 23564 23564 I zygote  :   at void android.support.v7.app.AppCompatActivity.setContentView(int) (AppCompatActivity.java:140)
11-09 15:11:26.145 23564 23564 I zygote  :   at void com.liyu.tcl.newsapp.SplashActivity.onCreate(android.os.Bundle) (SplashActivity.java:23)
11-09 15:11:26.145 23564 23564 I zygote  :   at void android.app.Activity.performCreate(android.os.Bundle, android.os.PersistableBundle) (Activity.java:7009)
11-09 15:11:26.145 23564 23564 I zygote  :   at void android.app.Activity.performCreate(android.os.Bundle) (Activity.java:7000)
11-09 15:11:26.145 23564 23564 I zygote  :   at void android.app.Instrumentation.callActivityOnCreate(android.app.Activity, android.os.Bundle) (Instrumentation.java:1219)
11-09 15:11:26.145 23564 23564 I zygote  :   at android.app.Activity android.app.ActivityThread.performLaunchActivity(android.app.ActivityThread$ActivityClientRecord, android.content.Intent) (ActivityThread.java:2876)
11-09 15:11:26.145 23564 23564 I zygote  :   at void android.app.ActivityThread.handleLaunchActivity(android.app.ActivityThread$ActivityClientRecord, android.content.Intent, java.lang.String) (ActivityThread.java:3001)
11-09 15:11:26.145 23564 23564 I zygote  :   at void android.app.ActivityThread.-wrap11(android.app.ActivityThread, android.app.ActivityThread$ActivityClientRecord, android.content.Intent, java.lang.String) (ActivityThread.java:-1)
11-09 15:11:26.145 23564 23564 I zygote  :   at void android.app.ActivityThread$H.handleMessage(android.os.Message) (ActivityThread.java:1731)
11-09 15:11:26.145 23564 23564 I zygote  :   at void android.os.Handler.dispatchMessage(android.os.Message) (Handler.java:106)
11-09 15:11:26.145 23564 23564 I zygote  :   at void android.os.Looper.loop() (Looper.java:164)
11-09 15:11:26.145 23564 23564 I zygote  :   at void android.app.ActivityThread.main(java.lang.String[]) (ActivityThread.java:6641)
11-09 15:11:26.145 23564 23564 I zygote  :   at java.lang.Object java.lang.reflect.Method.invoke(java.lang.Object, java.lang.Object[]) (Method.java:-2)
11-09 15:11:26.145 23564 23564 I zygote  :   at void com.android.internal.os.RuntimeInit$MethodAndArgsCaller.run() (RuntimeInit.java:445)
11-09 15:11:26.145 23564 23564 I zygote  :   at void com.android.internal.os.ZygoteInit.main(java.lang.String[]) (ZygoteInit.java:870)
11-09 15:11:26.145 23564 23564 I zygote  : Caused by: java.lang.ClassNotFoundException: Didn't find class "android.view.View$OnUnhandledKeyEventListener" on path: DexPathList[[zip file "/data/app/com.liyu.tcl.newsapp-iKiu9lbXTS9EYfQxCQIBCA==/base.apk", zip file "/data/app/com.liyu.tcl.newsapp-iKiu9lbXTS9EYfQxCQIBCA==/split_lib_dependencies_apk.apk", zip file "/data/app/com.liyu.tcl.newsapp-iKiu9lbXTS9EYfQxCQIBCA==/split_lib_resources_apk.apk", zip file "/data/app/com.liyu.tcl.newsapp-iKiu9lbXTS9EYfQxCQIBCA==/split_lib_slice_0_apk.apk", zip file "/data/app/com.liyu.tcl.newsapp-iKiu9lbXTS9EYfQxCQIBCA==/split_lib_slice_1_apk.apk", zip file "/data/app/com.liyu.tcl.newsapp-iKiu9lbXTS9EYfQxCQIBCA==/split_lib_slice_2_apk.apk", zip file "/data/app/com.liyu.tcl.newsapp-iKiu9lbXTS9EYfQxCQIBCA==/split_lib_slice_3_apk.apk", zip file "/data/app/com.liyu.tcl.newsapp-iKiu9lbXTS9EYfQxCQIBCA==/split_lib_slice_4_apk.apk", zip file "/data/app/com.liyu.tcl.newsapp-iKiu9lbXTS9EYfQxCQIBCA==/split_lib_slice_5_apk.apk", zip file "/data/app/com.liyu.tcl.newsapp-iKiu9lbXTS9EY
11-09 15:11:26.145 23564 23564 I zygote  :   at java.lang.Class dalvik.system.BaseDexClassLoader.findClass(java.lang.String) (BaseDexClassLoader.java:125)
11-09 15:11:26.145 23564 23564 I zygote  :   at java.lang.Class java.lang.ClassLoader.loadClass(java.lang.String, boolean) (ClassLoader.java:379)
11-09 15:11:26.145 23564 23564 I zygote  :   at java.lang.Class java.lang.ClassLoader.loadClass(java.lang.String) (ClassLoader.java:312)
11-09 15:11:26.145 23564 23564 I zygote  :   at void android.support.v4.view.ViewCompat.setBackground(android.view.View, android.graphics.drawable.Drawable) (ViewCompat.java:2341)
11-09 15:11:26.145 23564 23564 I zygote  :   at void android.support.v7.widget.ActionBarContainer.<init>(android.content.Context, android.util.AttributeSet) (ActionBarContainer.java:62)
11-09 15:11:26.145 23564 23564 I zygote  :   at java.lang.Object java.lang.reflect.Constructor.newInstance0(java.lang.Object[]) (Constructor.java:-2)
11-09 15:11:26.145 23564 23564 I zygote  :   at java.lang.Object java.lang.reflect.Constructor.newInstance(java.lang.Object[]) (Constructor.java:334)
11-09 15:11:26.145 23564 23564 I zygote  :   at android.view.View android.view.LayoutInflater.createView(java.lang.String, java.lang.String, android.util.AttributeSet) (LayoutInflater.java:647)
11-09 15:11:26.145 23564 23564 I zygote  :   at android.view.View android.view.LayoutInflater.createViewFromTag(android.view.View, java.lang.String, android.content.Context, android.util.AttributeSet, boolean) (LayoutInflater.java:790)
11-09 15:11:26.145 23564 23564 I zygote  :   at android.view.View android.view.LayoutInflater.createViewFromTag(android.view.View, java.lang.String, android.content.Context, android.util.AttributeSet) (LayoutInflater.java:730)
11-09 15:11:26.145 23564 23564 I zygote  :   at void android.view.LayoutInflater.rInflate(org.xmlpull.v1.XmlPullParser, android.view.View, android.content.Context, android.util.AttributeSet, boolean) (LayoutInflater.java:863)
11-09 15:11:26.145 23564 23564 I zygote  :   at void android.view.LayoutInflater.rInflateChildren(org.xmlpull.v1.XmlPullParser, android.view.View, android.util.AttributeSet, boolean) (LayoutInflater.java:824)
11-09 15:11:26.145 23564 23564 I zygote  :   at android.view.View android.view.LayoutInflater.inflate(org.xmlpull.v1.XmlPullParser, android.view.ViewGroup, boolean) (LayoutInflater.java:515)
11-09 15:11:26.145 23564 23564 I zygote  :   at android.view.View android.view.LayoutInflater.inflate(int, android.view.ViewGroup, boolean) (LayoutInflater.java:423)
11-09 15:11:26.145 23564 23564 I zygote  :   at android.view.View android.view.LayoutInflater.inflate(int, android.view.ViewGroup) (LayoutInflater.java:374)
11-09 15:11:26.145 23564 23564 I zygote  :   at android.view.ViewGroup android.support.v7.app.AppCompatDelegateImpl.createSubDecor() (AppCompatDelegateImpl.java:607)
11-09 15:11:26.145 23564 23564 I zygote  :   at void android.support.v7.app.AppCompatDelegateImpl.ensureSubDecor() (AppCompatDelegateImpl.java:518)
11-09 15:11:26.145 23564 23564 I zygote  :   at void android.support.v7.app.AppCompatDelegateImpl.setContentView(int) (AppCompatDelegateImpl.java:466)
11-09 15:11:26.145 23564 23564 I zygote  :   at void android.support.v7.app.AppCompatActivity.setContentView(int) (AppCompatActivity.java:140)
11-09 15:11:26.145 23564 23564 I zygote  :   at void com.liyu.tcl.newsapp.SplashActivity.onCreate(android.os.Bundle) (SplashActivity.java:23)
11-09 15:11:26.145 23564 23564 I zygote  :   at void android.app.Activity.performCreate(android.os.Bundle, android.os.PersistableBundle) (Activity.java:7009)
11-09 15:11:26.145 23564 23564 I zygote  :   at void android.app.Activity.performCreate(android.os.Bundle) (Activity.java:7000)
11-09 15:11:26.145 23564 23564 I zygote  :   at void android.app.Instrumentation.callActivityOnCreate(android.app.Activity, android.os.Bundle) (Instrumentation.java:1219)
11-09 15:11:26.145 23564 23564 I zygote  :   at android.app.Activity android.app.ActivityThread.performLaunchActivity(android.app.ActivityThread$ActivityClientRecord, android.content.Intent) (ActivityThread.java:2876)
11-09 15:11:26.145 23564 23564 I zygote  :   at void android.app.ActivityThread.handleLaunchActivity(android.app.ActivityThread$ActivityClientRecord, android.content.Intent, java.lang.String) (ActivityThread.java:3001)
11-09 15:11:26.145 23564 23564 I zygote  :   at void android.app.ActivityThread.-wrap11(android.app.ActivityThread, android.app.ActivityThread$ActivityClientRecord, android.content.Intent, java.lang.String) (ActivityThread.java:-1)
11-09 15:11:26.145 23564 23564 I zygote  :   at void android.app.ActivityThread$H.handleMessage(android.os.Message) (ActivityThread.java:1731)
11-09 15:11:26.145 23564 23564 I zygote  :   at void android.os.Handler.dispatchMessage(android.os.Message) (Handler.java:106)
11-09 15:11:26.145 23564 23564 I zygote  :   at void android.os.Looper.loop() (Looper.java:164)
11-09 15:11:26.145 23564 23564 I zygote  :   at void android.app.ActivityThread.main(java.lang.String[]) (ActivityThread.java:6641)
11-09 15:11:26.145 23564 23564 I zygote  :   at java.lang.Object java.lang.reflect.Method.invoke(java.lang.Object, java.lang.Object[]) (Method.java:-2)
11-09 15:11:26.145 23564 23564 I zygote  :   at void com.android.internal.os.RuntimeInit$MethodAndArgsCaller.run() (RuntimeInit.java:445)
11-09 15:11:26.145 23564 23564 I zygote  :   at void com.android.internal.os.ZygoteInit.main(java.lang.String[]) (ZygoteInit.java:870)
11-09 15:11:26.145 23564 23564 I zygote  : 
11-09 15:11:26.189  3601  3701 D DuraSpeed/DSPolicyFactory: Application = com.tct.launcher (50MB), FreeMemory = 1609MB
11-09 15:11:26.224  3601  3701 D DuraSpeed/AWSManager: getTotalCpuPercent: 11.189142
11-09 15:11:26.224  3601  3701 V DuraSpeed/AWSManager: kill end[]
11-09 15:11:26.224  3601  3701 V DuraSpeed/AWSManager: suppress start []
11-09 15:11:26.224  3601  3701 D DuraSpeed/DuraSpeedInternalManager: switchState end
11-09 15:11:26.225  3601  3701 D DuraSpeed/DuraSpeedInternalManager: [handlePackageChanged]
11-09 15:11:26.258 23564 23564 I SystemServiceRegistry: AttrName service = android.app.IAttrNameManager$Stub$Proxy@9a23614
11-09 15:11:26.258 23564 23564 I AttrNameManager: <<<<<<<<<mService = android.app.IAttrNameManager$Stub$Proxy@9a23614
11-09 15:11:26.267  3601  3701 D DuraSpeed/DSPolicyBase: [setCurrentLauncher] = com.tct.launcher
11-09 15:11:26.267  3601  3701 D DuraSpeed/DuraSpeedInternalManager: switchState currentPackage = com.liyu.tcl.newsapp, event =1004
11-09 15:11:26.273  3601  3701 D NetdConnector: SND -> {3845 bandwidth gettetherstats}
11-09 15:11:26.274  3601  3834 D NetdConnector: RCV <- {200 3845 Tethering stats list completed}
11-09 15:11:26.280  3601  3701 I NetworkStatsRecorder: recordSnapshotLocked: ident[[{type=VPN, subType=COMBINED, metered=true}]]
11-09 15:11:26.280  3601  3701 I NetworkStatsRecorder: recordSnapshotLocked: ident[[{type=WIFI, subType=COMBINED, networkId="WIN", metered=false}]]
11-09 15:11:26.280  3601  3701 W NetworkStatsRecorder: unknown interfaces [lo], ignoring those stats
11-09 15:11:26.280  3601  3701 I NetworkStatsRecorder: recordSnapshotLocked: ident[[{type=VPN, subType=COMBINED, metered=true}]]
11-09 15:11:26.280  3601  3701 I NetworkStatsRecorder: recordSnapshotLocked: ident[[{type=WIFI, subType=COMBINED, networkId="WIN", metered=false}]]
11-09 15:11:26.280  3601  3701 W NetworkStatsRecorder: unknown interfaces [lo], ignoring those stats
11-09 15:11:26.280  3601  3701 D NetworkStatsRecorder: vpnArray:[Lcom.android.internal.net.VpnInfo;@15f4e9d
11-09 15:11:26.281  3601  3701 I NetworkStatsRecorder: recordSnapshotLocked: ident[[{type=VPN, subType=COMBINED, metered=true}]]
11-09 15:11:26.282  3601  3701 I NetworkStatsRecorder: recordSnapshotLocked: ident[[{type=WIFI, subType=COMBINED, networkId="WIN", metered=false}]]
11-09 15:11:26.282  3601  3701 I chatty  : uid=1000(system) DuraSpeedEventT identical 3 lines
11-09 15:11:26.282  3601  3701 I NetworkStatsRecorder: recordSnapshotLocked: ident[[{type=WIFI, subType=COMBINED, networkId="WIN", metered=false}]]
11-09 15:11:26.282  3601  3701 W NetworkStatsRecorder: unknown interfaces [lo], ignoring those stats
11-09 15:11:26.282  3601  3701 D NetworkStatsRecorder: vpnArray:[Lcom.android.internal.net.VpnInfo;@15f4e9d
11-09 15:11:26.284  3601  3701 W NetworkStatsRecorder: unknown interfaces [lo], ignoring those stats
11-09 15:11:26.287  3601  3701 D NetworkStatsRecorder: loadLocked() reading from disk for uid
11-09 15:11:26.274 23564 23564 I iyu.tcl.newsapp: type=1400 audit(0.0:11550): avc: denied { search } for name="clients" dev="debugfs" ino=6248 scontext=u:r:untrusted_app:s0:c512,c768 tcontext=u:object_r:debugfs_ion:s0 tclass=dir permissive=1
11-09 15:11:26.289 23564 23564 D skia    : SkJpegCodec::onGetPixels + (1600, 1600)
11-09 15:11:26.297  3601  4777 E TouchFilter: setTouchFilter LOG Enable prameter: 0
11-09 15:11:26.297  3601  4777 D EventHub: Event Hub Touch Filter log is disabled
11-09 15:11:26.297  3601  4777 D EventHub: Event Hub Touch Filter is enabled
11-09 15:11:26.308  3113  3130 D AAL     : 11-09 03:11:26.151 BL= 361,ESS= 256, 11-09 03:11:26.198 BL= 362,ESS= 256, 11-09 03:11:26.230 BL= 363,ESS= 256, 11-09 03:11:26.261 BL= 364,ESS= 256, 11-09 03:11:26.308 BL= 365,ESS= 256, 
11-09 15:11:26.317  3601  3701 D NetdConnector: SND -> {3846 bandwidth gettetherstats}
11-09 15:11:26.318  3601  3834 D NetdConnector: RCV <- {200 3846 Tethering stats list completed}
11-09 15:11:26.322  3601  3701 W NetworkStatsRecorder: unknown interfaces [lo], ignoring those stats
11-09 15:11:26.322  3601  3701 W NetworkStatsRecorder: unknown interfaces [lo], ignoring those stats
11-09 15:11:26.323  3601  3701 D NetworkStatsRecorder: vpnArray:[Lcom.android.internal.net.VpnInfo;@9f67f12
11-09 15:11:26.323  3601  3701 W NetworkStatsRecorder: unknown interfaces [lo], ignoring those stats
11-09 15:11:26.324  3601  3701 D NetworkStatsRecorder: vpnArray:[Lcom.android.internal.net.VpnInfo;@9f67f12
11-09 15:11:26.324  3601  3701 W NetworkStatsRecorder: unknown interfaces [lo], ignoring those stats
11-09 15:11:26.328  3601  3701 D DuraSpeed/DuraSpeedInternalManager: skip doSuppression
11-09 15:11:26.329  3601  3701 D DuraSpeed/DuraSpeedInternalManager: switchState end
11-09 15:11:26.329  3601  3701 D DuraSpeed/DuraSpeedInternalManager: [updateUserConfiguration] SDK version = 27, newConfig.enableDuraSpeed = true
11-09 15:11:26.329  3601  3701 D DuraSpeed/DuraSpeedInternalManager: [applyUserConfig] new UserPolicy
11-09 15:11:26.356 23564 23564 D skia    : SkJpegCodec::onGetPixels -
11-09 15:11:26.417 23564 23564 D skia_mt : canRunInCoworker = true
11-09 15:11:26.454 23564 23564 I SurfaceFactory: [static] sSurfaceFactory = com.mediatek.view.impl.SurfaceFactoryImpl@71b19b9
11-09 15:11:26.459   416  1409 I SurfaceFlinger: EventThread Client Pid (23564) created
11-09 15:11:26.459   416  1409 I SurfaceFlinger: EventThread Client Pid (23564) created
11-09 15:11:26.463 23564 23564 D WindowClient: Add to mViews: DecorView@36633ac[SplashActivity], this = android.view.WindowManagerGlobal@94a9875
11-09 15:11:26.466 23564 23564 D OpenGLRenderer: Dumper init 4 threads <0x979fe620>
11-09 15:11:26.466 23564 23564 D OpenGLRenderer: <com.liyu.tcl.newsapp> is running.
11-09 15:11:26.468   416  1409 I SurfaceFlinger: EventThread Client Pid (23564) created
11-09 15:11:26.468 23564 23624 D OpenGLRenderer: HWUI GL Pipeline
11-09 15:11:26.472 23564 23564 D ViewRootImpl[SplashActivity]: hardware acceleration = true , fakeHwAccelerated = false, sRendererDisabled = false, forceHwAccelerated = false, sSystemRendererDisabled = false
11-09 15:11:26.474   416  1409 I SurfaceFlinger: [SF client] NEW(0xaeefaa50) for (3601:system_server)
11-09 15:11:26.477 23564 23564 V PhoneWindow: DecorView setVisiblity: visibility = 0, Parent = ViewRoot{eb4c00a com.liyu.tcl.newsapp/com.liyu.tcl.newsapp.SplashActivity,ident = 0}, this = DecorView@36633ac[SplashActivity]
11-09 15:11:26.481  3113  3130 D AAL     : 11-09 03:11:26.339 BL= 366,ESS= 256, 11-09 03:11:26.371 BL= 367,ESS= 256, 11-09 03:11:26.418 BL= 368,ESS= 256, 11-09 03:11:26.449 BL= 369,ESS= 256, 11-09 03:11:26.480 BL= 370,ESS= 256, 
11-09 15:11:26.518  3601  4777 I WindowManager: Relayout Window{f397a5e u0 com.liyu.tcl.newsapp/com.liyu.tcl.newsapp.SplashActivity}: oldVis=4 newVis=0 focusMayChange = true
11-09 15:11:26.522  3601  4777 V WindowManager: Changing focus from null to Window{f397a5e u0 com.liyu.tcl.newsapp/com.liyu.tcl.newsapp.SplashActivity} Callers=com.android.server.wm.WindowManagerService.relayoutWindow:2200 com.android.server.wm.Session.relayout:239 android.view.IWindowSession$Stub.onTransact:286 com.android.server.wm.Session.onTransact:163 
11-09 15:11:26.522  3601  4777 D WindowManager: Input focus has changed to Window{f397a5e u0 com.liyu.tcl.newsapp/com.liyu.tcl.newsapp.SplashActivity}
11-09 15:11:26.522   411   444 I powerd  : [TIMER] POWER_MSG_MTK_HINT_WALT ENABLE EXPIRE
11-09 15:11:26.526  3601  3697 I WindowManager: Focus moving from null to Window{f397a5e u0 com.liyu.tcl.newsapp/com.liyu.tcl.newsapp.SplashActivity}
11-09 15:11:26.538   416   416 I DisplayDevice: [Built-in Screen (type:0)] fps:18.835070,dur:1380.40,max:861.23,min:14.08
11-09 15:11:26.541 23564 23624 I com.liyu.tcl.newsapp: android::hardware::configstore::V1_0::ISurfaceFlingerConfigs::hasWideColorDisplay retrieved: 0
11-09 15:11:26.541 23564 23624 I OpenGLRenderer: Initialized EGL, version 1.4
11-09 15:11:26.542 23564 23624 D OpenGLRenderer: Swap behavior 2
11-09 15:11:26.563 23564 23624 D OpenGLRenderer: [init] completed
11-09 15:11:26.563 23564 23624 D HWUIExtension: MTKProgramCache.init: enable enhancement 1
11-09 15:11:26.564 23564 23624 I HWUIExtension: Get disable program binary service property (0)
11-09 15:11:26.564 23564 23624 I HWUIExtension: Initializing program atlas...
11-09 15:11:26.566 23564 23624 I ProgramBinary/Service: ProgramBinaryService client side disable debugging.
11-09 15:11:26.566 23564 23624 I ProgramBinary/Service: ProgramBinaryService client side disable binary content debugging.
11-09 15:11:26.566 23564 23624 D ProgramBinary/Service: BpProgramBinaryService.getReady
11-09 15:11:26.567 23564 23624 D ProgramBinary/Service: BpProgramBinaryService.getProgramBinaryData
11-09 15:11:26.567 23564 23624 I HWUIExtension: Program binary detail: Binary length is 314156, program map length is 104.
11-09 15:11:26.568 23564 23624 I HWUIExtension: Succeeded to mmap program binaries. File descriptor is 79, and path is /dev/ashmem.
11-09 15:11:26.568 23564 23624 I HWUIExtension: No need to use file discriptor anymore, close fd(79).
11-09 15:11:26.568 23564 23624 D HWUIExtension: Dumper init 4 threads <0x85e37e60>
11-09 15:11:26.568 23564 23624 D HWUIExtension: <com.liyu.tcl.newsapp> is running.
11-09 15:11:26.569 23564 23624 D HWUIExtension: Initializing program cache from 0x0, size = -1
11-09 15:11:26.596 14144 14144 I GoogleInputMethod: onFinishInput() : Dummy InputConnection bound
11-09 15:11:26.597 14144 14144 I GoogleInputMethod: onStartInput() : Dummy InputConnection bound
11-09 15:11:26.605 23564 23564 I SplashActivity: Animation start...
11-09 15:11:26.621 23564 23624 D HWUIExtension: MTKProgramCache.generateProgram: 0
11-09 15:11:26.623 23564 23624 D HWUIExtension: createProgram 0x0000000000000000, binary 0x9545d000, length 10736, format 37168 within 1065ns
11-09 15:11:26.629 23564 23624 D HWUIExtension: MTKProgramCache.generateProgram: 240518168576
11-09 15:11:26.630 23564 23624 D HWUIExtension: createProgram 0x0000003800000000, binary 0x95462661, length 11450, format 37168 within 702ns
11-09 15:11:26.633 23564 23624 D HWUIExtension: MTKProgramCache.generateProgram: 562984313159683
11-09 15:11:26.634 23564 23624 D HWUIExtension: createProgram 0x0002000800000003, binary 0x9547058b, length 11447, format 37168 within 594ns
11-09 15:11:26.644  3601  3794 D View    : [Warning] assignParent to null: this = DecorView@fd46343[newsapp]
11-09 15:11:26.646  3601  3697 I ActivityManager: Displayed com.liyu.tcl.newsapp/.SplashActivity: +2s123ms
11-09 15:11:26.649  3601  3794 D WindowClient: Remove from mViews: DecorView@fd46343[newsapp], this = android.view.WindowManagerGlobal@5a47483
11-09 15:11:26.669  3113  3130 D AAL     : 11-09 03:11:26.528 BL= 371,ESS= 256, 11-09 03:11:26.559 BL= 372,ESS= 256, 11-09 03:11:26.590 BL= 373,ESS= 256, 11-09 03:11:26.654 BL= 374,ESS= 256, 11-09 03:11:26.669 BL= 375,ESS= 256, 
11-09 15:11:26.678   416   416 W Layer   : [Splash Screen com.liyu.tcl.newsapp#0] opaque layer with plane alpha:0.79 cannot be handled by hwcomposer
11-09 15:11:26.694   416   416 W Layer   : [Splash Screen com.liyu.tcl.newsapp#0] opaque layer with plane alpha:0.59 cannot be handled by hwcomposer
11-09 15:11:26.709   416   416 W Layer   : [Splash Screen com.liyu.tcl.newsapp#0] opaque layer with plane alpha:0.37 cannot be handled by hwcomposer
11-09 15:11:26.725   416   416 W Layer   : [Splash Screen com.liyu.tcl.newsapp#0] opaque layer with plane alpha:0.16 cannot be handled by hwcomposer
11-09 15:11:26.745 23564 23624 D HWUIExtension: MTKProgramCache.generateProgram: 1
11-09 15:11:26.747 23564 23624 D HWUIExtension: createProgram 0x0000000000000001, binary 0x95498776, length 11505, format 37168 within 1365ns
11-09 15:11:26.757 23564 23624 D HWUIExtension: MTKProgramCache.generateProgram: 562984313159681
11-09 15:11:26.759 23564 23624 D HWUIExtension: createProgram 0x0002000800000001, binary 0x95476600, length 11727, format 37168 within 1429ns
11-09 15:11:26.857  3113  3130 D AAL     : 11-09 03:11:26.700 BL= 376,ESS= 256, 11-09 03:11:26.748 BL= 377,ESS= 256, 11-09 03:11:26.779 BL= 378,ESS= 256, 11-09 03:11:26.810 BL= 379,ESS= 256, 11-09 03:11:26.857 BL= 380,ESS= 256, 
11-09 15:11:27.030  3113  3130 D AAL     : 11-09 03:11:26.888 BL= 381,ESS= 256, 11-09 03:11:26.920 BL= 382,ESS= 256, 11-09 03:11:26.967 BL= 383,ESS= 256, 11-09 03:11:26.998 BL= 384,ESS= 256, 11-09 03:11:27.030 BL= 385,ESS= 256, 
11-09 15:11:27.125 17331 18070 I Icing   : Indexing com.google.android.gms-apps from com.google.android.gms
11-09 15:11:27.218  3113  3130 D AAL     : 11-09 03:11:27.077 BL= 386,ESS= 256, 11-09 03:11:27.108 BL= 387,ESS= 256, 11-09 03:11:27.139 BL= 388,ESS= 256, 11-09 03:11:27.187 BL= 389,ESS= 256, 11-09 03:11:27.218 BL= 390,ESS= 256, 
11-09 15:11:27.326 17331 18070 I Icing   : Indexing done com.google.android.gms-apps
11-09 15:11:27.327 17331 18070 I Icing   : Indexing com.google.android.gms-internal.3p:MobileApplication from com.google.android.gms
11-09 15:11:27.343 17331 18070 I Icing   : Indexing com.google.android.gms-internal.3p:MusicGroup from com.google.android.gms
11-09 15:11:27.356 17331 18070 I Icing   : Indexing com.google.android.gms-internal.3p:DigitalDocument from com.google.android.gms
11-09 15:11:27.368 17331 18070 I Icing   : Indexing com.google.android.gms-internal.3p:Photograph from com.google.android.gms
11-09 15:11:27.375  3113  3130 D AAL     : 11-09 03:11:27.234 BL= 389,ESS= 256, 11-09 03:11:27.266 BL= 388,ESS= 256, 11-09 03:11:27.312 BL= 387,ESS= 256, 11-09 03:11:27.343 BL= 386,ESS= 256, 11-09 03:11:27.375 BL= 385,ESS= 256, 
11-09 15:11:27.381 17331 18070 I Icing   : Indexing com.google.android.gms-internal.3p:MusicRecording from com.google.android.gms
11-09 15:11:27.398 17331 18070 I Icing   : Indexing done com.google.android.gms-internal.3p:MobileApplication
11-09 15:11:27.405 17331 18070 I Icing   : Indexing done com.google.android.gms-internal.3p:MusicGroup
11-09 15:11:27.411 17331 18070 I Icing   : Indexing done com.google.android.gms-internal.3p:DigitalDocument
11-09 15:11:27.417 17331 18070 I Icing   : Indexing done com.google.android.gms-internal.3p:Photograph
11-09 15:11:27.423 17331 18070 I Icing   : Indexing done com.google.android.gms-internal.3p:MusicRecording
11-09 15:11:27.428 14144 14144 I IcingNotification: Received intent: Intent { act=com.google.android.gms.icing.IME_NOTIFICATION flg=0x10 pkg=com.google.android.inputmethod.latin (has extras) }
11-09 15:11:27.457 14144 14144 I chatty  : uid=10119(com.google.android.inputmethod.latin) identical 4 lines
11-09 15:11:27.461 14144 14144 I IcingNotification: Received intent: Intent { act=com.google.android.gms.icing.IME_NOTIFICATION flg=0x10 pkg=com.google.android.inputmethod.latin (has extras) }
11-09 15:11:27.542   416   416 I DisplayDevice: [Built-in Screen (type:0)] fps:58.744678,dur:1004.35,max:102.73,min:9.98
11-09 15:11:27.563  3113  3130 D AAL     : 11-09 03:11:27.422 BL= 384,ESS= 256, 11-09 03:11:27.454 BL= 383,ESS= 256, 11-09 03:11:27.485 BL= 382,ESS= 256, 11-09 03:11:27.532 BL= 381,ESS= 256, 11-09 03:11:27.563 BL= 380,ESS= 256, 
11-09 15:11:27.678 23548 23601 W ResourcesManager: key.mResDir: /data/app/com.liyu.tcl.newsapp-iKiu9lbXTS9EYfQxCQIBCA==/base.apk, ignore idmapPath: /system/overlay/framework-res-overlay.apk
11-09 15:11:27.686 23548 23601 D APKinfo : NewsApp==false--NewsApp==com.liyu.tcl.newsapp==null==
